Archive member included to satisfy reference by file (symbol)

C:/ST/STM32CubeIDE_1.10.1/STM32CubeIDE/plugins/com.st.stm32cube.ide.mcu.externaltools.gnu-tools-for-stm32.13.3.rel1.win32_1.0.0.202411081344/tools/bin/../lib/gcc/arm-none-eabi/13.3.1/../../../../arm-none-eabi/lib/thumb/v7e-m+fp/hard\libc_nano.a(libc_a-exit.o)
                              C:/ST/STM32CubeIDE_1.10.1/STM32CubeIDE/plugins/com.st.stm32cube.ide.mcu.externaltools.gnu-tools-for-stm32.13.3.rel1.win32_1.0.0.202411081344/tools/bin/../lib/gcc/arm-none-eabi/13.3.1/../../../../arm-none-eabi/lib/thumb/v7e-m+fp/hard/crt0.o (exit)
C:/ST/STM32CubeIDE_1.10.1/STM32CubeIDE/plugins/com.st.stm32cube.ide.mcu.externaltools.gnu-tools-for-stm32.13.3.rel1.win32_1.0.0.202411081344/tools/bin/../lib/gcc/arm-none-eabi/13.3.1/../../../../arm-none-eabi/lib/thumb/v7e-m+fp/hard\libc_nano.a(libc_a-findfp.o)
                              C:/ST/STM32CubeIDE_1.10.1/STM32CubeIDE/plugins/com.st.stm32cube.ide.mcu.externaltools.gnu-tools-for-stm32.13.3.rel1.win32_1.0.0.202411081344/tools/bin/../lib/gcc/arm-none-eabi/13.3.1/../../../../arm-none-eabi/lib/thumb/v7e-m+fp/hard\libc_nano.a(libc_a-exit.o) (__stdio_exit_handler)
C:/ST/STM32CubeIDE_1.10.1/STM32CubeIDE/plugins/com.st.stm32cube.ide.mcu.externaltools.gnu-tools-for-stm32.13.3.rel1.win32_1.0.0.202411081344/tools/bin/../lib/gcc/arm-none-eabi/13.3.1/../../../../arm-none-eabi/lib/thumb/v7e-m+fp/hard\libc_nano.a(libc_a-fwalk.o)
                              C:/ST/STM32CubeIDE_1.10.1/STM32CubeIDE/plugins/com.st.stm32cube.ide.mcu.externaltools.gnu-tools-for-stm32.13.3.rel1.win32_1.0.0.202411081344/tools/bin/../lib/gcc/arm-none-eabi/13.3.1/../../../../arm-none-eabi/lib/thumb/v7e-m+fp/hard\libc_nano.a(libc_a-findfp.o) (_fwalk_sglue)
C:/ST/STM32CubeIDE_1.10.1/STM32CubeIDE/plugins/com.st.stm32cube.ide.mcu.externaltools.gnu-tools-for-stm32.13.3.rel1.win32_1.0.0.202411081344/tools/bin/../lib/gcc/arm-none-eabi/13.3.1/../../../../arm-none-eabi/lib/thumb/v7e-m+fp/hard\libc_nano.a(libc_a-printf.o)
                              ./Core/Src/Mx106v2.o (printf)
C:/ST/STM32CubeIDE_1.10.1/STM32CubeIDE/plugins/com.st.stm32cube.ide.mcu.externaltools.gnu-tools-for-stm32.13.3.rel1.win32_1.0.0.202411081344/tools/bin/../lib/gcc/arm-none-eabi/13.3.1/../../../../arm-none-eabi/lib/thumb/v7e-m+fp/hard\libc_nano.a(libc_a-puts.o)
                              ./Core/Src/Mx106v2.o (puts)
C:/ST/STM32CubeIDE_1.10.1/STM32CubeIDE/plugins/com.st.stm32cube.ide.mcu.externaltools.gnu-tools-for-stm32.13.3.rel1.win32_1.0.0.202411081344/tools/bin/../lib/gcc/arm-none-eabi/13.3.1/../../../../arm-none-eabi/lib/thumb/v7e-m+fp/hard\libc_nano.a(libc_a-stdio.o)
                              C:/ST/STM32CubeIDE_1.10.1/STM32CubeIDE/plugins/com.st.stm32cube.ide.mcu.externaltools.gnu-tools-for-stm32.13.3.rel1.win32_1.0.0.202411081344/tools/bin/../lib/gcc/arm-none-eabi/13.3.1/../../../../arm-none-eabi/lib/thumb/v7e-m+fp/hard\libc_nano.a(libc_a-findfp.o) (__sread)
C:/ST/STM32CubeIDE_1.10.1/STM32CubeIDE/plugins/com.st.stm32cube.ide.mcu.externaltools.gnu-tools-for-stm32.13.3.rel1.win32_1.0.0.202411081344/tools/bin/../lib/gcc/arm-none-eabi/13.3.1/../../../../arm-none-eabi/lib/thumb/v7e-m+fp/hard\libc_nano.a(libc_a-wbuf.o)
                              C:/ST/STM32CubeIDE_1.10.1/STM32CubeIDE/plugins/com.st.stm32cube.ide.mcu.externaltools.gnu-tools-for-stm32.13.3.rel1.win32_1.0.0.202411081344/tools/bin/../lib/gcc/arm-none-eabi/13.3.1/../../../../arm-none-eabi/lib/thumb/v7e-m+fp/hard\libc_nano.a(libc_a-puts.o) (__swbuf_r)
C:/ST/STM32CubeIDE_1.10.1/STM32CubeIDE/plugins/com.st.stm32cube.ide.mcu.externaltools.gnu-tools-for-stm32.13.3.rel1.win32_1.0.0.202411081344/tools/bin/../lib/gcc/arm-none-eabi/13.3.1/../../../../arm-none-eabi/lib/thumb/v7e-m+fp/hard\libc_nano.a(libc_a-wsetup.o)
                              C:/ST/STM32CubeIDE_1.10.1/STM32CubeIDE/plugins/com.st.stm32cube.ide.mcu.externaltools.gnu-tools-for-stm32.13.3.rel1.win32_1.0.0.202411081344/tools/bin/../lib/gcc/arm-none-eabi/13.3.1/../../../../arm-none-eabi/lib/thumb/v7e-m+fp/hard\libc_nano.a(libc_a-puts.o) (__swsetup_r)
C:/ST/STM32CubeIDE_1.10.1/STM32CubeIDE/plugins/com.st.stm32cube.ide.mcu.externaltools.gnu-tools-for-stm32.13.3.rel1.win32_1.0.0.202411081344/tools/bin/../lib/gcc/arm-none-eabi/13.3.1/../../../../arm-none-eabi/lib/thumb/v7e-m+fp/hard\libc_nano.a(libc_a-memset.o)
                              C:/ST/STM32CubeIDE_1.10.1/STM32CubeIDE/plugins/com.st.stm32cube.ide.mcu.externaltools.gnu-tools-for-stm32.13.3.rel1.win32_1.0.0.202411081344/tools/bin/../lib/gcc/arm-none-eabi/13.3.1/../../../../arm-none-eabi/lib/thumb/v7e-m+fp/hard/crt0.o (memset)
C:/ST/STM32CubeIDE_1.10.1/STM32CubeIDE/plugins/com.st.stm32cube.ide.mcu.externaltools.gnu-tools-for-stm32.13.3.rel1.win32_1.0.0.202411081344/tools/bin/../lib/gcc/arm-none-eabi/13.3.1/../../../../arm-none-eabi/lib/thumb/v7e-m+fp/hard\libc_nano.a(libc_a-closer.o)
[...]
Memory Configuration

Name             Origin             Length             Attributes
RAM              0x20000000         0x00020000         xrw
FLASH            0x08000000         0x00080000         xr
*default*        0x00000000         0xffffffff

Linker script and memory map

LOAD C:/ST/STM32CubeIDE_1.10.1/STM32CubeIDE/plugins/com.st.stm32cube.ide.mcu.externaltools.gnu-tools-for-stm32.13.3.rel1.win32_1.0.0.202411081344/tools/bin/../lib/gcc/arm-none-eabi/13.3.1/thumb/v7e-m+fp/hard/crti.o
LOAD C:/ST/STM32CubeIDE_1.10.1/STM32CubeIDE/plugins/com.st.stm32cube.ide.mcu.externaltools.gnu-tools-for-stm32.13.3.rel1.win32_1.0.0.202411081344/tools/bin/../lib/gcc/arm-none-eabi/13.3.1/thumb/v7e-m+fp/hard/crtbegin.o
LOAD C:/ST/STM32CubeIDE_1.10.1/STM32CubeIDE/plugins/com.st.stm32cube.ide.mcu.externaltools.gnu-tools-for-stm32.13.3.rel1.win32_1.0.0.202411081344/tools/bin/../lib/gcc/arm-none-eabi/13.3.1/../../../../arm-none-eabi/lib/thumb/v7e-m+fp/hard/crt0.o
LOAD ./Core/Src/Mx106v2.o
LOAD ./Core/Src/Mx106v2_CRC.o
LOAD ./Core/Src/dma.o
LOAD ./Core/Src/gpio.o
LOAD ./Core/Src/main.o
LOAD ./Core/Src/mainpp.o
LOAD ./Core/Src/motor_control.o
LOAD ./Core/Src/stm32f4xx_it.o
LOAD ./Core/Src/syscalls.o
LOAD ./Core/Src/sysmem.o
LOAD ./Core/Src/system_stm32f4xx.o
LOAD ./Core/Src/tim.o
LOAD ./Core/Src/usart.o
LOAD ./Core/Startup/startup_stm32f446retx.o
LOAD ./Drivers/STM32F4xx_HAL_Driver/Src/stm32f4xx_ll_dma.o
LOAD ./Drivers/STM32F4xx_HAL_Driver/Src/stm32f4xx_ll_exti.o
LOAD ./Drivers/STM32F4xx_HAL_Driver/Src/stm32f4xx_ll_gpio.o
LOAD ./Drivers/STM32F4xx_HAL_Driver/Src/stm32f4xx_ll_rcc.o
LOAD ./Drivers/STM32F4xx_HAL_Driver/Src/stm32f4xx_ll_tim.o
LOAD ./Drivers/STM32F4xx_HAL_Driver/Src/stm32f4xx_ll_usart.o
LOAD ./Drivers/STM32F4xx_HAL_Driver/Src/stm32f4xx_ll_utils.o
START GROUP
LOAD C:/ST/STM32CubeIDE_1.10.1/STM32CubeIDE/plugins/com.st.stm32cube.ide.mcu.externaltools.gnu-tools-for-stm32.13.3.rel1.win32_1.0.0.202411081344/tools/bin/../lib/gcc/arm-none-eabi/13.3.1/../../../../arm-none-eabi/lib/thumb/v7e-m+fp/hard\libstdc++_nano.a
LOAD C:/ST/STM32CubeIDE_1.10.1/STM32CubeIDE/plugins/com.st.stm32cube.ide.mcu.externaltools.gnu-tools-for-stm32.13.3.rel1.win32_1.0.0.202411081344/tools/bin/../lib/gcc/arm-none-eabi/13.3.1/../../../../arm-none-eabi/lib/thumb/v7e-m+fp/hard\libsupc++_nano.a
END GROUP
LOAD C:/ST/STM32CubeIDE_1.10.1/STM32CubeIDE/plugins/com.st.stm32cube.ide.mcu.externaltools.gnu-tools-for-stm32.13.3.rel1.win32_1.0.0.202411081344/tools/bin/../lib/gcc/arm-none-eabi/13.3.1/../../../../arm-none-eabi/lib/thumb/v7e-m+fp/hard\libstdc++_nano.a
LOAD C:/ST/STM32CubeIDE_1.10.1/STM32CubeIDE/plugins/com.st.stm32cube.ide.mcu.externaltools.gnu-tools-for-stm32.13.3.rel1.win32_1.0.0.202411081344/tools/bin/../lib/gcc/arm-none-eabi/13.3.1/../../../../arm-none-eabi/lib/thumb/v7e-m+fp/hard\libm.a
LOAD C:/ST/STM32CubeIDE_1.10.1/STM32CubeIDE/plugins/com.st.stm32cube.ide.mcu.externaltools.gnu-tools-for-stm32.13.3.rel1.win32_1.0.0.202411081344/tools/bin/../lib/gcc/arm-none-eabi/13.3.1/../../../../arm-none-eabi/lib/thumb/v7e-m+fp/hard\libc_nano.a
START GROUP
LOAD C:/ST/STM32CubeIDE_1.10.1/STM32CubeIDE/plugins/com.st.stm32cube.ide.mcu.externaltools.gnu-tools-for-stm32.13.3.rel1.win32_1.0.0.202411081344/tools/bin/../lib/gcc/arm-none-eabi/13.3.1/thumb/v7e-m+fp/hard\libgcc.a
LOAD C:/ST/STM32CubeIDE_1.10.1/STM32CubeIDE/plugins/com.st.stm32cube.ide.mcu.externaltools.gnu-tools-for-stm32.13.3.rel1.win32_1.0.0.202411081344/tools/bin/../lib/gcc/arm-none-eabi/13.3.1/../../../../arm-none-eabi/lib/thumb/v7e-m+fp/hard\libc_nano.a
END GROUP
START GROUP
LOAD C:/ST/STM32CubeIDE_1.10.1/STM32CubeIDE/plugins/com.st.stm32cube.ide.mcu.externaltools.gnu-tools-for-stm32.13.3.rel1.win32_1.0.0.202411081344/tools/bin/../lib/gcc/arm-none-eabi/13.3.1/thumb/v7e-m+fp/hard\libgcc.a
LOAD C:/ST/STM32CubeIDE_1.10.1/STM32CubeIDE/plugins/com.st.stm32cube.ide.mcu.externaltools.gnu-tools-for-stm32.13.3.rel1.win32_1.0.0.202411081344/tools/bin/../lib/gcc/arm-none-eabi/13.3.1/../../../../arm-none-eabi/lib/thumb/v7e-m+fp/hard\libc_nano.a
LOAD C:/ST/STM32CubeIDE_1.10.1/STM32CubeIDE/plugins/com.st.stm32cube.ide.mcu.externaltools.gnu-tools-for-stm32.13.3.rel1.win32_1.0.0.202411081344/tools/bin/../lib/gcc/arm-none-eabi/13.3.1/../../../../arm-none-eabi/lib/thumb/v7e-m+fp/hard\libnosys.a
END GROUP
START GROUP
LOAD C:/ST/STM32CubeIDE_1.10.1/STM32CubeIDE/plugins/com.st.stm32cube.ide.mcu.externaltools.gnu-tools-for-stm32.13.3.rel1.win32_1.0.0.202411081344/tools/bin/../lib/gcc/arm-none-eabi/13.3.1/thumb/v7e-m+fp/hard\libgcc.a
LOAD C:/ST/STM32CubeIDE_1.10.1/STM32CubeIDE/plugins/com.st.stm32cube.ide.mcu.externaltools.gnu-tools-for-stm32.13.3.rel1.win32_1.0.0.202411081344/tools/bin/../lib/gcc/arm-none-eabi/13.3.1/../../../../arm-none-eabi/lib/thumb/v7e-m+fp/hard\libc_nano.a
LOAD C:/ST/STM32CubeIDE_1.10.1/STM32CubeIDE/plugins/com.st.stm32cube.ide.mcu.externaltools.gnu-tools-for-stm32.13.3.rel1.win32_1.0.0.202411081344/tools/bin/../lib/gcc/arm-none-eabi/13.3.1/../../../../arm-none-eabi/lib/thumb/v7e-m+fp/hard\libnosys.a
END GROUP
LOAD C:/ST/STM32CubeIDE_1.10.1/STM32CubeIDE/plugins/com.st.stm32cube.ide.mcu.externaltools.gnu-tools-for-stm32.13.3.rel1.win32_1.0.0.202411081344/tools/bin/../lib/gcc/arm-none-eabi/13.3.1/thumb/v7e-m+fp/hard/crtend.o
LOAD C:/ST/STM32CubeIDE_1.10.1/STM32CubeIDE/plugins/com.st.stm32cube.ide.mcu.externaltools.gnu-tools-for-stm32.13.3.rel1.win32_1.0.0.202411081344/tools/bin/../lib/gcc/arm-none-eabi/13.3.1/thumb/v7e-m+fp/hard/crtn.o
                0x20020000                        _estack = (ORIGIN (RAM) + LENGTH (RAM))
                0x00000200                        _Min_Heap_Size = 0x200
                0x00000400                        _Min_Stack_Size = 0x400

.isr_vector     0x08000000      0x1c4
                0x08000000                        . = ALIGN (0x4)
 *(.isr_vector)
 .isr_vector    0x08000000      0x1c4 ./Core/Startup/startup_stm32f446retx.o
                0x08000000                g_pfnVectors
                0x080001c4                        . = ALIGN (0x4)

.text           0x080001d0     0x5aa4
                0x080001d0                        . = ALIGN (0x4)
 *(.text)
 .text          0x080001d0       0x40 C:/ST/STM32CubeIDE_1.10.1/STM32CubeIDE/plugins/com.st.stm32cube.ide.mcu.externaltools.gnu-tools-for-stm32.13.3.rel1.win32_1.0.0.202411081344/tools/bin/../lib/gcc/arm-none-eabi/13.3.1/thumb/v7e-m+fp/hard/crtbegin.o
 .text          0x08000210       0xa0 C:/ST/STM32CubeIDE_1.10.1/STM32CubeIDE/plugins/com.st.stm32cube.ide.mcu.externaltools.gnu-tools-for-stm32.13.3.rel1.win32_1.0.0.202411081344/tools/bin/../lib/gcc/arm-none-eabi/13.3.1/../../../../arm-none-eabi/lib/thumb/v7e-m+fp/hard\libc_nano.a(libc_a-memchr.o)
                0x08000210                memchr
 .text          0x080002b0      0x378 C:/ST/STM32CubeIDE_1.10.1/STM32CubeIDE/plugins/com.st.stm32cube.ide.mcu.externaltools.gnu-tools-for-stm32.13.3.rel1.win32_1.0.0.202411081344/tools/bin/../lib/gcc/arm-none-eabi/13.3.1/thumb/v7e-m+fp/hard\libgcc.a(_arm_addsubdf3.o)
                0x080002b0                __aeabi_drsub
                0x080002b8                __aeabi_dsub
                0x080002b8                __subdf3
                0x080002bc                __aeabi_dadd
                0x080002bc                __adddf3
                0x08000534                __floatunsidf
                0x08000534                __aeabi_ui2d
                0x08000554                __floatsidf
                0x08000554                __aeabi_i2d
                0x08000578                __aeabi_f2d
                0x08000578                __extendsfdf2
                0x080005bc                __floatundidf
                0x080005bc                __aeabi_ul2d
                0x080005cc                __floatdidf
                0x080005cc                __aeabi_l2d
 .text          0x08000628      0x424 C:/ST/STM32CubeIDE_1.10.1/STM32CubeIDE/plugins/com.st.stm32cube.ide.mcu.externaltools.gnu-tools-for-stm32.13.3.rel1.win32_1.0.0.202411081344/tools/bin/../lib/gcc/arm-none-eabi/13.3.1/thumb/v7e-m+fp/hard\libgcc.a(_arm_muldivdf3.o)
                0x08000628                __aeabi_dmul
                0x08000628                __muldf3
                0x0800087c                __divdf3
                0x0800087c                __aeabi_ddiv
 .text          0x08000a4c       0x50 C:/ST/STM32CubeIDE_1.10.1/STM32CubeIDE/plugins/com.st.stm32cube.ide.mcu.externaltools.gnu-tools-for-stm32.13.3.rel1.win32_1.0.0.202411081344/tools/bin/../lib/gcc/arm-none-eabi/13.3.1/thumb/v7e-m+fp/hard\libgcc.a(_arm_fixdfsi.o)
                0x08000a4c                __aeabi_d2iz
                0x08000a4c                __fixdfsi
 .text          0x08000a9c       0x30 C:/ST/STM32CubeIDE_1.10.1/STM32CubeIDE/plugins/com.st.stm32cube.ide.mcu.externaltools.gnu-tools-for-stm32.13.3.rel1.win32_1.0.0.202411081344/tools/bin/../lib/gcc/arm-none-eabi/13.3.1/thumb/v7e-m+fp/hard\libgcc.a(_aeabi_uldivmod.o)
                0x08000a9c                __aeabi_uldivmod
 .text          0x08000acc      0x2f8 C:/ST/STM32CubeIDE_1.10.1/STM32CubeIDE/plugins/com.st.stm32cube.ide.mcu.externaltools.gnu-tools-for-stm32.13.3.rel1.win32_1.0.0.202411081344/tools/bin/../lib/gcc/arm-none-eabi/13.3.1/thumb/v7e-m+fp/hard\libgcc.a(_udivmoddi4.o)
                0x08000acc                __udivmoddi4
 .text          0x08000dc4        0x4 C:/ST/STM32CubeIDE_1.10.1/STM32CubeIDE/plugins/com.st.stm32cube.ide.mcu.externaltools.gnu-tools-for-stm32.13.3.rel1.win32_1.0.0.202411081344/tools/bin/../lib/gcc/arm-none-eabi/13.3.1/thumb/v7e-m+fp/hard\libgcc.a(_dvmd_tls.o)
                0x08000dc4                __aeabi_idiv0
                0x08000dc4                __aeabi_ldiv0
 *(.text*)
 .text.LL_DMA_EnableStream
                0x08000dc8       0x40 ./Core/Src/Mx106v2.o
 .text.LL_DMA_DisableStream
                0x08000e08       0x40 ./Core/Src/Mx106v2.o
 .text.LL_DMA_SetDataLength
                0x08000e48       0x48 ./Core/Src/Mx106v2.o
 .text.LL_DMA_SetMemoryAddress
                0x08000e90       0x30 ./Core/Src/Mx106v2.o
 .text.LL_DMA_SetPeriphAddress
                0x08000ec0       0x30 ./Core/Src/Mx106v2.o
 .text.LL_DMA_ClearFlag_TC1
                0x08000ef0       0x1c ./Core/Src/Mx106v2.o
 .text.LL_DMA_ClearFlag_TC2
                0x08000f0c       0x1c ./Core/Src/Mx106v2.o
 .text.LL_DMA_ClearFlag_TC4
                0x08000f28       0x1a ./Core/Src/Mx106v2.o
 .text.LL_DMA_ClearFlag_TC6
                0x08000f42       0x1c ./Core/Src/Mx106v2.o
 *fill*         0x08000f5e        0x2 
 .text.LL_DMA_EnableIT_TC
                0x08000f60       0x40 ./Core/Src/Mx106v2.o
 .text.LL_USART_IsActiveFlag_RXNE
                0x08000fa0       0x26 ./Core/Src/Mx106v2.o
 .text.LL_USART_ClearFlag_TC
                0x08000fc6       0x1c ./Core/Src/Mx106v2.o
 .text.LL_USART_EnableIT_TC
                0x08000fe2       0x46 ./Core/Src/Mx106v2.o
 .text.LL_USART_EnableDMAReq_RX
                0x08001028       0x46 ./Core/Src/Mx106v2.o
 .text.LL_USART_EnableDMAReq_TX
                0x0800106e       0x46 ./Core/Src/Mx106v2.o
 .text.LL_USART_DMA_GetRegAddr
                0x080010b4       0x18 ./Core/Src/Mx106v2.o
 .text.LL_USART_ReceiveData8
                0x080010cc       0x1a ./Core/Src/Mx106v2.o
 .text.LL_GPIO_SetOutputPin
                0x080010e6       0x1c ./Core/Src/Mx106v2.o
 *fill*         0x08001102        0x2 
 .text.UART4_DMA_Config
                0x08001104       0xac ./Core/Src/Mx106v2.o
                0x08001104                UART4_DMA_Config
 .text.USART6_DMA_Config
                0x080011b0       0xac ./Core/Src/Mx106v2.o
                0x080011b0                USART6_DMA_Config
 .text.transmitInstructionPacket4
                0x0800125c       0xd0 ./Core/Src/Mx106v2.o
                0x0800125c                transmitInstructionPacket4
 .text.transmitInstructionPacket6
                0x0800132c       0xd0 ./Core/Src/Mx106v2.o
                0x0800132c                transmitInstructionPacket6
 .text.readStatusPacket6
                0x080013fc       0x64 ./Core/Src/Mx106v2.o
                0x080013fc                readStatusPacket6
 .text.readStatusPacket_pos_DMA
                0x08001460       0x4c ./Core/Src/Mx106v2.o
                0x08001460                readStatusPacket_pos_DMA
 .text.Reboot   0x080014ac       0x84 ./Core/Src/Mx106v2.o
                0x080014ac                Reboot
 .text.OperatingMode
                0x08001530       0xf0 ./Core/Src/Mx106v2.o
                0x08001530                OperatingMode
 .text.TorqueEnable
                0x08001620       0xd4 ./Core/Src/Mx106v2.o
                0x08001620                TorqueEnable
 .text.PositionWithVelocity
                0x080016f4      0x118 ./Core/Src/Mx106v2.o
                0x080016f4                PositionWithVelocity
 .text.SyncWrite_DisableDynamixels
                0x0800180c       0xe0 ./Core/Src/Mx106v2.o
                0x0800180c                SyncWrite_DisableDynamixels
 .text.SyncWrite_EnableDynamixels
                0x080018ec       0xe0 ./Core/Src/Mx106v2.o
                0x080018ec                SyncWrite_EnableDynamixels
 .text.SyncWrite_StatusReturnLevel
                0x080019cc       0xf0 ./Core/Src/Mx106v2.o
                0x080019cc                SyncWrite_StatusReturnLevel
 .text.SyncLED_Disable
                0x08001abc       0xe0 ./Core/Src/Mx106v2.o
                0x08001abc                SyncLED_Disable
 .text.SyncLED_Enable
                0x08001b9c       0xe0 ./Core/Src/Mx106v2.o
                0x08001b9c                SyncLED_Enable
 .text.update_crc
                0x08001c7c       0x64 ./Core/Src/Mx106v2_CRC.o
                0x08001c7c                update_crc
 .text.__NVIC_GetPriorityGrouping
                0x08001ce0       0x1c ./Core/Src/dma.o
 .text.__NVIC_EnableIRQ
                0x08001cfc       0x3c ./Core/Src/dma.o
 .text.__NVIC_SetPriority
                0x08001d38       0x54 ./Core/Src/dma.o
 .text.NVIC_EncodePriority
                0x08001d8c       0x66 ./Core/Src/dma.o
 *fill*         0x08001df2        0x2 
 .text.LL_AHB1_GRP1_EnableClock
                0x08001df4       0x30 ./Core/Src/dma.o
 .text.MX_DMA_Init
                0x08001e24       0xd8 ./Core/Src/dma.o
                0x08001e24                MX_DMA_Init
 .text.LL_AHB1_GRP1_EnableClock
                0x08001efc       0x30 ./Core/Src/gpio.o
 .text.LL_GPIO_ResetOutputPin
                0x08001f2c       0x1e ./Core/Src/gpio.o
 *fill*         0x08001f4a        0x2 
 .text.MX_GPIO_Init
                0x08001f4c       0x8c ./Core/Src/gpio.o
                0x08001f4c                MX_GPIO_Init
 .text.__NVIC_SetPriorityGrouping
                0x08001fd8       0x48 ./Core/Src/main.o
 .text.LL_RCC_HSE_EnableBypass
                0x08002020       0x20 ./Core/Src/main.o
 .text.LL_RCC_HSE_Enable
                0x08002040       0x20 ./Core/Src/main.o
 .text.LL_RCC_HSE_IsReady
                0x08002060       0x28 ./Core/Src/main.o
 .text.LL_RCC_SetSysClkSource
                0x08002088       0x28 ./Core/Src/main.o
 .text.LL_RCC_GetSysClkSource
                0x080020b0       0x1c ./Core/Src/main.o
 .text.LL_RCC_SetAHBPrescaler
                0x080020cc       0x28 ./Core/Src/main.o
 .text.LL_RCC_SetAPB1Prescaler
                0x080020f4       0x28 ./Core/Src/main.o
 .text.LL_RCC_SetAPB2Prescaler
                0x0800211c       0x28 ./Core/Src/main.o
 .text.LL_RCC_SetTIMPrescaler
                0x08002144       0x2c ./Core/Src/main.o
 .text.LL_RCC_PLL_Enable
                0x08002170       0x20 ./Core/Src/main.o
 .text.LL_RCC_PLL_IsReady
                0x08002190       0x28 ./Core/Src/main.o
 .text.LL_RCC_PLL_ConfigDomain_SYS
                0x080021b8       0x5c ./Core/Src/main.o
 .text.LL_APB1_GRP1_EnableClock
                0x08002214       0x30 ./Core/Src/main.o
 .text.LL_APB2_GRP1_EnableClock
                0x08002244       0x30 ./Core/Src/main.o
 .text.LL_FLASH_SetLatency
                0x08002274       0x28 ./Core/Src/main.o
 .text.LL_FLASH_GetLatency
                0x0800229c       0x1c ./Core/Src/main.o
 .text.LL_SYSTICK_SetClkSource
                0x080022b8       0x38 ./Core/Src/main.o
 .text.LL_SYSTICK_EnableIT
                0x080022f0       0x20 ./Core/Src/main.o
 .text.LL_PWR_EnableOverDriveMode
                0x08002310       0x20 ./Core/Src/main.o
 .text.LL_PWR_SetRegulVoltageScaling
                0x08002330       0x28 ./Core/Src/main.o
 .text.LL_PWR_IsActiveFlag_VOS
                0x08002358       0x28 ./Core/Src/main.o
 .text.LL_TIM_EnableCounter
                0x08002380       0x20 ./Core/Src/main.o
 .text.LL_TIM_ClearFlag_UPDATE
                0x080023a0       0x1c ./Core/Src/main.o
 .text.LL_TIM_EnableIT_UPDATE
                0x080023bc       0x20 ./Core/Src/main.o
 .text.LL_USART_Enable
                0x080023dc       0x20 ./Core/Src/main.o
 .text.LL_USART_IsActiveFlag_TXE
                0x080023fc       0x26 ./Core/Src/main.o
 .text.LL_USART_TransmitData8
                0x08002422       0x1e ./Core/Src/main.o
 .text.LL_GPIO_SetOutputPin
                0x08002440       0x1c ./Core/Src/main.o
 *fill*         0x0800245c        0x4 
 .text.main     0x08002460      0x1d0 ./Core/Src/main.o
                0x08002460                main
 .text.SystemClock_Config
                0x08002630       0xa4 ./Core/Src/main.o
                0x08002630                SystemClock_Config
 .text._write   0x080026d4       0x4c ./Core/Src/main.o
                0x080026d4                _write
 .text.LL_DMA_EnableStream
                0x08002720       0x40 ./Core/Src/stm32f4xx_it.o
 .text.LL_DMA_DisableStream
                0x08002760       0x40 ./Core/Src/stm32f4xx_it.o
 .text.LL_DMA_IsEnabledStream
                0x080027a0       0x38 ./Core/Src/stm32f4xx_it.o
 .text.LL_DMA_SetDataLength
                0x080027d8       0x48 ./Core/Src/stm32f4xx_it.o
 .text.LL_DMA_SetMemoryAddress
                0x08002820       0x30 ./Core/Src/stm32f4xx_it.o
 .text.LL_DMA_SetPeriphAddress
                0x08002850       0x30 ./Core/Src/stm32f4xx_it.o
 .text.LL_DMA_IsActiveFlag_TC1
                0x08002880       0x28 ./Core/Src/stm32f4xx_it.o
 .text.LL_DMA_IsActiveFlag_TC2
                0x080028a8       0x28 ./Core/Src/stm32f4xx_it.o
 .text.LL_DMA_IsActiveFlag_TC4
                0x080028d0       0x26 ./Core/Src/stm32f4xx_it.o
 .text.LL_DMA_IsActiveFlag_TC5
                0x080028f6       0x28 ./Core/Src/stm32f4xx_it.o
 .text.LL_DMA_IsActiveFlag_TC6
                0x0800291e       0x28 ./Core/Src/stm32f4xx_it.o
 .text.LL_DMA_ClearFlag_HT1
                0x08002946       0x1c ./Core/Src/stm32f4xx_it.o
 .text.LL_DMA_ClearFlag_HT2
                0x08002962       0x1c ./Core/Src/stm32f4xx_it.o
 .text.LL_DMA_ClearFlag_HT4
                0x0800297e       0x1a ./Core/Src/stm32f4xx_it.o
 .text.LL_DMA_ClearFlag_HT6
                0x08002998       0x1c ./Core/Src/stm32f4xx_it.o
 .text.LL_DMA_ClearFlag_TC1
                0x080029b4       0x1c ./Core/Src/stm32f4xx_it.o
 .text.LL_DMA_ClearFlag_TC2
                0x080029d0       0x1c ./Core/Src/stm32f4xx_it.o
 .text.LL_DMA_ClearFlag_TC4
                0x080029ec       0x1a ./Core/Src/stm32f4xx_it.o
 .text.LL_DMA_ClearFlag_TC5
                0x08002a06       0x1c ./Core/Src/stm32f4xx_it.o
 .text.LL_DMA_ClearFlag_TC6
                0x08002a22       0x1c ./Core/Src/stm32f4xx_it.o
 .text.LL_DMA_ClearFlag_TE1
                0x08002a3e       0x1c ./Core/Src/stm32f4xx_it.o
 .text.LL_DMA_ClearFlag_TE2
                0x08002a5a       0x1c ./Core/Src/stm32f4xx_it.o
 .text.LL_DMA_ClearFlag_TE4
                0x08002a76       0x1a ./Core/Src/stm32f4xx_it.o
 .text.LL_DMA_ClearFlag_TE6
                0x08002a90       0x1c ./Core/Src/stm32f4xx_it.o
 .text.LL_DMA_EnableIT_TC
                0x08002aac       0x40 ./Core/Src/stm32f4xx_it.o
 .text.LL_TIM_ClearFlag_UPDATE
                0x08002aec       0x1c ./Core/Src/stm32f4xx_it.o
 .text.LL_TIM_IsActiveFlag_UPDATE
                0x08002b08       0x26 ./Core/Src/stm32f4xx_it.o
 .text.LL_USART_IsActiveFlag_TC
                0x08002b2e       0x26 ./Core/Src/stm32f4xx_it.o
 .text.LL_USART_ClearFlag_TC
                0x08002b54       0x1c ./Core/Src/stm32f4xx_it.o
 .text.LL_USART_DisableIT_TC
                0x08002b70       0x46 ./Core/Src/stm32f4xx_it.o
 .text.LL_USART_EnableDMAReq_RX
                0x08002bb6       0x46 ./Core/Src/stm32f4xx_it.o
 .text.LL_USART_EnableDMAReq_TX
                0x08002bfc       0x46 ./Core/Src/stm32f4xx_it.o
 .text.LL_USART_DisableDMAReq_TX
                0x08002c42       0x46 ./Core/Src/stm32f4xx_it.o
 .text.LL_USART_DMA_GetRegAddr
                0x08002c88       0x18 ./Core/Src/stm32f4xx_it.o
 .text.LL_GPIO_ResetOutputPin
                0x08002ca0       0x1e ./Core/Src/stm32f4xx_it.o
 .text.NMI_Handler
                0x08002cbe        0x8 ./Core/Src/stm32f4xx_it.o
                0x08002cbe                NMI_Handler
 .text.HardFault_Handler
                0x08002cc6        0x8 ./Core/Src/stm32f4xx_it.o
                0x08002cc6                HardFault_Handler
 .text.MemManage_Handler
                0x08002cce        0x8 ./Core/Src/stm32f4xx_it.o
                0x08002cce                MemManage_Handler
 .text.BusFault_Handler
                0x08002cd6        0x8 ./Core/Src/stm32f4xx_it.o
                0x08002cd6                BusFault_Handler
 .text.UsageFault_Handler
                0x08002cde        0x8 ./Core/Src/stm32f4xx_it.o
                0x08002cde                UsageFault_Handler
 .text.SVC_Handler
                0x08002ce6        0xe ./Core/Src/stm32f4xx_it.o
                0x08002ce6                SVC_Handler
 .text.DebugMon_Handler
                0x08002cf4        0xe ./Core/Src/stm32f4xx_it.o
                0x08002cf4                DebugMon_Handler
 .text.PendSV_Handler
                0x08002d02        0xe ./Core/Src/stm32f4xx_it.o
                0x08002d02                PendSV_Handler
 .text.SysTick_Handler
                0x08002d10        0xe ./Core/Src/stm32f4xx_it.o
                0x08002d10                SysTick_Handler
 *fill*         0x08002d1e        0x2 
 .text.DMA1_Stream2_IRQHandler
                0x08002d20       0x70 ./Core/Src/stm32f4xx_it.o
                0x08002d20                DMA1_Stream2_IRQHandler
 .text.DMA1_Stream4_IRQHandler
                0x08002d90       0x48 ./Core/Src/stm32f4xx_it.o
                0x08002d90                DMA1_Stream4_IRQHandler
 .text.DMA1_Stream5_IRQHandler
                0x08002dd8       0x28 ./Core/Src/stm32f4xx_it.o
                0x08002dd8                DMA1_Stream5_IRQHandler
 .text.DMA1_Stream6_IRQHandler
                0x08002e00       0x28 ./Core/Src/stm32f4xx_it.o
                0x08002e00                DMA1_Stream6_IRQHandler
 .text.TIM1_UP_TIM10_IRQHandler
                0x08002e28       0x28 ./Core/Src/stm32f4xx_it.o
                0x08002e28                TIM1_UP_TIM10_IRQHandler
 .text.UART4_IRQHandler
                0x08002e50       0x68 ./Core/Src/stm32f4xx_it.o
                0x08002e50                UART4_IRQHandler
 .text.DMA2_Stream1_IRQHandler
                0x08002eb8       0x70 ./Core/Src/stm32f4xx_it.o
                0x08002eb8                DMA2_Stream1_IRQHandler
 .text.DMA2_Stream6_IRQHandler
                0x08002f28       0x48 ./Core/Src/stm32f4xx_it.o
                0x08002f28                DMA2_Stream6_IRQHandler
 .text.USART6_IRQHandler
                0x08002f70       0x54 ./Core/Src/stm32f4xx_it.o
                0x08002f70                USART6_IRQHandler
 .text.uart4_dma_tx_start
                0x08002fc4       0x84 ./Core/Src/stm32f4xx_it.o
                0x08002fc4                uart4_dma_tx_start
 .text.uart4_dma_rx_start
                0x08003048       0x8c ./Core/Src/stm32f4xx_it.o
                0x08003048                uart4_dma_rx_start
 .text.usart6_dma_tx_start
                0x080030d4       0x84 ./Core/Src/stm32f4xx_it.o
                0x080030d4                usart6_dma_tx_start
 .text.usart6_dma_rx_start
                0x08003158       0x88 ./Core/Src/stm32f4xx_it.o
                0x08003158                usart6_dma_rx_start
 .text._read    0x080031e0       0x3a ./Core/Src/syscalls.o
                0x080031e0                _read
 .text._close   0x0800321a       0x18 ./Core/Src/syscalls.o
                0x0800321a                _close
 .text._fstat   0x08003232       0x20 ./Core/Src/syscalls.o
                0x08003232                _fstat
 .text._isatty  0x08003252       0x16 ./Core/Src/syscalls.o
                0x08003252                _isatty
 .text._lseek   0x08003268       0x1a ./Core/Src/syscalls.o
                0x08003268                _lseek
 *fill*         0x08003282        0x2 
 .text._sbrk    0x08003284       0x6c ./Core/Src/sysmem.o
                0x08003284                _sbrk
 .text.SystemInit
                0x080032f0       0x24 ./Core/Src/system_stm32f4xx.o
                0x080032f0                SystemInit
 .text.__NVIC_GetPriorityGrouping
                0x08003314       0x1c ./Core/Src/tim.o
 .text.__NVIC_EnableIRQ
                0x08003330       0x3c ./Core/Src/tim.o
 .text.__NVIC_SetPriority
                0x0800336c       0x54 ./Core/Src/tim.o
 .text.NVIC_EncodePriority
                0x080033c0       0x66 ./Core/Src/tim.o
 *fill*         0x08003426        0x2 
 .text.LL_APB2_GRP1_EnableClock
                0x08003428       0x30 ./Core/Src/tim.o
 .text.LL_TIM_DisableARRPreload
                0x08003458       0x20 ./Core/Src/tim.o
 .text.LL_TIM_SetClockSource
                0x08003478       0x2a ./Core/Src/tim.o
 .text.LL_TIM_SetTriggerOutput
                0x080034a2       0x26 ./Core/Src/tim.o
 .text.LL_TIM_DisableMasterSlaveMode
                0x080034c8       0x20 ./Core/Src/tim.o
 .text.MX_TIM1_Init
                0x080034e8       0x84 ./Core/Src/tim.o
                0x080034e8                MX_TIM1_Init
 .text.__NVIC_GetPriorityGrouping
                0x0800356c       0x1c ./Core/Src/usart.o
 .text.__NVIC_EnableIRQ
                0x08003588       0x3c ./Core/Src/usart.o
 .text.__NVIC_SetPriority
                0x080035c4       0x54 ./Core/Src/usart.o
 .text.NVIC_EncodePriority
                0x08003618       0x66 ./Core/Src/usart.o
 *fill*         0x0800367e        0x2 
 .text.LL_DMA_SetDataTransferDirection
                0x08003680       0x48 ./Core/Src/usart.o
 .text.LL_DMA_SetMode
                0x080036c8       0x48 ./Core/Src/usart.o
 .text.LL_DMA_SetPeriphIncMode
                0x08003710       0x48 ./Core/Src/usart.o
 .text.LL_DMA_SetMemoryIncMode
                0x08003758       0x48 ./Core/Src/usart.o
 .text.LL_DMA_SetPeriphSize
                0x080037a0       0x48 ./Core/Src/usart.o
 .text.LL_DMA_SetMemorySize
                0x080037e8       0x48 ./Core/Src/usart.o
 .text.LL_DMA_SetStreamPriorityLevel
                0x08003830       0x48 ./Core/Src/usart.o
 .text.LL_DMA_SetChannelSelection
                0x08003878       0x48 ./Core/Src/usart.o
 .text.LL_DMA_DisableFifoMode
                0x080038c0       0x40 ./Core/Src/usart.o
 .text.LL_AHB1_GRP1_EnableClock
                0x08003900       0x30 ./Core/Src/usart.o
 .text.LL_APB1_GRP1_EnableClock
                0x08003930       0x30 ./Core/Src/usart.o
 .text.LL_APB2_GRP1_EnableClock
                0x08003960       0x30 ./Core/Src/usart.o
 .text.LL_USART_Enable
                0x08003990       0x20 ./Core/Src/usart.o
 .text.LL_USART_ConfigAsyncMode
                0x080039b0       0x2c ./Core/Src/usart.o
 .text.MX_UART4_Init
                0x080039dc      0x180 ./Core/Src/usart.o
                0x080039dc                MX_UART4_Init
 .text.MX_USART2_UART_Init
                0x08003b5c      0x15c ./Core/Src/usart.o
                0x08003b5c                MX_USART2_UART_Init
 .text.MX_USART6_UART_Init
                0x08003cb8      0x17c ./Core/Src/usart.o
                0x08003cb8                MX_USART6_UART_Init
 .text.Reset_Handler
                0x08003e34       0x50 ./Core/Startup/startup_stm32f446retx.o
                0x08003e34                Reset_Handler
 .text.Default_Handler
                0x08003e84        0x2 ./Core/Startup/startup_stm32f446retx.o
                0x08003e84                RTC_Alarm_IRQHandler
                0x08003e84                EXTI2_IRQHandler
                0x08003e84                TIM8_CC_IRQHandler
                0x08003e84                FMPI2C1_EV_IRQHandler
                0x08003e84                SPI4_IRQHandler
                0x08003e84                TIM1_CC_IRQHandler
                0x08003e84                DMA2_Stream5_IRQHandler
                0x08003e84                PVD_IRQHandler
                0x08003e84                SDIO_IRQHandler
                0x08003e84                TAMP_STAMP_IRQHandler
                0x08003e84                CAN2_RX1_IRQHandler
                0x08003e84                EXTI3_IRQHandler
                0x08003e84                TIM8_TRG_COM_TIM14_IRQHandler
                0x08003e84                TIM8_UP_TIM13_IRQHandler
                0x08003e84                I2C3_ER_IRQHandler
                0x08003e84                EXTI0_IRQHandler
                0x08003e84                I2C2_EV_IRQHandler
                0x08003e84                CAN1_RX0_IRQHandler
                0x08003e84                FPU_IRQHandler
                0x08003e84                OTG_HS_WKUP_IRQHandler
                0x08003e84                CAN2_SCE_IRQHandler
                0x08003e84                DMA2_Stream2_IRQHandler
                0x08003e84                SPI1_IRQHandler
                0x08003e84                TIM6_DAC_IRQHandler
                0x08003e84                TIM1_BRK_TIM9_IRQHandler
                0x08003e84                DCMI_IRQHandler
                0x08003e84                CAN2_RX0_IRQHandler
                0x08003e84                DMA2_Stream3_IRQHandler
                0x08003e84                SAI2_IRQHandler
                0x08003e84                USART3_IRQHandler
                0x08003e84                CAN1_RX1_IRQHandler
                0x08003e84                UART5_IRQHandler
                0x08003e84                DMA2_Stream0_IRQHandler
                0x08003e84                TIM4_IRQHandler
                0x08003e84                QUADSPI_IRQHandler
                0x08003e84                I2C1_EV_IRQHandler
                0x08003e84                DMA1_Stream1_IRQHandler
                0x08003e84                TIM3_IRQHandler
                0x08003e84                RCC_IRQHandler
                0x08003e84                TIM8_BRK_TIM12_IRQHandler
                0x08003e84                Default_Handler
                0x08003e84                CEC_IRQHandler
                0x08003e84                EXTI15_10_IRQHandler
                0x08003e84                ADC_IRQHandler
                0x08003e84                DMA1_Stream7_IRQHandler
                0x08003e84                TIM7_IRQHandler
                0x08003e84                CAN2_TX_IRQHandler
                0x08003e84                TIM5_IRQHandler
                0x08003e84                DMA2_Stream7_IRQHandler
                0x08003e84                I2C3_EV_IRQHandler
                0x08003e84                EXTI9_5_IRQHandler
                0x08003e84                RTC_WKUP_IRQHandler
                0x08003e84                SPDIF_RX_IRQHandler
                0x08003e84                SPI2_IRQHandler
                0x08003e84                OTG_HS_EP1_IN_IRQHandler
                0x08003e84                DMA1_Stream0_IRQHandler
                0x08003e84                CAN1_TX_IRQHandler
                0x08003e84                FMPI2C1_ER_IRQHandler
                0x08003e84                EXTI4_IRQHandler
                0x08003e84                OTG_HS_EP1_OUT_IRQHandler
                0x08003e84                WWDG_IRQHandler
                0x08003e84                TIM2_IRQHandler
                0x08003e84                OTG_FS_WKUP_IRQHandler
                0x08003e84                TIM1_TRG_COM_TIM11_IRQHandler
                0x08003e84                OTG_HS_IRQHandler
                0x08003e84                EXTI1_IRQHandler
                0x08003e84                USART2_IRQHandler
                0x08003e84                I2C2_ER_IRQHandler
                0x08003e84                CAN1_SCE_IRQHandler
                0x08003e84                FLASH_IRQHandler
                0x08003e84                DMA2_Stream4_IRQHandler
                0x08003e84                USART1_IRQHandler
                0x08003e84                OTG_FS_IRQHandler
                0x08003e84                SPI3_IRQHandler
                0x08003e84                I2C1_ER_IRQHandler
                0x08003e84                FMC_IRQHandler
                0x08003e84                SAI1_IRQHandler
                0x08003e84                DMA1_Stream3_IRQHandler
 .text.LL_GPIO_SetPinMode
                0x08003e86       0x7a ./Drivers/STM32F4xx_HAL_Driver/Src/stm32f4xx_ll_gpio.o
 .text.LL_GPIO_SetPinOutputType
                0x08003f00       0x30 ./Drivers/STM32F4xx_HAL_Driver/Src/stm32f4xx_ll_gpio.o
 .text.LL_GPIO_SetPinSpeed
                0x08003f30       0x7a ./Drivers/STM32F4xx_HAL_Driver/Src/stm32f4xx_ll_gpio.o
 .text.LL_GPIO_SetPinPull
                0x08003faa       0x7a ./Drivers/STM32F4xx_HAL_Driver/Src/stm32f4xx_ll_gpio.o
 .text.LL_GPIO_SetAFPin_0_7
                0x08004024       0x7a ./Drivers/STM32F4xx_HAL_Driver/Src/stm32f4xx_ll_gpio.o
 .text.LL_GPIO_SetAFPin_8_15
                0x0800409e       0x7e ./Drivers/STM32F4xx_HAL_Driver/Src/stm32f4xx_ll_gpio.o
 .text.LL_GPIO_Init
                0x0800411c      0x102 ./Drivers/STM32F4xx_HAL_Driver/Src/stm32f4xx_ll_gpio.o
                0x0800411c                LL_GPIO_Init
 *fill*         0x0800421e        0x2 
 .text.LL_RCC_GetSysClkSource
                0x08004220       0x1c ./Drivers/STM32F4xx_HAL_Driver/Src/stm32f4xx_ll_rcc.o
 .text.LL_RCC_GetAHBPrescaler
                0x0800423c       0x1c ./Drivers/STM32F4xx_HAL_Driver/Src/stm32f4xx_ll_rcc.o
 .text.LL_RCC_GetAPB1Prescaler
                0x08004258       0x1c ./Drivers/STM32F4xx_HAL_Driver/Src/stm32f4xx_ll_rcc.o
 .text.LL_RCC_GetAPB2Prescaler
                0x08004274       0x1c ./Drivers/STM32F4xx_HAL_Driver/Src/stm32f4xx_ll_rcc.o
 .text.LL_RCC_PLL_GetMainSource
                0x08004290       0x1c ./Drivers/STM32F4xx_HAL_Driver/Src/stm32f4xx_ll_rcc.o
 .text.LL_RCC_PLL_GetN
                0x080042ac       0x1c ./Drivers/STM32F4xx_HAL_Driver/Src/stm32f4xx_ll_rcc.o
 .text.LL_RCC_PLL_GetP
                0x080042c8       0x1c ./Drivers/STM32F4xx_HAL_Driver/Src/stm32f4xx_ll_rcc.o
 .text.LL_RCC_PLL_GetR
                0x080042e4       0x1c ./Drivers/STM32F4xx_HAL_Driver/Src/stm32f4xx_ll_rcc.o
 .text.LL_RCC_PLL_GetDivider
                0x08004300       0x1c ./Drivers/STM32F4xx_HAL_Driver/Src/stm32f4xx_ll_rcc.o
 .text.LL_RCC_GetSystemClocksFreq
                0x0800431c       0x4a ./Drivers/STM32F4xx_HAL_Driver/Src/stm32f4xx_ll_rcc.o
                0x0800431c                LL_RCC_GetSystemClocksFreq
 *fill*         0x08004366        0x2 
 .text.RCC_GetSystemClockFreq
                0x08004368       0x88 ./Drivers/STM32F4xx_HAL_Driver/Src/stm32f4xx_ll_rcc.o
                0x08004368                RCC_GetSystemClockFreq
 .text.RCC_GetHCLKClockFreq
                0x080043f0       0x2c ./Drivers/STM32F4xx_HAL_Driver/Src/stm32f4xx_ll_rcc.o
                0x080043f0                RCC_GetHCLKClockFreq
 .text.RCC_GetPCLK1ClockFreq
                0x0800441c       0x28 ./Drivers/STM32F4xx_HAL_Driver/Src/stm32f4xx_ll_rcc.o
                0x0800441c                RCC_GetPCLK1ClockFreq
 .text.RCC_GetPCLK2ClockFreq
                0x08004444       0x28 ./Drivers/STM32F4xx_HAL_Driver/Src/stm32f4xx_ll_rcc.o
                0x08004444                RCC_GetPCLK2ClockFreq
 .text.RCC_PLL_GetFreqDomain_SYS
                0x0800446c       0xa4 ./Drivers/STM32F4xx_HAL_Driver/Src/stm32f4xx_ll_rcc.o
                0x0800446c                RCC_PLL_GetFreqDomain_SYS
 .text.LL_TIM_SetPrescaler
                0x08004510       0x1c ./Drivers/STM32F4xx_HAL_Driver/Src/stm32f4xx_ll_tim.o
 .text.LL_TIM_SetAutoReload
                0x0800452c       0x1c ./Drivers/STM32F4xx_HAL_Driver/Src/stm32f4xx_ll_tim.o
 .text.LL_TIM_SetRepetitionCounter
                0x08004548       0x1c ./Drivers/STM32F4xx_HAL_Driver/Src/stm32f4xx_ll_tim.o
 .text.LL_TIM_GenerateEvent_UPDATE
                0x08004564       0x20 ./Drivers/STM32F4xx_HAL_Driver/Src/stm32f4xx_ll_tim.o
 .text.LL_TIM_Init
                0x08004584      0x134 ./Drivers/STM32F4xx_HAL_Driver/Src/stm32f4xx_ll_tim.o
                0x08004584                LL_TIM_Init
 .text.LL_USART_IsEnabled
                0x080046b8       0x28 ./Drivers/STM32F4xx_HAL_Driver/Src/stm32f4xx_ll_usart.o
 .text.LL_USART_SetStopBitsLength
                0x080046e0       0x26 ./Drivers/STM32F4xx_HAL_Driver/Src/stm32f4xx_ll_usart.o
 .text.LL_USART_SetHWFlowCtrl
                0x08004706       0x26 ./Drivers/STM32F4xx_HAL_Driver/Src/stm32f4xx_ll_usart.o
 .text.LL_USART_SetBaudRate
                0x0800472c      0x45c ./Drivers/STM32F4xx_HAL_Driver/Src/stm32f4xx_ll_usart.o
 .text.LL_USART_Init
                0x08004b88      0x100 ./Drivers/STM32F4xx_HAL_Driver/Src/stm32f4xx_ll_usart.o
                0x08004b88                LL_USART_Init
 .text.LL_InitTick
                0x08004c88       0x34 ./Drivers/STM32F4xx_HAL_Driver/Src/stm32f4xx_ll_utils.o
 .text.LL_Init1msTick
                0x08004cbc       0x1a ./Drivers/STM32F4xx_HAL_Driver/Src/stm32f4xx_ll_utils.o
                0x08004cbc                LL_Init1msTick
 *fill*         0x08004cd6        0x2 
 .text.LL_mDelay
                0x08004cd8       0x4c ./Drivers/STM32F4xx_HAL_Driver/Src/stm32f4xx_ll_utils.o
                0x08004cd8                LL_mDelay
 .text.LL_SetSystemCoreClock
                0x08004d24       0x20 ./Drivers/STM32F4xx_HAL_Driver/Src/stm32f4xx_ll_utils.o
                0x08004d24                LL_SetSystemCoreClock
 .text.std      0x08004d44       0x6c C:/ST/STM32CubeIDE_1.10.1/STM32CubeIDE/plugins/com.st.stm32cube.ide.mcu.externaltools.gnu-tools-for-stm32.13.3.rel1.win32_1.0.0.202411081344/tools/bin/../lib/gcc/arm-none-eabi/13.3.1/../../../../arm-none-eabi/lib/thumb/v7e-m+fp/hard\libc_nano.a(libc_a-findfp.o)
 .text.stdio_exit_handler
                0x08004db0       0x18 C:/ST/STM32CubeIDE_1.10.1/STM32CubeIDE/plugins/com.st.stm32cube.ide.mcu.externaltools.gnu-tools-for-stm32.13.3.rel1.win32_1.0.0.202411081344/tools/bin/../lib/gcc/arm-none-eabi/13.3.1/../../../../arm-none-eabi/lib/thumb/v7e-m+fp/hard\libc_nano.a(libc_a-findfp.o)
 .text.cleanup_stdio
                0x08004dc8       0x40 C:/ST/STM32CubeIDE_1.10.1/STM32CubeIDE/plugins/com.st.stm32cube.ide.mcu.externaltools.gnu-tools-for-stm32.13.3.rel1.win32_1.0.0.202411081344/tools/bin/../lib/gcc/arm-none-eabi/13.3.1/../../../../arm-none-eabi/lib/thumb/v7e-m+fp/hard\libc_nano.a(libc_a-findfp.o)
 .text.global_stdio_init.part.0
                0x08004e08       0x3c C:/ST/STM32CubeIDE_1.10.1/STM32CubeIDE/plugins/com.st.stm32cube.ide.mcu.externaltools.gnu-tools-for-stm32.13.3.rel1.win32_1.0.0.202411081344/tools/bin/../lib/gcc/arm-none-eabi/13.3.1/../../../../arm-none-eabi/lib/thumb/v7e-m+fp/hard\libc_nano.a(libc_a-findfp.o)
 .text.__sfp_lock_acquire
                0x08004e44        0xc C:/ST/STM32CubeIDE_1.10.1/STM32CubeIDE/plugins/com.st.stm32cube.ide.mcu.externaltools.gnu-tools-for-stm32.13.3.rel1.win32_1.0.0.202411081344/tools/bin/../lib/gcc/arm-none-eabi/13.3.1/../../../../arm-none-eabi/lib/thumb/v7e-m+fp/hard\libc_nano.a(libc_a-findfp.o)
                0x08004e44                __sfp_lock_acquire
 .text.__sfp_lock_release
                0x08004e50        0xc C:/ST/STM32CubeIDE_1.10.1/STM32CubeIDE/plugins/com.st.stm32cube.ide.mcu.externaltools.gnu-tools-for-stm32.13.3.rel1.win32_1.0.0.202411081344/tools/bin/../lib/gcc/arm-none-eabi/13.3.1/../../../../arm-none-eabi/lib/thumb/v7e-m+fp/hard\libc_nano.a(libc_a-findfp.o)
                0x08004e50                __sfp_lock_release
 .text.__sinit  0x08004e5c       0x30 C:/ST/STM32CubeIDE_1.10.1/STM32CubeIDE/plugins/com.st.stm32cube.ide.mcu.externaltools.gnu-tools-for-stm32.13.3.rel1.win32_1.0.0.202411081344/tools/bin/../lib/gcc/arm-none-eabi/13.3.1/../../../../arm-none-eabi/lib/thumb/v7e-m+fp/hard\libc_nano.a(libc_a-findfp.o)
                0x08004e5c                __sinit
 .text._fwalk_sglue
                0x08004e8c       0x3c C:/ST/STM32CubeIDE_1.10.1/STM32CubeIDE/plugins/com.st.stm32cube.ide.mcu.externaltools.gnu-tools-for-stm32.13.3.rel1.win32_1.0.0.202411081344/tools/bin/../lib/gcc/arm-none-eabi/13.3.1/../../../../arm-none-eabi/lib/thumb/v7e-m+fp/hard\libc_nano.a(libc_a-fwalk.o)
                0x08004e8c                _fwalk_sglue
 .text.printf   0x08004ec8       0x24 C:/ST/STM32CubeIDE_1.10.1/STM32CubeIDE/plugins/com.st.stm32cube.ide.mcu.externaltools.gnu-tools-for-stm32.13.3.rel1.win32_1.0.0.202411081344/tools/bin/../lib/gcc/arm-none-eabi/13.3.1/../../../../arm-none-eabi/lib/thumb/v7e-m+fp/hard\libc_nano.a(libc_a-printf.o)
                0x08004ec8                iprintf
                0x08004ec8                printf
 .text._puts_r  0x08004eec       0xaa C:/ST/STM32CubeIDE_1.10.1/STM32CubeIDE/plugins/com.st.stm32cube.ide.mcu.externaltools.gnu-tools-for-stm32.13.3.rel1.win32_1.0.0.202411081344/tools/bin/../lib/gcc/arm-none-eabi/13.3.1/../../../../arm-none-eabi/lib/thumb/v7e-m+fp/hard\libc_nano.a(libc_a-puts.o)
                0x08004eec                _puts_r
 *fill*         0x08004f96        0x2 
 .text.puts     0x08004f98       0x10 C:/ST/STM32CubeIDE_1.10.1/STM32CubeIDE/plugins/com.st.stm32cube.ide.mcu.externaltools.gnu-tools-for-stm32.13.3.rel1.win32_1.0.0.202411081344/tools/bin/../lib/gcc/arm-none-eabi/13.3.1/../../../../arm-none-eabi/lib/thumb/v7e-m+fp/hard\libc_nano.a(libc_a-puts.o)
                0x08004f98                puts
 .text.__sread  0x08004fa8       0x22 C:/ST/STM32CubeIDE_1.10.1/STM32CubeIDE/plugins/com.st.stm32cube.ide.mcu.externaltools.gnu-tools-for-stm32.13.3.rel1.win32_1.0.0.202411081344/tools/bin/../lib/gcc/arm-none-eabi/13.3.1/../../../../arm-none-eabi/lib/thumb/v7e-m+fp/hard\libc_nano.a(libc_a-stdio.o)
                0x08004fa8                __sread
 .text.__swrite
                0x08004fca       0x38 C:/ST/STM32CubeIDE_1.10.1/STM32CubeIDE/plugins/com.st.stm32cube.ide.mcu.externaltools.gnu-tools-for-stm32.13.3.rel1.win32_1.0.0.202411081344/tools/bin/../lib/gcc/arm-none-eabi/13.3.1/../../../../arm-none-eabi/lib/thumb/v7e-m+fp/hard\libc_nano.a(libc_a-stdio.o)
                0x08004fca                __swrite
 .text.__sseek  0x08005002       0x24 C:/ST/STM32CubeIDE_1.10.1/STM32CubeIDE/plugins/com.st.stm32cube.ide.mcu.externaltools.gnu-tools-for-stm32.13.3.rel1.win32_1.0.0.202411081344/tools/bin/../lib/gcc/arm-none-eabi/13.3.1/../../../../arm-none-eabi/lib/thumb/v7e-m+fp/hard\libc_nano.a(libc_a-stdio.o)
                0x08005002                __sseek
 .text.__sclose
                0x08005026        0x8 C:/ST/STM32CubeIDE_1.10.1/STM32CubeIDE/plugins/com.st.stm32cube.ide.mcu.externaltools.gnu-tools-for-stm32.13.3.rel1.win32_1.0.0.202411081344/tools/bin/../lib/gcc/arm-none-eabi/13.3.1/../../../../arm-none-eabi/lib/thumb/v7e-m+fp/hard\libc_nano.a(libc_a-stdio.o)
                0x08005026                __sclose
 .text.__swbuf_r
                0x0800502e       0x7c C:/ST/STM32CubeIDE_1.10.1/STM32CubeIDE/plugins/com.st.stm32cube.ide.mcu.externaltools.gnu-tools-for-stm32.13.3.rel1.win32_1.0.0.202411081344/tools/bin/../lib/gcc/arm-none-eabi/13.3.1/../../../../arm-none-eabi/lib/thumb/v7e-m+fp/hard\libc_nano.a(libc_a-wbuf.o)
                0x0800502e                __swbuf_r
 *fill*         0x080050aa        0x2 
 .text.__swsetup_r
                0x080050ac       0xac C:/ST/STM32CubeIDE_1.10.1/STM32CubeIDE/plugins/com.st.stm32cube.ide.mcu.externaltools.gnu-tools-for-stm32.13.3.rel1.win32_1.0.0.202411081344/tools/bin/../lib/gcc/arm-none-eabi/13.3.1/../../../../arm-none-eabi/lib/thumb/v7e-m+fp/hard\libc_nano.a(libc_a-wsetup.o)
                0x080050ac                __swsetup_r
 .text.memset   0x08005158       0x10 C:/ST/STM32CubeIDE_1.10.1/STM32CubeIDE/plugins/com.st.stm32cube.ide.mcu.externaltools.gnu-tools-for-stm32.13.3.rel1.win32_1.0.0.202411081344/tools/bin/../lib/gcc/arm-none-eabi/13.3.1/../../../../arm-none-eabi/lib/thumb/v7e-m+fp/hard\libc_nano.a(libc_a-memset.o)
                0x08005158                memset
 .text._close_r
                0x08005168       0x20 C:/ST/STM32CubeIDE_1.10.1/STM32CubeIDE/plugins/com.st.stm32cube.ide.mcu.externaltools.gnu-tools-for-stm32.13.3.rel1.win32_1.0.0.202411081344/tools/bin/../lib/gcc/arm-none-eabi/13.3.1/../../../../arm-none-eabi/lib/thumb/v7e-m+fp/hard\libc_nano.a(libc_a-closer.o)
                0x08005168                _close_r
 .text._lseek_r
                0x08005188       0x24 C:/ST/STM32CubeIDE_1.10.1/STM32CubeIDE/plugins/com.st.stm32cube.ide.mcu.externaltools.gnu-tools-for-stm32.13.3.rel1.win32_1.0.0.202411081344/tools/bin/../lib/gcc/arm-none-eabi/13.3.1/../../../../arm-none-eabi/lib/thumb/v7e-m+fp/hard\libc_nano.a(libc_a-lseekr.o)
                0x08005188                _lseek_r
 .text._read_r  0x080051ac       0x24 C:/ST/STM32CubeIDE_1.10.1/STM32CubeIDE/plugins/com.st.stm32cube.ide.mcu.externaltools.gnu-tools-for-stm32.13.3.rel1.win32_1.0.0.202411081344/tools/bin/../lib/gcc/arm-none-eabi/13.3.1/../../../../arm-none-eabi/lib/thumb/v7e-m+fp/hard\libc_nano.a(libc_a-readr.o)
                0x080051ac                _read_r
 .text._write_r
                0x080051d0       0x24 C:/ST/STM32CubeIDE_1.10.1/STM32CubeIDE/plugins/com.st.stm32cube.ide.mcu.externaltools.gnu-tools-for-stm32.13.3.rel1.win32_1.0.0.202411081344/tools/bin/../lib/gcc/arm-none-eabi/13.3.1/../../../../arm-none-eabi/lib/thumb/v7e-m+fp/hard\libc_nano.a(libc_a-writer.o)
                0x080051d0                _write_r
 .text.__errno  0x080051f4        0xc C:/ST/STM32CubeIDE_1.10.1/STM32CubeIDE/plugins/com.st.stm32cube.ide.mcu.externaltools.gnu-tools-for-stm32.13.3.rel1.win32_1.0.0.202411081344/tools/bin/../lib/gcc/arm-none-eabi/13.3.1/../../../../arm-none-eabi/lib/thumb/v7e-m+fp/hard\libc_nano.a(libc_a-errno.o)
                0x080051f4                __errno
 .text.__libc_init_array
                0x08005200       0x48 C:/ST/STM32CubeIDE_1.10.1/STM32CubeIDE/plugins/com.st.stm32cube.ide.mcu.externaltools.gnu-tools-for-stm32.13.3.rel1.win32_1.0.0.202411081344/tools/bin/../lib/gcc/arm-none-eabi/13.3.1/../../../../arm-none-eabi/lib/thumb/v7e-m+fp/hard\libc_nano.a(libc_a-init.o)
                0x08005200                __libc_init_array
 .text.__retarget_lock_init_recursive
                0x08005248        0x2 C:/ST/STM32CubeIDE_1.10.1/STM32CubeIDE/plugins/com.st.stm32cube.ide.mcu.externaltools.gnu-tools-for-stm32.13.3.rel1.win32_1.0.0.202411081344/tools/bin/../lib/gcc/arm-none-eabi/13.3.1/../../../../arm-none-eabi/lib/thumb/v7e-m+fp/hard\libc_nano.a(libc_a-lock.o)
                0x08005248                __retarget_lock_init_recursive
 .text.__retarget_lock_acquire_recursive
                0x0800524a        0x2 C:/ST/STM32CubeIDE_1.10.1/STM32CubeIDE/plugins/com.st.stm32cube.ide.mcu.externaltools.gnu-tools-for-stm32.13.3.rel1.win32_1.0.0.202411081344/tools/bin/../lib/gcc/arm-none-eabi/13.3.1/../../../../arm-none-eabi/lib/thumb/v7e-m+fp/hard\libc_nano.a(libc_a-lock.o)
                0x0800524a                __retarget_lock_acquire_recursive
 .text.__retarget_lock_release_recursive
                0x0800524c        0x2 C:/ST/STM32CubeIDE_1.10.1/STM32CubeIDE/plugins/com.st.stm32cube.ide.mcu.externaltools.gnu-tools-for-stm32.13.3.rel1.win32_1.0.0.202411081344/tools/bin/../lib/gcc/arm-none-eabi/13.3.1/../../../../arm-none-eabi/lib/thumb/v7e-m+fp/hard\libc_nano.a(libc_a-lock.o)
                0x0800524c                __retarget_lock_release_recursive
 *fill*         0x0800524e        0x2 
 .text._free_r  0x08005250       0x94 C:/ST/STM32CubeIDE_1.10.1/STM32CubeIDE/plugins/com.st.stm32cube.ide.mcu.externaltools.gnu-tools-for-stm32.13.3.rel1.win32_1.0.0.202411081344/tools/bin/../lib/gcc/arm-none-eabi/13.3.1/../../../../arm-none-eabi/lib/thumb/v7e-m+fp/hard\libc_nano.a(libc_a-freer.o)
                0x08005250                _free_r
 .text.sbrk_aligned
                0x080052e4       0x44 C:/ST/STM32CubeIDE_1.10.1/STM32CubeIDE/plugins/com.st.stm32cube.ide.mcu.externaltools.gnu-tools-for-stm32.13.3.rel1.win32_1.0.0.202411081344/tools/bin/../lib/gcc/arm-none-eabi/13.3.1/../../../../arm-none-eabi/lib/thumb/v7e-m+fp/hard\libc_nano.a(libc_a-mallocr.o)
 .text._malloc_r
                0x08005328      0x100 C:/ST/STM32CubeIDE_1.10.1/STM32CubeIDE/plugins/com.st.stm32cube.ide.mcu.externaltools.gnu-tools-for-stm32.13.3.rel1.win32_1.0.0.202411081344/tools/bin/../lib/gcc/arm-none-eabi/13.3.1/../../../../arm-none-eabi/lib/thumb/v7e-m+fp/hard\libc_nano.a(libc_a-mallocr.o)
                0x08005328                _malloc_r
 .text.__malloc_lock
                0x08005428        0xc C:/ST/STM32CubeIDE_1.10.1/STM32CubeIDE/plugins/com.st.stm32cube.ide.mcu.externaltools.gnu-tools-for-stm32.13.3.rel1.win32_1.0.0.202411081344/tools/bin/../lib/gcc/arm-none-eabi/13.3.1/../../../../arm-none-eabi/lib/thumb/v7e-m+fp/hard\libc_nano.a(libc_a-mlock.o)
                0x08005428                __malloc_lock
 .text.__malloc_unlock
                0x08005434        0xc C:/ST/STM32CubeIDE_1.10.1/STM32CubeIDE/plugins/com.st.stm32cube.ide.mcu.externaltools.gnu-tools-for-stm32.13.3.rel1.win32_1.0.0.202411081344/tools/bin/../lib/gcc/arm-none-eabi/13.3.1/../../../../arm-none-eabi/lib/thumb/v7e-m+fp/hard\libc_nano.a(libc_a-mlock.o)
                0x08005434                __malloc_unlock
 .text.__sfputc_r
                0x08005440       0x2e C:/ST/STM32CubeIDE_1.10.1/STM32CubeIDE/plugins/com.st.stm32cube.ide.mcu.externaltools.gnu-tools-for-stm32.13.3.rel1.win32_1.0.0.202411081344/tools/bin/../lib/gcc/arm-none-eabi/13.3.1/../../../../arm-none-eabi/lib/thumb/v7e-m+fp/hard\libc_nano.a(libc_a-nano-vfprintf.o)
 .text.__sfputs_r
                0x0800546e       0x24 C:/ST/STM32CubeIDE_1.10.1/STM32CubeIDE/plugins/com.st.stm32cube.ide.mcu.externaltools.gnu-tools-for-stm32.13.3.rel1.win32_1.0.0.202411081344/tools/bin/../lib/gcc/arm-none-eabi/13.3.1/../../../../arm-none-eabi/lib/thumb/v7e-m+fp/hard\libc_nano.a(libc_a-nano-vfprintf.o)
                0x0800546e                __sfputs_r
 *fill*         0x08005492        0x2 
 .text._vfprintf_r
                0x08005494      0x230 C:/ST/STM32CubeIDE_1.10.1/STM32CubeIDE/plugins/com.st.stm32cube.ide.mcu.externaltools.gnu-tools-for-stm32.13.3.rel1.win32_1.0.0.202411081344/tools/bin/../lib/gcc/arm-none-eabi/13.3.1/../../../../arm-none-eabi/lib/thumb/v7e-m+fp/hard\libc_nano.a(libc_a-nano-vfprintf.o)
                0x08005494                _vfprintf_r
                0x08005494                _vfiprintf_r
 .text._printf_common
                0x080056c4       0xda C:/ST/STM32CubeIDE_1.10.1/STM32CubeIDE/plugins/com.st.stm32cube.ide.mcu.externaltools.gnu-tools-for-stm32.13.3.rel1.win32_1.0.0.202411081344/tools/bin/../lib/gcc/arm-none-eabi/13.3.1/../../../../arm-none-eabi/lib/thumb/v7e-m+fp/hard\libc_nano.a(libc_a-nano-vfprintf_i.o)
                0x080056c4                _printf_common
 *fill*         0x0800579e        0x2 
 .text._printf_i
                0x080057a0      0x23c C:/ST/STM32CubeIDE_1.10.1/STM32CubeIDE/plugins/com.st.stm32cube.ide.mcu.externaltools.gnu-tools-for-stm32.13.3.rel1.win32_1.0.0.202411081344/tools/bin/../lib/gcc/arm-none-eabi/13.3.1/../../../../arm-none-eabi/lib/thumb/v7e-m+fp/hard\libc_nano.a(libc_a-nano-vfprintf_i.o)
                0x080057a0                _printf_i
 .text.__sflush_r
                0x080059dc      0x108 C:/ST/STM32CubeIDE_1.10.1/STM32CubeIDE/plugins/com.st.stm32cube.ide.mcu.externaltools.gnu-tools-for-stm32.13.3.rel1.win32_1.0.0.202411081344/tools/bin/../lib/gcc/arm-none-eabi/13.3.1/../../../../arm-none-eabi/lib/thumb/v7e-m+fp/hard\libc_nano.a(libc_a-fflush.o)
                0x080059dc                __sflush_r
 .text._fflush_r
                0x08005ae4       0x50 C:/ST/STM32CubeIDE_1.10.1/STM32CubeIDE/plugins/com.st.stm32cube.ide.mcu.externaltools.gnu-tools-for-stm32.13.3.rel1.win32_1.0.0.202411081344/tools/bin/../lib/gcc/arm-none-eabi/13.3.1/../../../../arm-none-eabi/lib/thumb/v7e-m+fp/hard\libc_nano.a(libc_a-fflush.o)
                0x08005ae4                _fflush_r
 .text.__swhatbuf_r
                0x08005b34       0x4c C:/ST/STM32CubeIDE_1.10.1/STM32CubeIDE/plugins/com.st.stm32cube.ide.mcu.externaltools.gnu-tools-for-stm32.13.3.rel1.win32_1.0.0.202411081344/tools/bin/../lib/gcc/arm-none-eabi/13.3.1/../../../../arm-none-eabi/lib/thumb/v7e-m+fp/hard\libc_nano.a(libc_a-makebuf.o)
                0x08005b34                __swhatbuf_r
 .text.__smakebuf_r
                0x08005b80       0x78 C:/ST/STM32CubeIDE_1.10.1/STM32CubeIDE/plugins/com.st.stm32cube.ide.mcu.externaltools.gnu-tools-for-stm32.13.3.rel1.win32_1.0.0.202411081344/tools/bin/../lib/gcc/arm-none-eabi/13.3.1/../../../../arm-none-eabi/lib/thumb/v7e-m+fp/hard\libc_nano.a(libc_a-makebuf.o)
                0x08005b80                __smakebuf_r
 .text._fstat_r
                0x08005bf8       0x24 C:/ST/STM32CubeIDE_1.10.1/STM32CubeIDE/plugins/com.st.stm32cube.ide.mcu.externaltools.gnu-tools-for-stm32.13.3.rel1.win32_1.0.0.202411081344/tools/bin/../lib/gcc/arm-none-eabi/13.3.1/../../../../arm-none-eabi/lib/thumb/v7e-m+fp/hard\libc_nano.a(libc_a-fstatr.o)
                0x08005bf8                _fstat_r
 .text._isatty_r
                0x08005c1c       0x20 C:/ST/STM32CubeIDE_1.10.1/STM32CubeIDE/plugins/com.st.stm32cube.ide.mcu.externaltools.gnu-tools-for-stm32.13.3.rel1.win32_1.0.0.202411081344/tools/bin/../lib/gcc/arm-none-eabi/13.3.1/../../../../arm-none-eabi/lib/thumb/v7e-m+fp/hard\libc_nano.a(libc_a-isattyr.o)
                0x08005c1c                _isatty_r
 .text._sbrk_r  0x08005c3c       0x20 C:/ST/STM32CubeIDE_1.10.1/STM32CubeIDE/plugins/com.st.stm32cube.ide.mcu.externaltools.gnu-tools-for-stm32.13.3.rel1.win32_1.0.0.202411081344/tools/bin/../lib/gcc/arm-none-eabi/13.3.1/../../../../arm-none-eabi/lib/thumb/v7e-m+fp/hard\libc_nano.a(libc_a-sbrkr.o)
                0x08005c3c                _sbrk_r
 *(.glue_7)
 .glue_7        0x08005c5c        0x0 linker stubs
 *(.glue_7t)
 .glue_7t       0x08005c5c        0x0 linker stubs
 *(.eh_frame)
 .eh_frame      0x08005c5c        0x0 C:/ST/STM32CubeIDE_1.10.1/STM32CubeIDE/plugins/com.st.stm32cube.ide.mcu.externaltools.gnu-tools-for-stm32.13.3.rel1.win32_1.0.0.202411081344/tools/bin/../lib/gcc/arm-none-eabi/13.3.1/thumb/v7e-m+fp/hard/crtbegin.o
 *(.init)
 .init          0x08005c5c        0x4 C:/ST/STM32CubeIDE_1.10.1/STM32CubeIDE/plugins/com.st.stm32cube.ide.mcu.externaltools.gnu-tools-for-stm32.13.3.rel1.win32_1.0.0.202411081344/tools/bin/../lib/gcc/arm-none-eabi/13.3.1/thumb/v7e-m+fp/hard/crti.o
                0x08005c5c                _init
 .init          0x08005c60        0x8 C:/ST/STM32CubeIDE_1.10.1/STM32CubeIDE/plugins/com.st.stm32cube.ide.mcu.externaltools.gnu-tools-for-stm32.13.3.rel1.win32_1.0.0.202411081344/tools/bin/../lib/gcc/arm-none-eabi/13.3.1/thumb/v7e-m+fp/hard/crtn.o
 *(.fini)
 .fini          0x08005c68        0x4 C:/ST/STM32CubeIDE_1.10.1/STM32CubeIDE/plugins/com.st.stm32cube.ide.mcu.externaltools.gnu-tools-for-stm32.13.3.rel1.win32_1.0.0.202411081344/tools/bin/../lib/gcc/arm-none-eabi/13.3.1/thumb/v7e-m+fp/hard/crti.o
                0x08005c68                _fini
 .fini          0x08005c6c        0x8 C:/ST/STM32CubeIDE_1.10.1/STM32CubeIDE/plugins/com.st.stm32cube.ide.mcu.externaltools.gnu-tools-for-stm32.13.3.rel1.win32_1.0.0.202411081344/tools/bin/../lib/gcc/arm-none-eabi/13.3.1/thumb/v7e-m+fp/hard/crtn.o
                0x08005c74                        . = ALIGN (0x4)
                0x08005c74                        _etext = .

.vfp11_veneer   0x08005c74        0x0
 .vfp11_veneer  0x08005c74        0x0 linker stubs

.v4_bx          0x08005c74        0x0
 .v4_bx         0x08005c74        0x0 linker stubs

.iplt           0x08005c74        0x0
 .iplt          0x08005c74        0x0 C:/ST/STM32CubeIDE_1.10.1/STM32CubeIDE/plugins/com.st.stm32cube.ide.mcu.externaltools.gnu-tools-for-stm32.13.3.rel1.win32_1.0.0.202411081344/tools/bin/../lib/gcc/arm-none-eabi/13.3.1/thumb/v7e-m+fp/hard/crtbegin.o

.rodata         0x08005c74      0x17c
                0x08005c74                        . = ALIGN (0x4)
 *(.rodata)
 .rodata        0x08005c74       0x88 ./Core/Src/Mx106v2.o
 .rodata        0x08005cfc        0x7 ./Core/Src/main.o
 *fill*         0x08005d03        0x1 
 .rodata        0x08005d04       0x86 ./Core/Src/stm32f4xx_it.o
 *(.rodata*)
 *fill*         0x08005d8a        0x2 
 .rodata.STREAM_OFFSET_TAB
                0x08005d8c        0x8 ./Core/Src/Mx106v2.o
 .rodata.STREAM_OFFSET_TAB
                0x08005d94        0x8 ./Core/Src/stm32f4xx_it.o
 .rodata.AHBPrescTable
                0x08005d9c       0x10 ./Core/Src/system_stm32f4xx.o
                0x08005d9c                AHBPrescTable
 .rodata.APBPrescTable
                0x08005dac        0x8 ./Core/Src/system_stm32f4xx.o
                0x08005dac                APBPrescTable
 .rodata.STREAM_OFFSET_TAB
                0x08005db4        0x8 ./Core/Src/usart.o
 .rodata._vfprintf_r.str1.1
                0x08005dbc       0x33 C:/ST/STM32CubeIDE_1.10.1/STM32CubeIDE/plugins/com.st.stm32cube.ide.mcu.externaltools.gnu-tools-for-stm32.13.3.rel1.win32_1.0.0.202411081344/tools/bin/../lib/gcc/arm-none-eabi/13.3.1/../../../../arm-none-eabi/lib/thumb/v7e-m+fp/hard\libc_nano.a(libc_a-nano-vfprintf.o)
                                 0x11 (size before relaxing)
 .rodata._printf_i.str1.1
                0x08005def       0x22 C:/ST/STM32CubeIDE_1.10.1/STM32CubeIDE/plugins/com.st.stm32cube.ide.mcu.externaltools.gnu-tools-for-stm32.13.3.rel1.win32_1.0.0.202411081344/tools/bin/../lib/gcc/arm-none-eabi/13.3.1/../../../../arm-none-eabi/lib/thumb/v7e-m+fp/hard\libc_nano.a(libc_a-nano-vfprintf_i.o)
                0x08005e14                        . = ALIGN (0x4)
 *fill*         0x08005def        0x1 

.ARM.extab      0x08005df0        0x0
                0x08005df0                        . = ALIGN (0x4)
 *(.ARM.extab* .gnu.linkonce.armextab.*)
                0x08005df0                        . = ALIGN (0x4)

.ARM            0x08005df0        0x8
                0x08005df0                        . = ALIGN (0x4)
                0x08005df0                        __exidx_start = .
 *(.ARM.exidx*)
 .ARM.exidx     0x08005df0        0x8 C:/ST/STM32CubeIDE_1.10.1/STM32CubeIDE/plugins/com.st.stm32cube.ide.mcu.externaltools.gnu-tools-for-stm32.13.3.rel1.win32_1.0.0.202411081344/tools/bin/../lib/gcc/arm-none-eabi/13.3.1/../../../../arm-none-eabi/lib/thumb/v7e-m+fp/hard\libc_nano.a(libc_a-memchr.o)
 .ARM.exidx     0x08005df8        0x0 C:/ST/STM32CubeIDE_1.10.1/STM32CubeIDE/plugins/com.st.stm32cube.ide.mcu.externaltools.gnu-tools-for-stm32.13.3.rel1.win32_1.0.0.202411081344/tools/bin/../lib/gcc/arm-none-eabi/13.3.1/thumb/v7e-m+fp/hard\libgcc.a(_udivmoddi4.o)
                                  0x8 (size before relaxing)
                0x08005df8                        __exidx_end = .
                0x08005df8                        . = ALIGN (0x4)

.preinit_array  0x08005df8        0x0
                0x08005df8                        . = ALIGN (0x4)
                0x08005df8                        PROVIDE (__preinit_array_start = .)
 *(.preinit_array*)
                0x08005df8                        PROVIDE (__preinit_array_end = .)
                0x08005df8                        . = ALIGN (0x4)

.init_array     0x08005df8        0x4
                0x08005df8                        . = ALIGN (0x4)
                0x08005df8                        PROVIDE (__init_array_start = .)
 *(SORT_BY_NAME(.init_array.*))
 *(.init_array*)
 .init_array    0x08005df8        0x4 C:/ST/STM32CubeIDE_1.10.1/STM32CubeIDE/plugins/com.st.stm32cube.ide.mcu.externaltools.gnu-tools-for-stm32.13.3.rel1.win32_1.0.0.202411081344/tools/bin/../lib/gcc/arm-none-eabi/13.3.1/thumb/v7e-m+fp/hard/crtbegin.o
                0x08005dfc                        PROVIDE (__init_array_end = .)
                0x08005dfc                        . = ALIGN (0x4)

.fini_array     0x08005dfc        0x4
                0x08005dfc                        . = ALIGN (0x4)
                [!provide]                        PROVIDE (__fini_array_start = .)
 *(SORT_BY_NAME(.fini_array.*))
 *(.fini_array*)
 .fini_array    0x08005dfc        0x4 C:/ST/STM32CubeIDE_1.10.1/STM32CubeIDE/plugins/com.st.stm32cube.ide.mcu.externaltools.gnu-tools-for-stm32.13.3.rel1.win32_1.0.0.202411081344/tools/bin/../lib/gcc/arm-none-eabi/13.3.1/thumb/v7e-m+fp/hard/crtbegin.o
                [!provide]                        PROVIDE (__fini_array_end = .)
                0x08005e00                        . = ALIGN (0x4)
                0x08005e00                        _sidata = LOADADDR (.data)

.rel.dyn        0x08005e00        0x0
 .rel.iplt      0x08005e00        0x0 C:/ST/STM32CubeIDE_1.10.1/STM32CubeIDE/plugins/com.st.stm32cube.ide.mcu.externaltools.gnu-tools-for-stm32.13.3.rel1.win32_1.0.0.202411081344/tools/bin/../lib/gcc/arm-none-eabi/13.3.1/thumb/v7e-m+fp/hard/crtbegin.o

.data           0x20000000      0x33c load address 0x08005e00
                0x20000000                        . = ALIGN (0x4)
                0x20000000                        _sdata = .
 *(.data)
 *(.data*)
 .data.dynamixel_Ready
                0x20000000        0x1 ./Core/Src/Mx106v2.o
                0x20000000                dynamixel_Ready
 .data.Packet_Return
                0x20000001        0x1 ./Core/Src/Mx106v2.o
                0x20000001                Packet_Return
 .data.Status_Return_Level
                0x20000002        0x1 ./Core/Src/Mx106v2.o
                0x20000002                Status_Return_Level
 *fill*         0x20000003        0x1 
 .data.Instruction_Packet_Array
                0x20000004       0xc8 ./Core/Src/Mx106v2.o
                0x20000004                Instruction_Packet_Array
 .data.crc_table
                0x200000cc      0x200 ./Core/Src/Mx106v2_CRC.o
                0x200000cc                crc_table
 .data.a        0x200002cc        0x4 ./Core/Src/main.o
                0x200002cc                a
 .data.tx_data  0x200002d0        0x9 ./Core/Src/stm32f4xx_it.o
                0x200002d0                tx_data
 *fill*         0x200002d9        0x3 
 .data.SystemCoreClock
                0x200002dc        0x4 ./Core/Src/system_stm32f4xx.o
                0x200002dc                SystemCoreClock
 .data.__sglue  0x200002e0        0xc C:/ST/STM32CubeIDE_1.10.1/STM32CubeIDE/plugins/com.st.stm32cube.ide.mcu.externaltools.gnu-tools-for-stm32.13.3.rel1.win32_1.0.0.202411081344/tools/bin/../lib/gcc/arm-none-eabi/13.3.1/../../../../arm-none-eabi/lib/thumb/v7e-m+fp/hard\libc_nano.a(libc_a-findfp.o)
                0x200002e0                __sglue
 .data._impure_ptr
                0x200002ec        0x4 C:/ST/STM32CubeIDE_1.10.1/STM32CubeIDE/plugins/com.st.stm32cube.ide.mcu.externaltools.gnu-tools-for-stm32.13.3.rel1.win32_1.0.0.202411081344/tools/bin/../lib/gcc/arm-none-eabi/13.3.1/../../../../arm-none-eabi/lib/thumb/v7e-m+fp/hard\libc_nano.a(libc_a-impure.o)
                0x200002ec                _impure_ptr
 .data._impure_data
                0x200002f0       0x4c C:/ST/STM32CubeIDE_1.10.1/STM32CubeIDE/plugins/com.st.stm32cube.ide.mcu.externaltools.gnu-tools-for-stm32.13.3.rel1.win32_1.0.0.202411081344/tools/bin/../lib/gcc/arm-none-eabi/13.3.1/../../../../arm-none-eabi/lib/thumb/v7e-m+fp/hard\libc_nano.a(libc_a-impure.o)
                0x200002f0                _impure_data
 *(.RamFunc)
 *(.RamFunc*)
                0x2000033c                        . = ALIGN (0x4)
                0x2000033c                        _edata = .

.igot.plt       0x2000033c        0x0 load address 0x0800613c
 .igot.plt      0x2000033c        0x0 C:/ST/STM32CubeIDE_1.10.1/STM32CubeIDE/plugins/com.st.stm32cube.ide.mcu.externaltools.gnu-tools-for-stm32.13.3.rel1.win32_1.0.0.202411081344/tools/bin/../lib/gcc/arm-none-eabi/13.3.1/thumb/v7e-m+fp/hard/crtbegin.o
                0x2000033c                        . = ALIGN (0x4)

.bss            0x2000033c      0x1e0 load address 0x0800613c
                0x2000033c                        _sbss = .
                0x2000033c                        __bss_start__ = _sbss
 *(.bss)
 .bss           0x2000033c       0x1c C:/ST/STM32CubeIDE_1.10.1/STM32CubeIDE/plugins/com.st.stm32cube.ide.mcu.externaltools.gnu-tools-for-stm32.13.3.rel1.win32_1.0.0.202411081344/tools/bin/../lib/gcc/arm-none-eabi/13.3.1/thumb/v7e-m+fp/hard/crtbegin.o
 *(.bss*)
 .bss.dynamixel_position
                0x20000358       0x4c ./Core/Src/Mx106v2.o
                0x20000358                dynamixel_position
 .bss.Is_dynamixel_GetData
                0x200003a4        0x1 ./Core/Src/Mx106v2.o
                0x200003a4                Is_dynamixel_GetData
 *fill*         0x200003a5        0x3 
 .bss.Status_packet_length
                0x200003a8        0x4 ./Core/Src/Mx106v2.o
                0x200003a8                Status_packet_length
 .bss.Status_Packet_Array
                0x200003ac       0x19 ./Core/Src/Mx106v2.o
                0x200003ac                Status_Packet_Array
 *fill*         0x200003c5        0x1 
 .bss.crc       0x200003c6        0x2 ./Core/Src/Mx106v2.o
                0x200003c6                crc
 .bss.start_trans_mx
                0x200003c8        0x1 ./Core/Src/main.o
                0x200003c8                start_trans_mx
 *fill*         0x200003c9        0x3 
 .bss.__sbrk_heap_end
                0x200003cc        0x4 ./Core/Src/sysmem.o
 .bss.__sf      0x200003d0      0x138 C:/ST/STM32CubeIDE_1.10.1/STM32CubeIDE/plugins/com.st.stm32cube.ide.mcu.externaltools.gnu-tools-for-stm32.13.3.rel1.win32_1.0.0.202411081344/tools/bin/../lib/gcc/arm-none-eabi/13.3.1/../../../../arm-none-eabi/lib/thumb/v7e-m+fp/hard\libc_nano.a(libc_a-findfp.o)
                0x200003d0                __sf
 .bss.__stdio_exit_handler
                0x20000508        0x4 C:/ST/STM32CubeIDE_1.10.1/STM32CubeIDE/plugins/com.st.stm32cube.ide.mcu.externaltools.gnu-tools-for-stm32.13.3.rel1.win32_1.0.0.202411081344/tools/bin/../lib/gcc/arm-none-eabi/13.3.1/../../../../arm-none-eabi/lib/thumb/v7e-m+fp/hard\libc_nano.a(libc_a-findfp.o)
                0x20000508                __stdio_exit_handler
 .bss.errno     0x2000050c        0x4 C:/ST/STM32CubeIDE_1.10.1/STM32CubeIDE/plugins/com.st.stm32cube.ide.mcu.externaltools.gnu-tools-for-stm32.13.3.rel1.win32_1.0.0.202411081344/tools/bin/../lib/gcc/arm-none-eabi/13.3.1/../../../../arm-none-eabi/lib/thumb/v7e-m+fp/hard\libc_nano.a(libc_a-reent.o)
                0x2000050c                errno
 .bss.__lock___malloc_recursive_mutex
                0x20000510        0x1 C:/ST/STM32CubeIDE_1.10.1/STM32CubeIDE/plugins/com.st.stm32cube.ide.mcu.externaltools.gnu-tools-for-stm32.13.3.rel1.win32_1.0.0.202411081344/tools/bin/../lib/gcc/arm-none-eabi/13.3.1/../../../../arm-none-eabi/lib/thumb/v7e-m+fp/hard\libc_nano.a(libc_a-lock.o)
                0x20000510                __lock___malloc_recursive_mutex
 .bss.__lock___sfp_recursive_mutex
                0x20000511        0x1 C:/ST/STM32CubeIDE_1.10.1/STM32CubeIDE/plugins/com.st.stm32cube.ide.mcu.externaltools.gnu-tools-for-stm32.13.3.rel1.win32_1.0.0.202411081344/tools/bin/../lib/gcc/arm-none-eabi/13.3.1/../../../../arm-none-eabi/lib/thumb/v7e-m+fp/hard\libc_nano.a(libc_a-lock.o)
                0x20000511                __lock___sfp_recursive_mutex
 *fill*         0x20000512        0x2 
 .bss.__malloc_sbrk_start
                0x20000514        0x4 C:/ST/STM32CubeIDE_1.10.1/STM32CubeIDE/plugins/com.st.stm32cube.ide.mcu.externaltools.gnu-tools-for-stm32.13.3.rel1.win32_1.0.0.202411081344/tools/bin/../lib/gcc/arm-none-eabi/13.3.1/../../../../arm-none-eabi/lib/thumb/v7e-m+fp/hard\libc_nano.a(libc_a-mallocr.o)
                0x20000514                __malloc_sbrk_start
 .bss.__malloc_free_list
                0x20000518        0x4 C:/ST/STM32CubeIDE_1.10.1/STM32CubeIDE/plugins/com.st.stm32cube.ide.mcu.externaltools.gnu-tools-for-stm32.13.3.rel1.win32_1.0.0.202411081344/tools/bin/../lib/gcc/arm-none-eabi/13.3.1/../../../../arm-none-eabi/lib/thumb/v7e-m+fp/hard\libc_nano.a(libc_a-mallocr.o)
                0x20000518                __malloc_free_list
 *(COMMON)
                0x2000051c                        . = ALIGN (0x4)
                0x2000051c                        _ebss = .
                0x2000051c                        __bss_end__ = _ebss

._user_heap_stack
                0x2000051c      0x604 load address 0x0800613c
                0x20000520                        . = ALIGN (0x8)
 *fill*         0x2000051c        0x4 
                [!provide]                        PROVIDE (end = .)
                0x20000520                        PROVIDE (_end = .)
                0x20000720                        . = (. + _Min_Heap_Size)
 *fill*         0x20000520      0x200 
                0x20000b20                        . = (. + _Min_Stack_Size)
 *fill*         0x20000720      0x400 
                0x20000b20                        . = ALIGN (0x8)

/DISCARD/
 libc.a(*)
 libm.a(*)
 libgcc.a(*)

.ARM.attributes
                0x00000000       0x30
 *(.ARM.attributes)
 .ARM.attributes
                0x00000000       0x22 C:/ST/STM32CubeIDE_1.10.1/STM32CubeIDE/plugins/com.st.stm32cube.ide.mcu.externaltools.gnu-tools-for-stm32.13.3.rel1.win32_1.0.0.202411081344/tools/bin/../lib/gcc/arm-none-eabi/13.3.1/thumb/v7e-m+fp/hard/crti.o
 .ARM.attributes
                0x00000022       0x34 C:/ST/STM32CubeIDE_1.10.1/STM32CubeIDE/plugins/com.st.stm32cube.ide.mcu.externaltools.gnu-tools-for-stm32.13.3.rel1.win32_1.0.0.202411081344/tools/bin/../lib/gcc/arm-none-eabi/13.3.1/thumb/v7e-m+fp/hard/crtbegin.o
 .ARM.attributes
                0x00000056       0x34 ./Core/Src/Mx106v2.o
 .ARM.attributes
                0x0000008a       0x34 ./Core/Src/Mx106v2_CRC.o
 .ARM.attributes
                0x000000be       0x34 ./Core/Src/dma.o
 .ARM.attributes
                0x000000f2       0x34 ./Core/Src/gpio.o
 .ARM.attributes
                0x00000126       0x34 ./Core/Src/main.o
 .ARM.attributes
                0x0000015a       0x34 ./Core/Src/stm32f4xx_it.o
 .ARM.attributes
                0x0000018e       0x34 ./Core/Src/syscalls.o
 .ARM.attributes
                0x000001c2       0x34 ./Core/Src/sysmem.o
 .ARM.attributes
                0x000001f6       0x34 ./Core/Src/system_stm32f4xx.o
 .ARM.attributes
                0x0000022a       0x34 ./Core/Src/tim.o
 .ARM.attributes
                0x0000025e       0x34 ./Core/Src/usart.o
 .ARM.attributes
                0x00000292       0x21 ./Core/Startup/startup_stm32f446retx.o
 .ARM.attributes
                0x000002b3       0x34 ./Drivers/STM32F4xx_HAL_Driver/Src/stm32f4xx_ll_gpio.o
 .ARM.attributes
                0x000002e7       0x34 ./Drivers/STM32F4xx_HAL_Driver/Src/stm32f4xx_ll_rcc.o
 .ARM.attributes
                0x0000031b       0x34 ./Drivers/STM32F4xx_HAL_Driver/Src/stm32f4xx_ll_tim.o
 .ARM.attributes
                0x0000034f       0x34 ./Drivers/STM32F4xx_HAL_Driver/Src/stm32f4xx_ll_usart.o
 .ARM.attributes
                0x00000383       0x34 ./Drivers/STM32F4xx_HAL_Driver/Src/stm32f4xx_ll_utils.o
 .ARM.attributes
                0x000003b7       0x34 C:/ST/STM32CubeIDE_1.10.1/STM32CubeIDE/plugins/com.st.stm32cube.ide.mcu.externaltools.gnu-tools-for-stm32.13.3.rel1.win32_1.0.0.202411081344/tools/bin/../lib/gcc/arm-none-eabi/13.3.1/../../../../arm-none-eabi/lib/thumb/v7e-m+fp/hard\libc_nano.a(libc_a-findfp.o)
 .ARM.attributes
                0x000003eb       0x34 C:/ST/STM32CubeIDE_1.10.1/STM32CubeIDE/plugins/com.st.stm32cube.ide.mcu.externaltools.gnu-tools-for-stm32.13.3.rel1.win32_1.0.0.202411081344/tools/bin/../lib/gcc/arm-none-eabi/13.3.1/../../../../arm-none-eabi/lib/thumb/v7e-m+fp/hard\libc_nano.a(libc_a-fwalk.o)
 .ARM.attributes
                0x0000041f       0x34 C:/ST/STM32CubeIDE_1.10.1/STM32CubeIDE/plugins/com.st.stm32cube.ide.mcu.externaltools.gnu-tools-for-stm32.13.3.rel1.win32_1.0.0.202411081344/tools/bin/../lib/gcc/arm-none-eabi/13.3.1/../../../../arm-none-eabi/lib/thumb/v7e-m+fp/hard\libc_nano.a(libc_a-printf.o)
 .ARM.attributes
                0x00000453       0x34 C:/ST/STM32CubeIDE_1.10.1/STM32CubeIDE/plugins/com.st.stm32cube.ide.mcu.externaltools.gnu-tools-for-stm32.13.3.rel1.win32_1.0.0.202411081344/tools/bin/../lib/gcc/arm-none-eabi/13.3.1/../../../../arm-none-eabi/lib/thumb/v7e-m+fp/hard\libc_nano.a(libc_a-puts.o)
 .ARM.attributes
                0x00000487       0x34 C:/ST/STM32CubeIDE_1.10.1/STM32CubeIDE/plugins/com.st.stm32cube.ide.mcu.externaltools.gnu-tools-for-stm32.13.3.rel1.win32_1.0.0.202411081344/tools/bin/../lib/gcc/arm-none-eabi/13.3.1/../../../../arm-none-eabi/lib/thumb/v7e-m+fp/hard\libc_nano.a(libc_a-stdio.o)
 .ARM.attributes
                0x000004bb       0x34 C:/ST/STM32CubeIDE_1.10.1/STM32CubeIDE/plugins/com.st.stm32cube.ide.mcu.externaltools.gnu-tools-for-stm32.13.3.rel1.win32_1.0.0.202411081344/tools/bin/../lib/gcc/arm-none-eabi/13.3.1/../../../../arm-none-eabi/lib/thumb/v7e-m+fp/hard\libc_nano.a(libc_a-wbuf.o)
 .ARM.attributes
                0x000004ef       0x34 C:/ST/STM32CubeIDE_1.10.1/STM32CubeIDE/plugins/com.st.stm32cube.ide.mcu.externaltools.gnu-tools-for-stm32.13.3.rel1.win32_1.0.0.202411081344/tools/bin/../lib/gcc/arm-none-eabi/13.3.1/../../../../arm-none-eabi/lib/thumb/v7e-m+fp/hard\libc_nano.a(libc_a-wsetup.o)
 .ARM.attributes
                0x00000523       0x34 C:/ST/STM32CubeIDE_1.10.1/STM32CubeIDE/plugins/com.st.stm32cube.ide.mcu.externaltools.gnu-tools-for-stm32.13.3.rel1.win32_1.0.0.202411081344/tools/bin/../lib/gcc/arm-none-eabi/13.3.1/../../../../arm-none-eabi/lib/thumb/v7e-m+fp/hard\libc_nano.a(libc_a-memset.o)
 .ARM.attributes
                0x00000557       0x34 C:/ST/STM32CubeIDE_1.10.1/STM32CubeIDE/plugins/com.st.stm32cube.ide.mcu.externaltools.gnu-tools-for-stm32.13.3.rel1.win32_1.0.0.202411081344/tools/bin/../lib/gcc/arm-none-eabi/13.3.1/../../../../arm-none-eabi/lib/thumb/v7e-m+fp/hard\libc_nano.a(libc_a-closer.o)
 .ARM.attributes
                0x0000058b       0x34 C:/ST/STM32CubeIDE_1.10.1/STM32CubeIDE/plugins/com.st.stm32cube.ide.mcu.externaltools.gnu-tools-for-stm32.13.3.rel1.win32_1.0.0.202411081344/tools/bin/../lib/gcc/arm-none-eabi/13.3.1/../../../../arm-none-eabi/lib/thumb/v7e-m+fp/hard\libc_nano.a(libc_a-reent.o)
 .ARM.attributes
                0x000005bf       0x34 C:/ST/STM32CubeIDE_1.10.1/STM32CubeIDE/plugins/com.st.stm32cube.ide.mcu.externaltools.gnu-tools-for-stm32.13.3.rel1.win32_1.0.0.202411081344/tools/bin/../lib/gcc/arm-none-eabi/13.3.1/../../../../arm-none-eabi/lib/thumb/v7e-m+fp/hard\libc_nano.a(libc_a-impure.o)
 .ARM.attributes
                0x000005f3       0x34 C:/ST/STM32CubeIDE_1.10.1/STM32CubeIDE/plugins/com.st.stm32cube.ide.mcu.externaltools.gnu-tools-for-stm32.13.3.rel1.win32_1.0.0.202411081344/tools/bin/../lib/gcc/arm-none-eabi/13.3.1/../../../../arm-none-eabi/lib/thumb/v7e-m+fp/hard\libc_nano.a(libc_a-lseekr.o)
 .ARM.attributes
                0x00000627       0x34 C:/ST/STM32CubeIDE_1.10.1/STM32CubeIDE/plugins/com.st.stm32cube.ide.mcu.externaltools.gnu-tools-for-stm32.13.3.rel1.win32_1.0.0.202411081344/tools/bin/../lib/gcc/arm-none-eabi/13.3.1/../../../../arm-none-eabi/lib/thumb/v7e-m+fp/hard\libc_nano.a(libc_a-readr.o)
 .ARM.attributes
                0x0000065b       0x34 C:/ST/STM32CubeIDE_1.10.1/STM32CubeIDE/plugins/com.st.stm32cube.ide.mcu.externaltools.gnu-tools-for-stm32.13.3.rel1.win32_1.0.0.202411081344/tools/bin/../lib/gcc/arm-none-eabi/13.3.1/../../../../arm-none-eabi/lib/thumb/v7e-m+fp/hard\libc_nano.a(libc_a-writer.o)
 .ARM.attributes
                0x0000068f       0x34 C:/ST/STM32CubeIDE_1.10.1/STM32CubeIDE/plugins/com.st.stm32cube.ide.mcu.externaltools.gnu-tools-for-stm32.13.3.rel1.win32_1.0.0.202411081344/tools/bin/../lib/gcc/arm-none-eabi/13.3.1/../../../../arm-none-eabi/lib/thumb/v7e-m+fp/hard\libc_nano.a(libc_a-errno.o)
 .ARM.attributes
                0x000006c3       0x34 C:/ST/STM32CubeIDE_1.10.1/STM32CubeIDE/plugins/com.st.stm32cube.ide.mcu.externaltools.gnu-tools-for-stm32.13.3.rel1.win32_1.0.0.202411081344/tools/bin/../lib/gcc/arm-none-eabi/13.3.1/../../../../arm-none-eabi/lib/thumb/v7e-m+fp/hard\libc_nano.a(libc_a-init.o)
 .ARM.attributes
                0x000006f7       0x34 C:/ST/STM32CubeIDE_1.10.1/STM32CubeIDE/plugins/com.st.stm32cube.ide.mcu.externaltools.gnu-tools-for-stm32.13.3.rel1.win32_1.0.0.202411081344/tools/bin/../lib/gcc/arm-none-eabi/13.3.1/../../../../arm-none-eabi/lib/thumb/v7e-m+fp/hard\libc_nano.a(libc_a-lock.o)
 .ARM.attributes
                0x0000072b       0x34 C:/ST/STM32CubeIDE_1.10.1/STM32CubeIDE/plugins/com.st.stm32cube.ide.mcu.externaltools.gnu-tools-for-stm32.13.3.rel1.win32_1.0.0.202411081344/tools/bin/../lib/gcc/arm-none-eabi/13.3.1/../../../../arm-none-eabi/lib/thumb/v7e-m+fp/hard\libc_nano.a(libc_a-freer.o)
 .ARM.attributes
                0x0000075f       0x34 C:/ST/STM32CubeIDE_1.10.1/STM32CubeIDE/plugins/com.st.stm32cube.ide.mcu.externaltools.gnu-tools-for-stm32.13.3.rel1.win32_1.0.0.202411081344/tools/bin/../lib/gcc/arm-none-eabi/13.3.1/../../../../arm-none-eabi/lib/thumb/v7e-m+fp/hard\libc_nano.a(libc_a-mallocr.o)
 .ARM.attributes
                0x00000793       0x34 C:/ST/STM32CubeIDE_1.10.1/STM32CubeIDE/plugins/com.st.stm32cube.ide.mcu.externaltools.gnu-tools-for-stm32.13.3.rel1.win32_1.0.0.202411081344/tools/bin/../lib/gcc/arm-none-eabi/13.3.1/../../../../arm-none-eabi/lib/thumb/v7e-m+fp/hard\libc_nano.a(libc_a-mlock.o)
 .ARM.attributes
                0x000007c7       0x34 C:/ST/STM32CubeIDE_1.10.1/STM32CubeIDE/plugins/com.st.stm32cube.ide.mcu.externaltools.gnu-tools-for-stm32.13.3.rel1.win32_1.0.0.202411081344/tools/bin/../lib/gcc/arm-none-eabi/13.3.1/../../../../arm-none-eabi/lib/thumb/v7e-m+fp/hard\libc_nano.a(libc_a-nano-vfprintf.o)
 .ARM.attributes
                0x000007fb       0x34 C:/ST/STM32CubeIDE_1.10.1/STM32CubeIDE/plugins/com.st.stm32cube.ide.mcu.externaltools.gnu-tools-for-stm32.13.3.rel1.win32_1.0.0.202411081344/tools/bin/../lib/gcc/arm-none-eabi/13.3.1/../../../../arm-none-eabi/lib/thumb/v7e-m+fp/hard\libc_nano.a(libc_a-nano-vfprintf_i.o)
 .ARM.attributes
                0x0000082f       0x34 C:/ST/STM32CubeIDE_1.10.1/STM32CubeIDE/plugins/com.st.stm32cube.ide.mcu.externaltools.gnu-tools-for-stm32.13.3.rel1.win32_1.0.0.202411081344/tools/bin/../lib/gcc/arm-none-eabi/13.3.1/../../../../arm-none-eabi/lib/thumb/v7e-m+fp/hard\libc_nano.a(libc_a-fflush.o)
 .ARM.attributes
                0x00000863       0x34 C:/ST/STM32CubeIDE_1.10.1/STM32CubeIDE/plugins/com.st.stm32cube.ide.mcu.externaltools.gnu-tools-for-stm32.13.3.rel1.win32_1.0.0.202411081344/tools/bin/../lib/gcc/arm-none-eabi/13.3.1/../../../../arm-none-eabi/lib/thumb/v7e-m+fp/hard\libc_nano.a(libc_a-makebuf.o)
 .ARM.attributes
                0x00000897       0x34 C:/ST/STM32CubeIDE_1.10.1/STM32CubeIDE/plugins/com.st.stm32cube.ide.mcu.externaltools.gnu-tools-for-stm32.13.3.rel1.win32_1.0.0.202411081344/tools/bin/../lib/gcc/arm-none-eabi/13.3.1/../../../../arm-none-eabi/lib/thumb/v7e-m+fp/hard\libc_nano.a(libc_a-fstatr.o)
 .ARM.attributes
                0x000008cb       0x34 C:/ST/STM32CubeIDE_1.10.1/STM32CubeIDE/plugins/com.st.stm32cube.ide.mcu.externaltools.gnu-tools-for-stm32.13.3.rel1.win32_1.0.0.202411081344/tools/bin/../lib/gcc/arm-none-eabi/13.3.1/../../../../arm-none-eabi/lib/thumb/v7e-m+fp/hard\libc_nano.a(libc_a-isattyr.o)
 .ARM.attributes
                0x000008ff       0x34 C:/ST/STM32CubeIDE_1.10.1/STM32CubeIDE/plugins/com.st.stm32cube.ide.mcu.externaltools.gnu-tools-for-stm32.13.3.rel1.win32_1.0.0.202411081344/tools/bin/../lib/gcc/arm-none-eabi/13.3.1/../../../../arm-none-eabi/lib/thumb/v7e-m+fp/hard\libc_nano.a(libc_a-sbrkr.o)
 .ARM.attributes
                0x00000933       0x1c C:/ST/STM32CubeIDE_1.10.1/STM32CubeIDE/plugins/com.st.stm32cube.ide.mcu.externaltools.gnu-tools-for-stm32.13.3.rel1.win32_1.0.0.202411081344/tools/bin/../lib/gcc/arm-none-eabi/13.3.1/../../../../arm-none-eabi/lib/thumb/v7e-m+fp/hard\libc_nano.a(libc_a-memchr.o)
 .ARM.attributes
                0x0000094f       0x22 C:/ST/STM32CubeIDE_1.10.1/STM32CubeIDE/plugins/com.st.stm32cube.ide.mcu.externaltools.gnu-tools-for-stm32.13.3.rel1.win32_1.0.0.202411081344/tools/bin/../lib/gcc/arm-none-eabi/13.3.1/thumb/v7e-m+fp/hard\libgcc.a(_arm_addsubdf3.o)
 .ARM.attributes
                0x00000971       0x22 C:/ST/STM32CubeIDE_1.10.1/STM32CubeIDE/plugins/com.st.stm32cube.ide.mcu.externaltools.gnu-tools-for-stm32.13.3.rel1.win32_1.0.0.202411081344/tools/bin/../lib/gcc/arm-none-eabi/13.3.1/thumb/v7e-m+fp/hard\libgcc.a(_arm_muldivdf3.o)
 .ARM.attributes
                0x00000993       0x22 C:/ST/STM32CubeIDE_1.10.1/STM32CubeIDE/plugins/com.st.stm32cube.ide.mcu.externaltools.gnu-tools-for-stm32.13.3.rel1.win32_1.0.0.202411081344/tools/bin/../lib/gcc/arm-none-eabi/13.3.1/thumb/v7e-m+fp/hard\libgcc.a(_arm_fixdfsi.o)
 .ARM.attributes
                0x000009b5       0x22 C:/ST/STM32CubeIDE_1.10.1/STM32CubeIDE/plugins/com.st.stm32cube.ide.mcu.externaltools.gnu-tools-for-stm32.13.3.rel1.win32_1.0.0.202411081344/tools/bin/../lib/gcc/arm-none-eabi/13.3.1/thumb/v7e-m+fp/hard\libgcc.a(_aeabi_uldivmod.o)
 .ARM.attributes
                0x000009d7       0x34 C:/ST/STM32CubeIDE_1.10.1/STM32CubeIDE/plugins/com.st.stm32cube.ide.mcu.externaltools.gnu-tools-for-stm32.13.3.rel1.win32_1.0.0.202411081344/tools/bin/../lib/gcc/arm-none-eabi/13.3.1/thumb/v7e-m+fp/hard\libgcc.a(_udivmoddi4.o)
 .ARM.attributes
                0x00000a0b       0x22 C:/ST/STM32CubeIDE_1.10.1/STM32CubeIDE/plugins/com.st.stm32cube.ide.mcu.externaltools.gnu-tools-for-stm32.13.3.rel1.win32_1.0.0.202411081344/tools/bin/../lib/gcc/arm-none-eabi/13.3.1/thumb/v7e-m+fp/hard\libgcc.a(_dvmd_tls.o)
 .ARM.attributes
                0x00000a2d       0x22 C:/ST/STM32CubeIDE_1.10.1/STM32CubeIDE/plugins/com.st.stm32cube.ide.mcu.externaltools.gnu-tools-for-stm32.13.3.rel1.win32_1.0.0.202411081344/tools/bin/../lib/gcc/arm-none-eabi/13.3.1/thumb/v7e-m+fp/hard/crtn.o
OUTPUT(robot_arm.elf elf32-littlearm)
LOAD linker stubs
LOAD C:/ST/STM32CubeIDE_1.10.1/STM32CubeIDE/plugins/com.st.stm32cube.ide.mcu.externaltools.gnu-tools-for-stm32.13.3.rel1.win32_1.0.0.202411081344/tools/bin/../lib/gcc/arm-none-eabi/13.3.1/../../../../arm-none-eabi/lib/thumb/v7e-m+fp/hard\libc.a
LOAD C:/ST/STM32CubeIDE_1.10.1/STM32CubeIDE/plugins/com.st.stm32cube.ide.mcu.externaltools.gnu-tools-for-stm32.13.3.rel1.win32_1.0.0.202411081344/tools/bin/../lib/gcc/arm-none-eabi/13.3.1/../../../../arm-none-eabi/lib/thumb/v7e-m+fp/hard\libm.a
LOAD C:/ST/STM32CubeIDE_1.10.1/STM32CubeIDE/plugins/com.st.stm32cube.ide.mcu.externaltools.gnu-tools-for-stm32.13.3.rel1.win32_1.0.0.202411081344/tools/bin/../lib/gcc/arm-none-eabi/13.3.1/thumb/v7e-m+fp/hard\libgcc.a

.debug_info     0x00000000     0xa9df
 .debug_info    0x00000000     0x1be0 ./Core/Src/Mx106v2.o
 .debug_info    0x00001be0      0x1d4 ./Core/Src/Mx106v2_CRC.o
 .debug_info    0x00001db4      0x9c8 ./Core/Src/dma.o
 .debug_info    0x0000277c      0x4d8 ./Core/Src/gpio.o
 .debug_info    0x00002c54      0xf79 ./Core/Src/main.o
 .debug_info    0x00003bcd      0xe8d ./Core/Src/stm32f4xx_it.o
 .debug_info    0x00004a5a      0x69c ./Core/Src/syscalls.o
 .debug_info    0x000050f6      0x161 ./Core/Src/sysmem.o
 .debug_info    0x00005257      0x543 ./Core/Src/system_stm32f4xx.o
 .debug_info    0x0000579a      0xc85 ./Core/Src/tim.o
 .debug_info    0x0000641f     0x1098 ./Core/Src/usart.o
 .debug_info    0x000074b7       0x30 ./Core/Startup/startup_stm32f446retx.o
 .debug_info    0x000074e7      0x950 ./Drivers/STM32F4xx_HAL_Driver/Src/stm32f4xx_ll_gpio.o
 .debug_info    0x00007e37      0xbd2 ./Drivers/STM32F4xx_HAL_Driver/Src/stm32f4xx_ll_rcc.o
 .debug_info    0x00008a09      0xf78 ./Drivers/STM32F4xx_HAL_Driver/Src/stm32f4xx_ll_tim.o
 .debug_info    0x00009981      0x71b ./Drivers/STM32F4xx_HAL_Driver/Src/stm32f4xx_ll_usart.o
 .debug_info    0x0000a09c      0x943 ./Drivers/STM32F4xx_HAL_Driver/Src/stm32f4xx_ll_utils.o

.debug_abbrev   0x00000000     0x1f31
 .debug_abbrev  0x00000000      0x3fe ./Core/Src/Mx106v2.o
 .debug_abbrev  0x000003fe       0xd3 ./Core/Src/Mx106v2_CRC.o
 .debug_abbrev  0x000004d1      0x198 ./Core/Src/dma.o
 .debug_abbrev  0x00000669      0x198 ./Core/Src/gpio.o
 .debug_abbrev  0x00000801      0x30c ./Core/Src/main.o
 .debug_abbrev  0x00000b0d      0x24e ./Core/Src/stm32f4xx_it.o
 .debug_abbrev  0x00000d5b      0x1b3 ./Core/Src/syscalls.o
 .debug_abbrev  0x00000f0e       0xbc ./Core/Src/sysmem.o
 .debug_abbrev  0x00000fca      0x11a ./Core/Src/system_stm32f4xx.o
 .debug_abbrev  0x000010e4      0x1e6 ./Core/Src/tim.o
 .debug_abbrev  0x000012ca      0x1f9 ./Core/Src/usart.o
 .debug_abbrev  0x000014c3       0x24 ./Core/Startup/startup_stm32f446retx.o
 .debug_abbrev  0x000014e7      0x237 ./Drivers/STM32F4xx_HAL_Driver/Src/stm32f4xx_ll_gpio.o
 .debug_abbrev  0x0000171e      0x1ef ./Drivers/STM32F4xx_HAL_Driver/Src/stm32f4xx_ll_rcc.o
 .debug_abbrev  0x0000190d      0x20f ./Drivers/STM32F4xx_HAL_Driver/Src/stm32f4xx_ll_tim.o
 .debug_abbrev  0x00001b1c      0x1f2 ./Drivers/STM32F4xx_HAL_Driver/Src/stm32f4xx_ll_usart.o
 .debug_abbrev  0x00001d0e      0x223 ./Drivers/STM32F4xx_HAL_Driver/Src/stm32f4xx_ll_utils.o

.debug_aranges  0x00000000      0xd38
 .debug_aranges
                0x00000000      0x240 ./Core/Src/Mx106v2.o
 .debug_aranges
                0x00000240       0x20 ./Core/Src/Mx106v2_CRC.o
 .debug_aranges
                0x00000260       0x48 ./Core/Src/dma.o
 .debug_aranges
                0x000002a8       0x30 ./Core/Src/gpio.o
 .debug_aranges
                0x000002d8      0x120 ./Core/Src/main.o
 .debug_aranges
                0x000003f8      0x1e0 ./Core/Src/stm32f4xx_it.o
 .debug_aranges
                0x000005d8       0xa8 ./Core/Src/syscalls.o
 .debug_aranges
                0x00000680       0x20 ./Core/Src/sysmem.o
 .debug_aranges
                0x000006a0       0x28 ./Core/Src/system_stm32f4xx.o
 .debug_aranges
                0x000006c8       0x68 ./Core/Src/tim.o
 .debug_aranges
                0x00000730       0xc0 ./Core/Src/usart.o
 .debug_aranges
                0x000007f0       0x28 ./Core/Startup/startup_stm32f446retx.o
 .debug_aranges
                0x00000818       0x70 ./Drivers/STM32F4xx_HAL_Driver/Src/stm32f4xx_ll_gpio.o
 .debug_aranges
                0x00000888      0x200 ./Drivers/STM32F4xx_HAL_Driver/Src/stm32f4xx_ll_rcc.o
 .debug_aranges
                0x00000a88      0x128 ./Drivers/STM32F4xx_HAL_Driver/Src/stm32f4xx_ll_tim.o
 .debug_aranges
                0x00000bb0       0x88 ./Drivers/STM32F4xx_HAL_Driver/Src/stm32f4xx_ll_usart.o
 .debug_aranges
                0x00000c38      0x100 ./Drivers/STM32F4xx_HAL_Driver/Src/stm32f4xx_ll_utils.o

.debug_rnglists
                0x00000000      0x9da
 .debug_rnglists
                0x00000000      0x1cb ./Core/Src/Mx106v2.o
 .debug_rnglists
                0x000001cb       0x13 ./Core/Src/Mx106v2_CRC.o
 .debug_rnglists
                0x000001de       0x32 ./Core/Src/dma.o
 .debug_rnglists
                0x00000210       0x20 ./Core/Src/gpio.o
 .debug_rnglists
                0x00000230       0xd5 ./Core/Src/main.o
 .debug_rnglists
                0x00000305      0x167 ./Core/Src/stm32f4xx_it.o
 .debug_rnglists
                0x0000046c       0x79 ./Core/Src/syscalls.o
 .debug_rnglists
                0x000004e5       0x13 ./Core/Src/sysmem.o
 .debug_rnglists
                0x000004f8       0x1a ./Core/Src/system_stm32f4xx.o
 .debug_rnglists
                0x00000512       0x4a ./Core/Src/tim.o
 .debug_rnglists
                0x0000055c       0x8e ./Core/Src/usart.o
 .debug_rnglists
                0x000005ea       0x19 ./Core/Startup/startup_stm32f446retx.o
 .debug_rnglists
                0x00000603       0x51 ./Drivers/STM32F4xx_HAL_Driver/Src/stm32f4xx_ll_gpio.o
 .debug_rnglists
                0x00000654      0x180 ./Drivers/STM32F4xx_HAL_Driver/Src/stm32f4xx_ll_rcc.o
 .debug_rnglists
                0x000007d4       0xe4 ./Drivers/STM32F4xx_HAL_Driver/Src/stm32f4xx_ll_tim.o
 .debug_rnglists
                0x000008b8       0x64 ./Drivers/STM32F4xx_HAL_Driver/Src/stm32f4xx_ll_usart.o
 .debug_rnglists
                0x0000091c       0xbe ./Drivers/STM32F4xx_HAL_Driver/Src/stm32f4xx_ll_utils.o

.debug_macro    0x00000000    0x1f64f
 .debug_macro   0x00000000      0x24b ./Core/Src/Mx106v2.o
 .debug_macro   0x0000024b      0xb14 ./Core/Src/Mx106v2.o
 .debug_macro   0x00000d5f       0x2e ./Core/Src/Mx106v2.o
 .debug_macro   0x00000d8d       0x28 ./Core/Src/Mx106v2.o
 .debug_macro   0x00000db5       0x22 ./Core/Src/Mx106v2.o
 .debug_macro   0x00000dd7       0x56 ./Core/Src/Mx106v2.o
 .debug_macro   0x00000e2d       0x51 ./Core/Src/Mx106v2.o
 .debug_macro   0x00000e7e      0x103 ./Core/Src/Mx106v2.o
 .debug_macro   0x00000f81       0x6a ./Core/Src/Mx106v2.o
 .debug_macro   0x00000feb      0x1df ./Core/Src/Mx106v2.o
 .debug_macro   0x000011ca       0x1c ./Core/Src/Mx106v2.o
 .debug_macro   0x000011e6       0x22 ./Core/Src/Mx106v2.o
 .debug_macro   0x00001208       0xfb ./Core/Src/Mx106v2.o
 .debug_macro   0x00001303     0x1011 ./Core/Src/Mx106v2.o
 .debug_macro   0x00002314      0x11f ./Core/Src/Mx106v2.o
 .debug_macro   0x00002433    0x16749 ./Core/Src/Mx106v2.o
 .debug_macro   0x00018b7c       0x6d ./Core/Src/Mx106v2.o
 .debug_macro   0x00018be9      0x1e0 ./Core/Src/Mx106v2.o
 .debug_macro   0x00018dc9      0xd69 ./Core/Src/Mx106v2.o
 .debug_macro   0x00019b32      0x1db ./Core/Src/Mx106v2.o
 .debug_macro   0x00019d0d      0x21c ./Core/Src/Mx106v2.o
 .debug_macro   0x00019f29       0xe8 ./Core/Src/Mx106v2.o
 .debug_macro   0x0001a011      0x1a6 ./Core/Src/Mx106v2.o
 .debug_macro   0x0001a1b7       0x61 ./Core/Src/Mx106v2.o
 .debug_macro   0x0001a218       0xd5 ./Core/Src/Mx106v2.o
 .debug_macro   0x0001a2ed      0x5fa ./Core/Src/Mx106v2.o
 .debug_macro   0x0001a8e7      0x1bb ./Core/Src/Mx106v2.o
 .debug_macro   0x0001aaa2      0x149 ./Core/Src/Mx106v2.o
 .debug_macro   0x0001abeb       0x22 ./Core/Src/Mx106v2.o
 .debug_macro   0x0001ac0d      0x1bd ./Core/Src/Mx106v2.o
 .debug_macro   0x0001adca      0x260 ./Core/Src/Mx106v2.o
 .debug_macro   0x0001b02a       0x61 ./Core/Src/Mx106v2.o
 .debug_macro   0x0001b08b       0x2a ./Core/Src/Mx106v2.o
 .debug_macro   0x0001b0b5       0x43 ./Core/Src/Mx106v2.o
 .debug_macro   0x0001b0f8       0x34 ./Core/Src/Mx106v2.o
 .debug_macro   0x0001b12c       0x16 ./Core/Src/Mx106v2.o
 .debug_macro   0x0001b142       0x9e ./Core/Src/Mx106v2.o
 .debug_macro   0x0001b1e0      0x38c ./Core/Src/Mx106v2.o
 .debug_macro   0x0001b56c      0x10b ./Core/Src/Mx106v2.o
 .debug_macro   0x0001b677       0x10 ./Core/Src/Mx106v2.o
 .debug_macro   0x0001b687       0x16 ./Core/Src/Mx106v2.o
 .debug_macro   0x0001b69d       0x4a ./Core/Src/Mx106v2.o
 .debug_macro   0x0001b6e7       0x34 ./Core/Src/Mx106v2.o
 .debug_macro   0x0001b71b       0x10 ./Core/Src/Mx106v2.o
 .debug_macro   0x0001b72b       0x58 ./Core/Src/Mx106v2.o
 .debug_macro   0x0001b783       0x8e ./Core/Src/Mx106v2.o
 .debug_macro   0x0001b811       0x16 ./Core/Src/Mx106v2.o
 .debug_macro   0x0001b827      0x185 ./Core/Src/Mx106v2.o
 .debug_macro   0x0001b9ac       0x16 ./Core/Src/Mx106v2.o
 .debug_macro   0x0001b9c2       0x16 ./Core/Src/Mx106v2.o
 .debug_macro   0x0001b9d8      0x115 ./Core/Src/Mx106v2.o
 .debug_macro   0x0001baed      0x159 ./Core/Src/Mx106v2_CRC.o
 .debug_macro   0x0001bc46      0x159 ./Core/Src/dma.o
 .debug_macro   0x0001bd9f      0x159 ./Core/Src/gpio.o
 .debug_macro   0x0001bef8      0x290 ./Core/Src/main.o
 .debug_macro   0x0001c188      0x189 ./Core/Src/main.o
 .debug_macro   0x0001c311       0xec ./Core/Src/main.o
 .debug_macro   0x0001c3fd       0x1c ./Core/Src/main.o
 .debug_macro   0x0001c419       0x3c ./Core/Src/main.o
 .debug_macro   0x0001c455      0x266 ./Core/Src/main.o
 .debug_macro   0x0001c6bb      0x24d ./Core/Src/stm32f4xx_it.o
 .debug_macro   0x0001c908      0x22e ./Core/Src/syscalls.o
 .debug_macro   0x0001cb36       0x5b ./Core/Src/syscalls.o
 .debug_macro   0x0001cb91       0x5c ./Core/Src/syscalls.o
 .debug_macro   0x0001cbed       0x57 ./Core/Src/syscalls.o
 .debug_macro   0x0001cc44       0x10 ./Core/Src/syscalls.o
 .debug_macro   0x0001cc54       0x10 ./Core/Src/syscalls.o
 .debug_macro   0x0001cc64       0x10 ./Core/Src/syscalls.o
 .debug_macro   0x0001cc74       0x10 ./Core/Src/syscalls.o
 .debug_macro   0x0001cc84       0xac ./Core/Src/syscalls.o
 .debug_macro   0x0001cd30       0x2e ./Core/Src/syscalls.o
 .debug_macro   0x0001cd5e      0x102 ./Core/Src/syscalls.o
 .debug_macro   0x0001ce60       0x16 ./Core/Src/syscalls.o
 .debug_macro   0x0001ce76       0x22 ./Core/Src/syscalls.o
 .debug_macro   0x0001ce98       0x10 ./Core/Src/syscalls.o
 .debug_macro   0x0001cea8      0x242 ./Core/Src/syscalls.o
 .debug_macro   0x0001d0ea      0x105 ./Core/Src/syscalls.o
 .debug_macro   0x0001d1ef       0x16 ./Core/Src/syscalls.o
 .debug_macro   0x0001d205       0x10 ./Core/Src/syscalls.o
 .debug_macro   0x0001d215       0x43 ./Core/Src/syscalls.o
 .debug_macro   0x0001d258      0x112 ./Core/Src/sysmem.o
 .debug_macro   0x0001d36a      0x23c ./Core/Src/sysmem.o
 .debug_macro   0x0001d5a6       0xce ./Core/Src/system_stm32f4xx.o
 .debug_macro   0x0001d674      0x159 ./Core/Src/tim.o
 .debug_macro   0x0001d7cd      0x159 ./Core/Src/usart.o
 .debug_macro   0x0001d926      0x110 ./Drivers/STM32F4xx_HAL_Driver/Src/stm32f4xx_ll_gpio.o
 .debug_macro   0x0001da36      0x143 ./Drivers/STM32F4xx_HAL_Driver/Src/stm32f4xx_ll_gpio.o
 .debug_macro   0x0001db79      0x10d ./Drivers/STM32F4xx_HAL_Driver/Src/stm32f4xx_ll_rcc.o
 .debug_macro   0x0001dc86      0xd63 ./Drivers/STM32F4xx_HAL_Driver/Src/stm32f4xx_ll_rcc.o
 .debug_macro   0x0001e9e9      0x159 ./Drivers/STM32F4xx_HAL_Driver/Src/stm32f4xx_ll_tim.o
 .debug_macro   0x0001eb42      0x5f4 ./Drivers/STM32F4xx_HAL_Driver/Src/stm32f4xx_ll_tim.o
 .debug_macro   0x0001f136      0x13d ./Drivers/STM32F4xx_HAL_Driver/Src/stm32f4xx_ll_usart.o
 .debug_macro   0x0001f273      0x1b5 ./Drivers/STM32F4xx_HAL_Driver/Src/stm32f4xx_ll_usart.o
 .debug_macro   0x0001f428      0x1cc ./Drivers/STM32F4xx_HAL_Driver/Src/stm32f4xx_ll_utils.o
 .debug_macro   0x0001f5f4       0x5b ./Drivers/STM32F4xx_HAL_Driver/Src/stm32f4xx_ll_utils.o

.debug_line     0x00000000     0xa8d6
 .debug_line    0x00000000     0x1c39 ./Core/Src/Mx106v2.o
 .debug_line    0x00001c39      0x664 ./Core/Src/Mx106v2_CRC.o
 .debug_line    0x0000229d      0x76f ./Core/Src/dma.o