Archive member included to satisfy reference by file (symbol)

C:/ST/STM32CubeIDE_1.10.1/STM32CubeIDE/plugins/com.st.stm32cube.ide.mcu.externaltools.gnu-tools-for-stm32.13.3.rel1.win32_1.0.0.202411081344/tools/bin/../lib/gcc/arm-none-eabi/13.3.1/../../../../arm-none-eabi/lib/thumb/v7e-m+fp/hard\libc_nano.a(libc_a-atof.o)
                              ./Core/Src/ROS2STM.o (atof)
C:/ST/STM32CubeIDE_1.10.1/STM32CubeIDE/plugins/com.st.stm32cube.ide.mcu.externaltools.gnu-tools-for-stm32.13.3.rel1.win32_1.0.0.202411081344/tools/bin/../lib/gcc/arm-none-eabi/13.3.1/../../../../arm-none-eabi/lib/thumb/v7e-m+fp/hard\libc_nano.a(libc_a-exit.o)
                              C:/ST/STM32CubeIDE_1.10.1/STM32CubeIDE/plugins/com.st.stm32cube.ide.mcu.externaltools.gnu-tools-for-stm32.13.3.rel1.win32_1.0.0.202411081344/tools/bin/../lib/gcc/arm-none-eabi/13.3.1/../../../../arm-none-eabi/lib/thumb/v7e-m+fp/hard/crt0.o (exit)
C:/ST/STM32CubeIDE_1.10.1/STM32CubeIDE/plugins/com.st.stm32cube.ide.mcu.externaltools.gnu-tools-for-stm32.13.3.rel1.win32_1.0.0.202411081344/tools/bin/../lib/gcc/arm-none-eabi/13.3.1/../../../../arm-none-eabi/lib/thumb/v7e-m+fp/hard\libc_nano.a(libc_a-strtod.o)
                              C:/ST/STM32CubeIDE_1.10.1/STM32CubeIDE/plugins/com.st.stm32cube.ide.mcu.externaltools.gnu-tools-for-stm32.13.3.rel1.win32_1.0.0.202411081344/tools/bin/../lib/gcc/arm-none-eabi/13.3.1/../../../../arm-none-eabi/lib/thumb/v7e-m+fp/hard\libc_nano.a(libc_a-atof.o) (strtod)
C:/ST/STM32CubeIDE_1.10.1/STM32CubeIDE/plugins/com.st.stm32cube.ide.mcu.externaltools.gnu-tools-for-stm32.13.3.rel1.win32_1.0.0.202411081344/tools/bin/../lib/gcc/arm-none-eabi/13.3.1/../../../../arm-none-eabi/lib/thumb/v7e-m+fp/hard\libc_nano.a(libc_a-findfp.o)
                              C:/ST/STM32CubeIDE_1.10.1/STM32CubeIDE/plugins/com.st.stm32cube.ide.mcu.externaltools.gnu-tools-for-stm32.13.3.rel1.win32_1.0.0.202411081344/tools/bin/../lib/gcc/arm-none-eabi/13.3.1/../../../../arm-none-eabi/lib/thumb/v7e-m+fp/hard\libc_nano.a(libc_a-exit.o) (__stdio_exit_handler)
C:/ST/STM32CubeIDE_1.10.1/STM32CubeIDE/plugins/com.st.stm32cube.ide.mcu.externaltools.gnu-tools-for-stm32.13.3.rel1.win32_1.0.0.202411081344/tools/bin/../lib/gcc/arm-none-eabi/13.3.1/../../../../arm-none-eabi/lib/thumb/v7e-m+fp/hard\libc_nano.a(libc_a-fwalk.o)
                              C:/ST/STM32CubeIDE_1.10.1/STM32CubeIDE/plugins/com.st.stm32cube.ide.mcu.externaltools.gnu-tools-for-stm32.13.3.rel1.win32_1.0.0.202411081344/tools/bin/../lib/gcc/arm-none-eabi/13.3.1/../../../../arm-none-eabi/lib/thumb/v7e-m+fp/hard\libc_nano.a(libc_a-findfp.o) (_fwalk_sglue)
C:/ST/STM32CubeIDE_1.10.1/STM32CubeIDE/plugins/com.st.stm32cube.ide.mcu.externaltools.gnu-tools-for-stm32.13.3.rel1.win32_1.0.0.202411081344/tools/bin/../lib/gcc/arm-none-eabi/13.3.1/../../../../arm-none-eabi/lib/thumb/v7e-m+fp/hard\libc_nano.a(libc_a-printf.o)
                              ./Core/Src/Mx106v2.o (printf)
C:/ST/STM32CubeIDE_1.10.1/STM32CubeIDE/plugins/com.st.stm32cube.ide.mcu.externaltools.gnu-tools-for-stm32.13.3.rel1.win32_1.0.0.202411081344/tools/bin/../lib/gcc/arm-none-eabi/13.3.1/../../../../arm-none-eabi/lib/thumb/v7e-m+fp/hard\libc_nano.a(libc_a-puts.o)
                              ./Core/Src/Mx106v2.o (puts)
C:/ST/STM32CubeIDE_1.10.1/STM32CubeIDE/plugins/com.st.stm32cube.ide.mcu.externaltools.gnu-tools-for-stm32.13.3.rel1.win32_1.0.0.202411081344/tools/bin/../lib/gcc/arm-none-eabi/13.3.1/../../../../arm-none-eabi/lib/thumb/v7e-m+fp/hard\libc_nano.a(libc_a-sprintf.o)
                              ./Core/Src/ps4_parser.o (sprintf)
C:/ST/STM32CubeIDE_1.10.1/STM32CubeIDE/plugins/com.st.stm32cube.ide.mcu.externaltools.gnu-tools-for-stm32.13.3.rel1.win32_1.0.0.202411081344/tools/bin/../lib/gcc/arm-none-eabi/13.3.1/../../../../arm-none-eabi/lib/thumb/v7e-m+fp/hard\libc_nano.a(libc_a-stdio.o)
                              C:/ST/STM32CubeIDE_1.10.1/STM32CubeIDE/plugins/com.st.stm32cube.ide.mcu.externaltools.gnu-tools-for-stm32.13.3.rel1.win32_1.0.0.202411081344/tools/bin/../lib/gcc/arm-none-eabi/13.3.1/../../../../arm-none-eabi/lib/thumb/v7e-m+fp/hard\libc_nano.a(libc_a-findfp.o) (__sread)
C:/ST/STM32CubeIDE_1.10.1/STM32CubeIDE/plugins/com.st.stm32cube.ide.mcu.externaltools.gnu-tools-for-stm32.13.3.rel1.win32_1.0.0.202411081344/tools/bin/../lib/gcc/arm-none-eabi/13.3.1/../../../../arm-none-eabi/lib/thumb/v7e-m+fp/hard\libc_nano.a(libc_a-wbuf.o)
                              C:/ST/STM32CubeIDE_1.10.1/STM32CubeIDE/plugins/com.st.stm32cube.ide.mcu.externaltools.gnu-tools-for-stm32.13.3.rel1.win32_1.0.0.202411081344/tools/bin/../lib/gcc/arm-none-eabi/13.3.1/../../../../arm-none-eabi/lib/thumb/v7e-m+fp/hard\libc_nano.a(libc_a-puts.o) (__swbuf_r)
C:/ST/STM32CubeIDE_1.10.1/STM32CubeIDE/plugins/com.st.stm32cube.ide.mcu.externaltools.gnu-tools-for-stm32.13.3.rel1.win32_1.0.0.202411081344/tools/bin/../lib/gcc/arm-none-eabi/13.3.1/../../../../arm-none-eabi/lib/thumb/v7e-m+fp/hard\libc_nano.a(libc_a-wsetup.o)
[...]
Memory Configuration

Name             Origin             Length             Attributes
RAM              0x20000000         0x00020000         xrw
FLASH            0x08000000         0x00080000         xr
*default*        0x00000000         0xffffffff

Linker script and memory map

LOAD C:/ST/STM32CubeIDE_1.10.1/STM32CubeIDE/plugins/com.st.stm32cube.ide.mcu.externaltools.gnu-tools-for-stm32.13.3.rel1.win32_1.0.0.202411081344/tools/bin/../lib/gcc/arm-none-eabi/13.3.1/thumb/v7e-m+fp/hard/crti.o
LOAD C:/ST/STM32CubeIDE_1.10.1/STM32CubeIDE/plugins/com.st.stm32cube.ide.mcu.externaltools.gnu-tools-for-stm32.13.3.rel1.win32_1.0.0.202411081344/tools/bin/../lib/gcc/arm-none-eabi/13.3.1/thumb/v7e-m+fp/hard/crtbegin.o
LOAD C:/ST/STM32CubeIDE_1.10.1/STM32CubeIDE/plugins/com.st.stm32cube.ide.mcu.externaltools.gnu-tools-for-stm32.13.3.rel1.win32_1.0.0.202411081344/tools/bin/../lib/gcc/arm-none-eabi/13.3.1/../../../../arm-none-eabi/lib/thumb/v7e-m+fp/hard/crt0.o
LOAD ./Core/Src/Mx106v2.o
LOAD ./Core/Src/Mx106v2_CRC.o
LOAD ./Core/Src/ROS2STM.o
LOAD ./Core/Src/dma.o
LOAD ./Core/Src/gpio.o
LOAD ./Core/Src/main.o
LOAD ./Core/Src/mainpp.o
LOAD ./Core/Src/motor_control.o
LOAD ./Core/Src/ps4_parser.o
LOAD ./Core/Src/stm32f4xx_it.o
LOAD ./Core/Src/syscalls.o
LOAD ./Core/Src/sysmem.o
LOAD ./Core/Src/system_stm32f4xx.o
LOAD ./Core/Src/tim.o
LOAD ./Core/Src/usart.o
LOAD ./Core/Startup/startup_stm32f446retx.o
LOAD ./Drivers/STM32F4xx_HAL_Driver/Src/stm32f4xx_ll_dma.o
LOAD ./Drivers/STM32F4xx_HAL_Driver/Src/stm32f4xx_ll_exti.o
LOAD ./Drivers/STM32F4xx_HAL_Driver/Src/stm32f4xx_ll_gpio.o
LOAD ./Drivers/STM32F4xx_HAL_Driver/Src/stm32f4xx_ll_rcc.o
LOAD ./Drivers/STM32F4xx_HAL_Driver/Src/stm32f4xx_ll_tim.o
LOAD ./Drivers/STM32F4xx_HAL_Driver/Src/stm32f4xx_ll_usart.o
LOAD ./Drivers/STM32F4xx_HAL_Driver/Src/stm32f4xx_ll_utils.o
START GROUP
LOAD C:/ST/STM32CubeIDE_1.10.1/STM32CubeIDE/plugins/com.st.stm32cube.ide.mcu.externaltools.gnu-tools-for-stm32.13.3.rel1.win32_1.0.0.202411081344/tools/bin/../lib/gcc/arm-none-eabi/13.3.1/../../../../arm-none-eabi/lib/thumb/v7e-m+fp/hard\libstdc++_nano.a
LOAD C:/ST/STM32CubeIDE_1.10.1/STM32CubeIDE/plugins/com.st.stm32cube.ide.mcu.externaltools.gnu-tools-for-stm32.13.3.rel1.win32_1.0.0.202411081344/tools/bin/../lib/gcc/arm-none-eabi/13.3.1/../../../../arm-none-eabi/lib/thumb/v7e-m+fp/hard\libsupc++_nano.a
END GROUP
LOAD C:/ST/STM32CubeIDE_1.10.1/STM32CubeIDE/plugins/com.st.stm32cube.ide.mcu.externaltools.gnu-tools-for-stm32.13.3.rel1.win32_1.0.0.202411081344/tools/bin/../lib/gcc/arm-none-eabi/13.3.1/../../../../arm-none-eabi/lib/thumb/v7e-m+fp/hard\libstdc++_nano.a
LOAD C:/ST/STM32CubeIDE_1.10.1/STM32CubeIDE/plugins/com.st.stm32cube.ide.mcu.externaltools.gnu-tools-for-stm32.13.3.rel1.win32_1.0.0.202411081344/tools/bin/../lib/gcc/arm-none-eabi/13.3.1/../../../../arm-none-eabi/lib/thumb/v7e-m+fp/hard\libm.a
LOAD C:/ST/STM32CubeIDE_1.10.1/STM32CubeIDE/plugins/com.st.stm32cube.ide.mcu.externaltools.gnu-tools-for-stm32.13.3.rel1.win32_1.0.0.202411081344/tools/bin/../lib/gcc/arm-none-eabi/13.3.1/../../../../arm-none-eabi/lib/thumb/v7e-m+fp/hard\libc_nano.a
START GROUP
LOAD C:/ST/STM32CubeIDE_1.10.1/STM32CubeIDE/plugins/com.st.stm32cube.ide.mcu.externaltools.gnu-tools-for-stm32.13.3.rel1.win32_1.0.0.202411081344/tools/bin/../lib/gcc/arm-none-eabi/13.3.1/thumb/v7e-m+fp/hard\libgcc.a
LOAD C:/ST/STM32CubeIDE_1.10.1/STM32CubeIDE/plugins/com.st.stm32cube.ide.mcu.externaltools.gnu-tools-for-stm32.13.3.rel1.win32_1.0.0.202411081344/tools/bin/../lib/gcc/arm-none-eabi/13.3.1/../../../../arm-none-eabi/lib/thumb/v7e-m+fp/hard\libc_nano.a
END GROUP
START GROUP
LOAD C:/ST/STM32CubeIDE_1.10.1/STM32CubeIDE/plugins/com.st.stm32cube.ide.mcu.externaltools.gnu-tools-for-stm32.13.3.rel1.win32_1.0.0.202411081344/tools/bin/../lib/gcc/arm-none-eabi/13.3.1/thumb/v7e-m+fp/hard\libgcc.a
LOAD C:/ST/STM32CubeIDE_1.10.1/STM32CubeIDE/plugins/com.st.stm32cube.ide.mcu.externaltools.gnu-tools-for-stm32.13.3.rel1.win32_1.0.0.202411081344/tools/bin/../lib/gcc/arm-none-eabi/13.3.1/../../../../arm-none-eabi/lib/thumb/v7e-m+fp/hard\libc_nano.a
LOAD C:/ST/STM32CubeIDE_1.10.1/STM32CubeIDE/plugins/com.st.stm32cube.ide.mcu.externaltools.gnu-tools-for-stm32.13.3.rel1.win32_1.0.0.202411081344/tools/bin/../lib/gcc/arm-none-eabi/13.3.1/../../../../arm-none-eabi/lib/thumb/v7e-m+fp/hard\libnosys.a
END GROUP
START GROUP
LOAD C:/ST/STM32CubeIDE_1.10.1/STM32CubeIDE/plugins/com.st.stm32cube.ide.mcu.externaltools.gnu-tools-for-stm32.13.3.rel1.win32_1.0.0.202411081344/tools/bin/../lib/gcc/arm-none-eabi/13.3.1/thumb/v7e-m+fp/hard\libgcc.a
LOAD C:/ST/STM32CubeIDE_1.10.1/STM32CubeIDE/plugins/com.st.stm32cube.ide.mcu.externaltools.gnu-tools-for-stm32.13.3.rel1.win32_1.0.0.202411081344/tools/bin/../lib/gcc/arm-none-eabi/13.3.1/../../../../arm-none-eabi/lib/thumb/v7e-m+fp/hard\libc_nano.a
LOAD C:/ST/STM32CubeIDE_1.10.1/STM32CubeIDE/plugins/com.st.stm32cube.ide.mcu.externaltools.gnu-tools-for-stm32.13.3.rel1.win32_1.0.0.202411081344/tools/bin/../lib/gcc/arm-none-eabi/13.3.1/../../../../arm-none-eabi/lib/thumb/v7e-m+fp/hard\libnosys.a
END GROUP
LOAD C:/ST/STM32CubeIDE_1.10.1/STM32CubeIDE/plugins/com.st.stm32cube.ide.mcu.externaltools.gnu-tools-for-stm32.13.3.rel1.win32_1.0.0.202411081344/tools/bin/../lib/gcc/arm-none-eabi/13.3.1/thumb/v7e-m+fp/hard/crtend.o
LOAD C:/ST/STM32CubeIDE_1.10.1/STM32CubeIDE/plugins/com.st.stm32cube.ide.mcu.externaltools.gnu-tools-for-stm32.13.3.rel1.win32_1.0.0.202411081344/tools/bin/../lib/gcc/arm-none-eabi/13.3.1/thumb/v7e-m+fp/hard/crtn.o
                0x20020000                        _estack = (ORIGIN (RAM) + LENGTH (RAM))
                0x00000200                        _Min_Heap_Size = 0x200
                0x00000400                        _Min_Stack_Size = 0x400

.isr_vector     0x08000000      0x1c4
                0x08000000                        . = ALIGN (0x4)
 *(.isr_vector)
 .isr_vector    0x08000000      0x1c4 ./Core/Startup/startup_stm32f446retx.o
                0x08000000                g_pfnVectors
                0x080001c4                        . = ALIGN (0x4)

.text           0x080001d0     0x8708
                0x080001d0                        . = ALIGN (0x4)
 *(.text)
 .text          0x080001d0       0x40 C:/ST/STM32CubeIDE_1.10.1/STM32CubeIDE/plugins/com.st.stm32cube.ide.mcu.externaltools.gnu-tools-for-stm32.13.3.rel1.win32_1.0.0.202411081344/tools/bin/../lib/gcc/arm-none-eabi/13.3.1/thumb/v7e-m+fp/hard/crtbegin.o
 .text          0x08000210       0xa0 C:/ST/STM32CubeIDE_1.10.1/STM32CubeIDE/plugins/com.st.stm32cube.ide.mcu.externaltools.gnu-tools-for-stm32.13.3.rel1.win32_1.0.0.202411081344/tools/bin/../lib/gcc/arm-none-eabi/13.3.1/../../../../arm-none-eabi/lib/thumb/v7e-m+fp/hard\libc_nano.a(libc_a-memchr.o)
                0x08000210                memchr
 .text          0x080002b0      0x378 C:/ST/STM32CubeIDE_1.10.1/STM32CubeIDE/plugins/com.st.stm32cube.ide.mcu.externaltools.gnu-tools-for-stm32.13.3.rel1.win32_1.0.0.202411081344/tools/bin/../lib/gcc/arm-none-eabi/13.3.1/thumb/v7e-m+fp/hard\libgcc.a(_arm_addsubdf3.o)
                0x080002b0                __aeabi_drsub
                0x080002b8                __aeabi_dsub
                0x080002b8                __subdf3
                0x080002bc                __aeabi_dadd
                0x080002bc                __adddf3
                0x08000534                __floatunsidf
                0x08000534                __aeabi_ui2d
                0x08000554                __floatsidf
                0x08000554                __aeabi_i2d
                0x08000578                __aeabi_f2d
                0x08000578                __extendsfdf2
                0x080005bc                __floatundidf
                0x080005bc                __aeabi_ul2d
                0x080005cc                __floatdidf
                0x080005cc                __aeabi_l2d
 .text          0x08000628      0x424 C:/ST/STM32CubeIDE_1.10.1/STM32CubeIDE/plugins/com.st.stm32cube.ide.mcu.externaltools.gnu-tools-for-stm32.13.3.rel1.win32_1.0.0.202411081344/tools/bin/../lib/gcc/arm-none-eabi/13.3.1/thumb/v7e-m+fp/hard\libgcc.a(_arm_muldivdf3.o)
                0x08000628                __aeabi_dmul
                0x08000628                __muldf3
                0x0800087c                __divdf3
                0x0800087c                __aeabi_ddiv
 .text          0x08000a4c      0x110 C:/ST/STM32CubeIDE_1.10.1/STM32CubeIDE/plugins/com.st.stm32cube.ide.mcu.externaltools.gnu-tools-for-stm32.13.3.rel1.win32_1.0.0.202411081344/tools/bin/../lib/gcc/arm-none-eabi/13.3.1/thumb/v7e-m+fp/hard\libgcc.a(_arm_cmpdf2.o)
                0x08000a4c                __gtdf2
                0x08000a4c                __gedf2
                0x08000a54                __ltdf2
                0x08000a54                __ledf2
                0x08000a5c                __nedf2
                0x08000a5c                __eqdf2
                0x08000a5c                __cmpdf2
                0x08000ad8                __aeabi_cdrcmple
                0x08000ae8                __aeabi_cdcmpeq
                0x08000ae8                __aeabi_cdcmple
                0x08000af8                __aeabi_dcmpeq
                0x08000b0c                __aeabi_dcmplt
                0x08000b20                __aeabi_dcmple
                0x08000b34                __aeabi_dcmpge
                0x08000b48                __aeabi_dcmpgt
 .text          0x08000b5c       0x40 C:/ST/STM32CubeIDE_1.10.1/STM32CubeIDE/plugins/com.st.stm32cube.ide.mcu.externaltools.gnu-tools-for-stm32.13.3.rel1.win32_1.0.0.202411081344/tools/bin/../lib/gcc/arm-none-eabi/13.3.1/thumb/v7e-m+fp/hard\libgcc.a(_arm_fixunsdfsi.o)
                0x08000b5c                __aeabi_d2uiz
                0x08000b5c                __fixunsdfsi
 .text          0x08000b9c       0xa0 C:/ST/STM32CubeIDE_1.10.1/STM32CubeIDE/plugins/com.st.stm32cube.ide.mcu.externaltools.gnu-tools-for-stm32.13.3.rel1.win32_1.0.0.202411081344/tools/bin/../lib/gcc/arm-none-eabi/13.3.1/thumb/v7e-m+fp/hard\libgcc.a(_arm_truncdfsf2.o)
                0x08000b9c                __truncdfsf2
                0x08000b9c                __aeabi_d2f
 .text          0x08000c3c       0x30 C:/ST/STM32CubeIDE_1.10.1/STM32CubeIDE/plugins/com.st.stm32cube.ide.mcu.externaltools.gnu-tools-for-stm32.13.3.rel1.win32_1.0.0.202411081344/tools/bin/../lib/gcc/arm-none-eabi/13.3.1/thumb/v7e-m+fp/hard\libgcc.a(_aeabi_uldivmod.o)
                0x08000c3c                __aeabi_uldivmod
 .text          0x08000c6c       0x30 C:/ST/STM32CubeIDE_1.10.1/STM32CubeIDE/plugins/com.st.stm32cube.ide.mcu.externaltools.gnu-tools-for-stm32.13.3.rel1.win32_1.0.0.202411081344/tools/bin/../lib/gcc/arm-none-eabi/13.3.1/thumb/v7e-m+fp/hard\libgcc.a(_fixdfdi.o)
                0x08000c6c                __fixdfdi
                0x08000c6c                __aeabi_d2lz
 .text          0x08000c9c       0x3c C:/ST/STM32CubeIDE_1.10.1/STM32CubeIDE/plugins/com.st.stm32cube.ide.mcu.externaltools.gnu-tools-for-stm32.13.3.rel1.win32_1.0.0.202411081344/tools/bin/../lib/gcc/arm-none-eabi/13.3.1/thumb/v7e-m+fp/hard\libgcc.a(_fixunsdfdi.o)
                0x08000c9c                __fixunsdfdi
                0x08000c9c                __aeabi_d2ulz
 .text          0x08000cd8      0x2f8 C:/ST/STM32CubeIDE_1.10.1/STM32CubeIDE/plugins/com.st.stm32cube.ide.mcu.externaltools.gnu-tools-for-stm32.13.3.rel1.win32_1.0.0.202411081344/tools/bin/../lib/gcc/arm-none-eabi/13.3.1/thumb/v7e-m+fp/hard\libgcc.a(_udivmoddi4.o)
                0x08000cd8                __udivmoddi4
 .text          0x08000fd0        0x4 C:/ST/STM32CubeIDE_1.10.1/STM32CubeIDE/plugins/com.st.stm32cube.ide.mcu.externaltools.gnu-tools-for-stm32.13.3.rel1.win32_1.0.0.202411081344/tools/bin/../lib/gcc/arm-none-eabi/13.3.1/thumb/v7e-m+fp/hard\libgcc.a(_dvmd_tls.o)
                0x08000fd0                __aeabi_idiv0
                0x08000fd0                __aeabi_ldiv0
 *(.text*)
 .text.LL_DMA_EnableStream
                0x08000fd4       0x40 ./Core/Src/Mx106v2.o
 .text.LL_DMA_DisableStream
                0x08001014       0x40 ./Core/Src/Mx106v2.o
 .text.LL_DMA_SetDataLength
                0x08001054       0x48 ./Core/Src/Mx106v2.o
 .text.LL_DMA_SetMemoryAddress
                0x0800109c       0x30 ./Core/Src/Mx106v2.o
 .text.LL_DMA_SetPeriphAddress
                0x080010cc       0x30 ./Core/Src/Mx106v2.o
 .text.LL_DMA_ClearFlag_TC1
                0x080010fc       0x1c ./Core/Src/Mx106v2.o
 .text.LL_DMA_ClearFlag_TC2
                0x08001118       0x1c ./Core/Src/Mx106v2.o
 .text.LL_DMA_ClearFlag_TC4
                0x08001134       0x1a ./Core/Src/Mx106v2.o
 .text.LL_DMA_ClearFlag_TC6
                0x0800114e       0x1c ./Core/Src/Mx106v2.o
 *fill*         0x0800116a        0x2 
 .text.LL_DMA_EnableIT_TC
                0x0800116c       0x40 ./Core/Src/Mx106v2.o
 .text.LL_USART_IsActiveFlag_RXNE
                0x080011ac       0x26 ./Core/Src/Mx106v2.o
 .text.LL_USART_ClearFlag_TC
                0x080011d2       0x1c ./Core/Src/Mx106v2.o
 .text.LL_USART_EnableIT_TC
                0x080011ee       0x46 ./Core/Src/Mx106v2.o
 .text.LL_USART_EnableDMAReq_RX
                0x08001234       0x46 ./Core/Src/Mx106v2.o
 .text.LL_USART_EnableDMAReq_TX
                0x0800127a       0x46 ./Core/Src/Mx106v2.o
 .text.LL_USART_DMA_GetRegAddr
                0x080012c0       0x18 ./Core/Src/Mx106v2.o
 .text.LL_USART_ReceiveData8
                0x080012d8       0x1a ./Core/Src/Mx106v2.o
 .text.LL_GPIO_SetOutputPin
                0x080012f2       0x1c ./Core/Src/Mx106v2.o
 *fill*         0x0800130e        0x2 
 .text.UART4_DMA_Config
                0x08001310       0xac ./Core/Src/Mx106v2.o
                0x08001310                UART4_DMA_Config
 .text.USART6_DMA_Config
                0x080013bc       0xac ./Core/Src/Mx106v2.o
                0x080013bc                USART6_DMA_Config
 .text.transmitInstructionPacket4
                0x08001468       0xd0 ./Core/Src/Mx106v2.o
                0x08001468                transmitInstructionPacket4
 .text.readStatusPacket4
                0x08001538       0x64 ./Core/Src/Mx106v2.o
                0x08001538                readStatusPacket4
 .text.readStatusPacket_pos_DMA
                0x0800159c       0x4c ./Core/Src/Mx106v2.o
                0x0800159c                readStatusPacket_pos_DMA
 .text.Reboot   0x080015e8       0x84 ./Core/Src/Mx106v2.o
                0x080015e8                Reboot
 .text.OperatingMode
                0x0800166c       0xf0 ./Core/Src/Mx106v2.o
                0x0800166c                OperatingMode
 .text.TorqueEnable
                0x0800175c       0xd4 ./Core/Src/Mx106v2.o
                0x0800175c                TorqueEnable
 .text.SyncWrite_DisableDynamixels
                0x08001830       0xe0 ./Core/Src/Mx106v2.o
                0x08001830                SyncWrite_DisableDynamixels
 .text.SyncWrite_EnableDynamixels
                0x08001910       0xe0 ./Core/Src/Mx106v2.o
                0x08001910                SyncWrite_EnableDynamixels
 .text.SyncWrite_StatusReturnLevel
                0x080019f0       0xf0 ./Core/Src/Mx106v2.o
                0x080019f0                SyncWrite_StatusReturnLevel
 .text.SyncWrite_PositionWithVelocityProfile
                0x08001ae0      0x1c8 ./Core/Src/Mx106v2.o
                0x08001ae0                SyncWrite_PositionWithVelocityProfile
 .text.update_crc
                0x08001ca8       0x64 ./Core/Src/Mx106v2_CRC.o
                0x08001ca8                update_crc
 .text.parse_and_control
                0x08001d0c      0x3dc ./Core/Src/ROS2STM.o
                0x08001d0c                parse_and_control
 .text.__NVIC_GetPriorityGrouping
                0x080020e8       0x1c ./Core/Src/dma.o
 .text.__NVIC_EnableIRQ
                0x08002104       0x3c ./Core/Src/dma.o
 .text.__NVIC_SetPriority
                0x08002140       0x54 ./Core/Src/dma.o
 .text.NVIC_EncodePriority
                0x08002194       0x66 ./Core/Src/dma.o
 *fill*         0x080021fa        0x2 
 .text.LL_AHB1_GRP1_EnableClock
                0x080021fc       0x30 ./Core/Src/dma.o
 .text.MX_DMA_Init
                0x0800222c       0xd8 ./Core/Src/dma.o
                0x0800222c                MX_DMA_Init
 .text.LL_AHB1_GRP1_EnableClock
                0x08002304       0x30 ./Core/Src/gpio.o
 .text.LL_GPIO_ResetOutputPin
                0x08002334       0x1e ./Core/Src/gpio.o
 *fill*         0x08002352        0x2 
 .text.MX_GPIO_Init
                0x08002354       0x90 ./Core/Src/gpio.o
                0x08002354                MX_GPIO_Init
 .text.__NVIC_SetPriorityGrouping
                0x080023e4       0x48 ./Core/Src/main.o
 .text.__NVIC_EnableIRQ
                0x0800242c       0x3c ./Core/Src/main.o
 .text.__NVIC_SetPriority
                0x08002468       0x54 ./Core/Src/main.o
 .text.LL_RCC_HSE_EnableBypass
                0x080024bc       0x20 ./Core/Src/main.o
 .text.LL_RCC_HSE_Enable
                0x080024dc       0x20 ./Core/Src/main.o
 .text.LL_RCC_HSE_IsReady
                0x080024fc       0x28 ./Core/Src/main.o
 .text.LL_RCC_SetSysClkSource
                0x08002524       0x28 ./Core/Src/main.o
 .text.LL_RCC_GetSysClkSource
                0x0800254c       0x1c ./Core/Src/main.o
 .text.LL_RCC_SetAHBPrescaler
                0x08002568       0x28 ./Core/Src/main.o
 .text.LL_RCC_SetAPB1Prescaler
                0x08002590       0x28 ./Core/Src/main.o
 .text.LL_RCC_SetAPB2Prescaler
                0x080025b8       0x28 ./Core/Src/main.o
 .text.LL_RCC_SetTIMPrescaler
                0x080025e0       0x2c ./Core/Src/main.o
 .text.LL_RCC_PLL_Enable
                0x0800260c       0x20 ./Core/Src/main.o
 .text.LL_RCC_PLL_IsReady
                0x0800262c       0x28 ./Core/Src/main.o
 .text.LL_RCC_PLL_ConfigDomain_SYS
                0x08002654       0x5c ./Core/Src/main.o
 .text.LL_APB1_GRP1_EnableClock
                0x080026b0       0x30 ./Core/Src/main.o
 .text.LL_APB2_GRP1_EnableClock
                0x080026e0       0x30 ./Core/Src/main.o
 .text.LL_FLASH_SetLatency
                0x08002710       0x28 ./Core/Src/main.o
 .text.LL_FLASH_GetLatency
                0x08002738       0x1c ./Core/Src/main.o
 .text.LL_SYSTICK_SetClkSource
                0x08002754       0x38 ./Core/Src/main.o
 .text.LL_SYSTICK_EnableIT
                0x0800278c       0x20 ./Core/Src/main.o
 .text.LL_PWR_EnableOverDriveMode
                0x080027ac       0x20 ./Core/Src/main.o
 .text.LL_PWR_SetRegulVoltageScaling
                0x080027cc       0x28 ./Core/Src/main.o
 .text.LL_PWR_IsActiveFlag_VOS
                0x080027f4       0x28 ./Core/Src/main.o
 .text.LL_TIM_EnableCounter
                0x0800281c       0x20 ./Core/Src/main.o
 .text.LL_TIM_ClearFlag_UPDATE
                0x0800283c       0x1c ./Core/Src/main.o
 .text.LL_TIM_EnableIT_UPDATE
                0x08002858       0x20 ./Core/Src/main.o
 .text.LL_USART_Enable
                0x08002878       0x20 ./Core/Src/main.o
 .text.LL_USART_IsActiveFlag_TXE
                0x08002898       0x26 ./Core/Src/main.o
 .text.LL_USART_EnableIT_RXNE
                0x080028be       0x46 ./Core/Src/main.o
 .text.LL_USART_TransmitData8
                0x08002904       0x1e ./Core/Src/main.o
 .text.LL_GPIO_SetOutputPin
                0x08002922       0x1c ./Core/Src/main.o
 *fill*         0x0800293e        0x2 
 .text.main     0x08002940      0x21c ./Core/Src/main.o
                0x08002940                main
 .text.SystemClock_Config
                0x08002b5c       0xa4 ./Core/Src/main.o
                0x08002b5c                SystemClock_Config
 .text._write   0x08002c00       0x4c ./Core/Src/main.o
                0x08002c00                _write
 .text.LL_USART_IsActiveFlag_TXE
                0x08002c4c       0x26 ./Core/Src/ps4_parser.o
 .text.LL_USART_TransmitData8
                0x08002c72       0x1e ./Core/Src/ps4_parser.o
 .text.process_ps4_packet
                0x08002c90      0x118 ./Core/Src/ps4_parser.o
                0x08002c90                process_ps4_packet
 .text.loop_check_uart5
                0x08002da8       0x32 ./Core/Src/ps4_parser.o
                0x08002da8                loop_check_uart5
 *fill*         0x08002dda        0x2 
 .text.LL_DMA_EnableStream
                0x08002ddc       0x40 ./Core/Src/stm32f4xx_it.o
 .text.LL_DMA_DisableStream
                0x08002e1c       0x40 ./Core/Src/stm32f4xx_it.o
 .text.LL_DMA_IsEnabledStream
                0x08002e5c       0x38 ./Core/Src/stm32f4xx_it.o
 .text.LL_DMA_SetDataLength
                0x08002e94       0x48 ./Core/Src/stm32f4xx_it.o
 .text.LL_DMA_SetMemoryAddress
                0x08002edc       0x30 ./Core/Src/stm32f4xx_it.o
 .text.LL_DMA_SetPeriphAddress
                0x08002f0c       0x30 ./Core/Src/stm32f4xx_it.o
 .text.LL_DMA_IsActiveFlag_TC1
                0x08002f3c       0x28 ./Core/Src/stm32f4xx_it.o
 .text.LL_DMA_IsActiveFlag_TC2
                0x08002f64       0x28 ./Core/Src/stm32f4xx_it.o
 .text.LL_DMA_IsActiveFlag_TC4
                0x08002f8c       0x26 ./Core/Src/stm32f4xx_it.o
 .text.LL_DMA_IsActiveFlag_TC5
                0x08002fb2       0x28 ./Core/Src/stm32f4xx_it.o
 .text.LL_DMA_IsActiveFlag_TC6
                0x08002fda       0x28 ./Core/Src/stm32f4xx_it.o
 .text.LL_DMA_ClearFlag_HT1
                0x08003002       0x1c ./Core/Src/stm32f4xx_it.o
 .text.LL_DMA_ClearFlag_HT2
                0x0800301e       0x1c ./Core/Src/stm32f4xx_it.o
 .text.LL_DMA_ClearFlag_HT4
                0x0800303a       0x1a ./Core/Src/stm32f4xx_it.o
 .text.LL_DMA_ClearFlag_HT6
                0x08003054       0x1c ./Core/Src/stm32f4xx_it.o
 .text.LL_DMA_ClearFlag_TC1
                0x08003070       0x1c ./Core/Src/stm32f4xx_it.o
 .text.LL_DMA_ClearFlag_TC2
                0x0800308c       0x1c ./Core/Src/stm32f4xx_it.o
 .text.LL_DMA_ClearFlag_TC4
                0x080030a8       0x1a ./Core/Src/stm32f4xx_it.o
 .text.LL_DMA_ClearFlag_TC5
                0x080030c2       0x1c ./Core/Src/stm32f4xx_it.o
 .text.LL_DMA_ClearFlag_TC6
                0x080030de       0x1c ./Core/Src/stm32f4xx_it.o
 .text.LL_DMA_ClearFlag_TE1
                0x080030fa       0x1c ./Core/Src/stm32f4xx_it.o
 .text.LL_DMA_ClearFlag_TE2
                0x08003116       0x1c ./Core/Src/stm32f4xx_it.o
 .text.LL_DMA_ClearFlag_TE4
                0x08003132       0x1a ./Core/Src/stm32f4xx_it.o
 .text.LL_DMA_ClearFlag_TE6
                0x0800314c       0x1c ./Core/Src/stm32f4xx_it.o
 .text.LL_DMA_EnableIT_TC
                0x08003168       0x40 ./Core/Src/stm32f4xx_it.o
 .text.LL_TIM_ClearFlag_UPDATE
                0x080031a8       0x1c ./Core/Src/stm32f4xx_it.o
 .text.LL_TIM_IsActiveFlag_UPDATE
                0x080031c4       0x26 ./Core/Src/stm32f4xx_it.o
 .text.LL_USART_IsActiveFlag_RXNE
                0x080031ea       0x26 ./Core/Src/stm32f4xx_it.o
 .text.LL_USART_IsActiveFlag_TC
                0x08003210       0x26 ./Core/Src/stm32f4xx_it.o
 .text.LL_USART_ClearFlag_TC
                0x08003236       0x1c ./Core/Src/stm32f4xx_it.o
 .text.LL_USART_DisableIT_TC
                0x08003252       0x46 ./Core/Src/stm32f4xx_it.o
 .text.LL_USART_IsEnabledIT_RXNE
                0x08003298       0x26 ./Core/Src/stm32f4xx_it.o
 .text.LL_USART_EnableDMAReq_RX
                0x080032be       0x46 ./Core/Src/stm32f4xx_it.o
 .text.LL_USART_EnableDMAReq_TX
                0x08003304       0x46 ./Core/Src/stm32f4xx_it.o
 .text.LL_USART_DisableDMAReq_TX
                0x0800334a       0x46 ./Core/Src/stm32f4xx_it.o
 .text.LL_USART_DMA_GetRegAddr
                0x08003390       0x18 ./Core/Src/stm32f4xx_it.o
 .text.LL_USART_ReceiveData8
                0x080033a8       0x1a ./Core/Src/stm32f4xx_it.o
 .text.LL_GPIO_ResetOutputPin
                0x080033c2       0x1e ./Core/Src/stm32f4xx_it.o
 .text.NMI_Handler
                0x080033e0        0x8 ./Core/Src/stm32f4xx_it.o
                0x080033e0                NMI_Handler
 .text.HardFault_Handler
                0x080033e8        0x8 ./Core/Src/stm32f4xx_it.o
                0x080033e8                HardFault_Handler
 .text.MemManage_Handler
                0x080033f0        0x8 ./Core/Src/stm32f4xx_it.o
                0x080033f0                MemManage_Handler
 .text.BusFault_Handler
                0x080033f8        0x8 ./Core/Src/stm32f4xx_it.o
                0x080033f8                BusFault_Handler
 .text.UsageFault_Handler
                0x08003400        0x8 ./Core/Src/stm32f4xx_it.o
                0x08003400                UsageFault_Handler
 .text.SVC_Handler
                0x08003408        0xe ./Core/Src/stm32f4xx_it.o
                0x08003408                SVC_Handler
 .text.DebugMon_Handler
                0x08003416        0xe ./Core/Src/stm32f4xx_it.o
                0x08003416                DebugMon_Handler
 .text.PendSV_Handler
                0x08003424        0xe ./Core/Src/stm32f4xx_it.o
                0x08003424                PendSV_Handler
 .text.SysTick_Handler
                0x08003432        0xe ./Core/Src/stm32f4xx_it.o
                0x08003432                SysTick_Handler
 .text.DMA1_Stream2_IRQHandler
                0x08003440       0x70 ./Core/Src/stm32f4xx_it.o
                0x08003440                DMA1_Stream2_IRQHandler
 .text.DMA1_Stream4_IRQHandler
                0x080034b0       0x48 ./Core/Src/stm32f4xx_it.o
                0x080034b0                DMA1_Stream4_IRQHandler
 .text.DMA1_Stream5_IRQHandler
                0x080034f8       0x28 ./Core/Src/stm32f4xx_it.o
                0x080034f8                DMA1_Stream5_IRQHandler
 .text.DMA1_Stream6_IRQHandler
                0x08003520       0x28 ./Core/Src/stm32f4xx_it.o
                0x08003520                DMA1_Stream6_IRQHandler
 .text.TIM1_UP_TIM10_IRQHandler
                0x08003548       0x28 ./Core/Src/stm32f4xx_it.o
                0x08003548                TIM1_UP_TIM10_IRQHandler
 .text.USART3_IRQHandler
                0x08003570       0x90 ./Core/Src/stm32f4xx_it.o
                0x08003570                USART3_IRQHandler
 .text.UART4_IRQHandler
                0x08003600       0x68 ./Core/Src/stm32f4xx_it.o
                0x08003600                UART4_IRQHandler
 .text.UART5_IRQHandler
                0x08003668       0x6c ./Core/Src/stm32f4xx_it.o
                0x08003668                UART5_IRQHandler
 .text.DMA2_Stream1_IRQHandler
                0x080036d4       0x70 ./Core/Src/stm32f4xx_it.o
                0x080036d4                DMA2_Stream1_IRQHandler
 .text.DMA2_Stream6_IRQHandler
                0x08003744       0x48 ./Core/Src/stm32f4xx_it.o
                0x08003744                DMA2_Stream6_IRQHandler
 .text.USART6_IRQHandler
                0x0800378c       0x54 ./Core/Src/stm32f4xx_it.o
                0x0800378c                USART6_IRQHandler
 .text.uart4_dma_tx_start
                0x080037e0       0x84 ./Core/Src/stm32f4xx_it.o
                0x080037e0                uart4_dma_tx_start
 .text.uart4_dma_rx_start
                0x08003864       0x8c ./Core/Src/stm32f4xx_it.o
                0x08003864                uart4_dma_rx_start
 .text.usart6_dma_tx_start
                0x080038f0       0x84 ./Core/Src/stm32f4xx_it.o
                0x080038f0                usart6_dma_tx_start
 .text.usart6_dma_rx_start
                0x08003974       0x88 ./Core/Src/stm32f4xx_it.o
                0x08003974                usart6_dma_rx_start
 .text._getpid  0x080039fc       0x10 ./Core/Src/syscalls.o
                0x080039fc                _getpid
 .text._kill    0x08003a0c       0x20 ./Core/Src/syscalls.o
                0x08003a0c                _kill
 .text._exit    0x08003a2c       0x16 ./Core/Src/syscalls.o
                0x08003a2c                _exit
 .text._read    0x08003a42       0x3a ./Core/Src/syscalls.o
                0x08003a42                _read
 .text._close   0x08003a7c       0x18 ./Core/Src/syscalls.o
                0x08003a7c                _close
 .text._fstat   0x08003a94       0x20 ./Core/Src/syscalls.o
                0x08003a94                _fstat
 .text._isatty  0x08003ab4       0x16 ./Core/Src/syscalls.o
                0x08003ab4                _isatty
 .text._lseek   0x08003aca       0x1a ./Core/Src/syscalls.o
                0x08003aca                _lseek
 .text._sbrk    0x08003ae4       0x6c ./Core/Src/sysmem.o
                0x08003ae4                _sbrk
 .text.SystemInit
                0x08003b50       0x24 ./Core/Src/system_stm32f4xx.o
                0x08003b50                SystemInit
 .text.__NVIC_GetPriorityGrouping
                0x08003b74       0x1c ./Core/Src/tim.o
 .text.__NVIC_EnableIRQ
                0x08003b90       0x3c ./Core/Src/tim.o
 .text.__NVIC_SetPriority
                0x08003bcc       0x54 ./Core/Src/tim.o
 .text.NVIC_EncodePriority
                0x08003c20       0x66 ./Core/Src/tim.o
 *fill*         0x08003c86        0x2 
 .text.LL_APB2_GRP1_EnableClock
                0x08003c88       0x30 ./Core/Src/tim.o
 .text.LL_TIM_DisableARRPreload
                0x08003cb8       0x20 ./Core/Src/tim.o
 .text.LL_TIM_SetClockSource
                0x08003cd8       0x2a ./Core/Src/tim.o
 .text.LL_TIM_SetTriggerOutput
                0x08003d02       0x26 ./Core/Src/tim.o
 .text.LL_TIM_DisableMasterSlaveMode
                0x08003d28       0x20 ./Core/Src/tim.o
 .text.MX_TIM1_Init
                0x08003d48       0x84 ./Core/Src/tim.o
                0x08003d48                MX_TIM1_Init
 .text.__NVIC_GetPriorityGrouping
                0x08003dcc       0x1c ./Core/Src/usart.o
 .text.__NVIC_EnableIRQ
                0x08003de8       0x3c ./Core/Src/usart.o
 .text.__NVIC_SetPriority
                0x08003e24       0x54 ./Core/Src/usart.o
 .text.NVIC_EncodePriority
                0x08003e78       0x66 ./Core/Src/usart.o
 *fill*         0x08003ede        0x2 
 .text.LL_DMA_SetDataTransferDirection
                0x08003ee0       0x48 ./Core/Src/usart.o
 .text.LL_DMA_SetMode
                0x08003f28       0x48 ./Core/Src/usart.o
 .text.LL_DMA_SetPeriphIncMode
                0x08003f70       0x48 ./Core/Src/usart.o
 .text.LL_DMA_SetMemoryIncMode
                0x08003fb8       0x48 ./Core/Src/usart.o
 .text.LL_DMA_SetPeriphSize
                0x08004000       0x48 ./Core/Src/usart.o
 .text.LL_DMA_SetMemorySize
                0x08004048       0x48 ./Core/Src/usart.o
 .text.LL_DMA_SetStreamPriorityLevel
                0x08004090       0x48 ./Core/Src/usart.o
 .text.LL_DMA_SetChannelSelection
                0x080040d8       0x48 ./Core/Src/usart.o
 .text.LL_DMA_DisableFifoMode
                0x08004120       0x40 ./Core/Src/usart.o
 .text.LL_AHB1_GRP1_EnableClock
                0x08004160       0x30 ./Core/Src/usart.o
 .text.LL_APB1_GRP1_EnableClock
                0x08004190       0x30 ./Core/Src/usart.o
 .text.LL_APB2_GRP1_EnableClock
                0x080041c0       0x30 ./Core/Src/usart.o
 .text.LL_USART_Enable
                0x080041f0       0x20 ./Core/Src/usart.o
 .text.LL_USART_ConfigAsyncMode
                0x08004210       0x2c ./Core/Src/usart.o
 .text.MX_UART4_Init
                0x0800423c      0x180 ./Core/Src/usart.o
                0x0800423c                MX_UART4_Init
 .text.MX_UART5_Init
                0x080043bc       0xf0 ./Core/Src/usart.o
                0x080043bc                MX_UART5_Init
 .text.MX_USART2_UART_Init
                0x080044ac      0x15c ./Core/Src/usart.o
                0x080044ac                MX_USART2_UART_Init
 .text.MX_USART3_UART_Init
                0x08004608       0xf0 ./Core/Src/usart.o
                0x08004608                MX_USART3_UART_Init
 .text.MX_USART6_UART_Init
                0x080046f8      0x17c ./Core/Src/usart.o
                0x080046f8                MX_USART6_UART_Init
 .text.Reset_Handler
                0x08004874       0x50 ./Core/Startup/startup_stm32f446retx.o
                0x08004874                Reset_Handler
 .text.Default_Handler
                0x080048c4        0x2 ./Core/Startup/startup_stm32f446retx.o
                0x080048c4                RTC_Alarm_IRQHandler
                0x080048c4                EXTI2_IRQHandler
                0x080048c4                TIM8_CC_IRQHandler
                0x080048c4                FMPI2C1_EV_IRQHandler
                0x080048c4                SPI4_IRQHandler
                0x080048c4                TIM1_CC_IRQHandler
                0x080048c4                DMA2_Stream5_IRQHandler
                0x080048c4                PVD_IRQHandler
                0x080048c4                SDIO_IRQHandler
                0x080048c4                TAMP_STAMP_IRQHandler
                0x080048c4                CAN2_RX1_IRQHandler
                0x080048c4                EXTI3_IRQHandler
                0x080048c4                TIM8_TRG_COM_TIM14_IRQHandler
                0x080048c4                TIM8_UP_TIM13_IRQHandler
                0x080048c4                I2C3_ER_IRQHandler
                0x080048c4                EXTI0_IRQHandler
                0x080048c4                I2C2_EV_IRQHandler
                0x080048c4                CAN1_RX0_IRQHandler
                0x080048c4                FPU_IRQHandler
                0x080048c4                OTG_HS_WKUP_IRQHandler
                0x080048c4                CAN2_SCE_IRQHandler
                0x080048c4                DMA2_Stream2_IRQHandler
                0x080048c4                SPI1_IRQHandler
                0x080048c4                TIM6_DAC_IRQHandler
                0x080048c4                TIM1_BRK_TIM9_IRQHandler
                0x080048c4                DCMI_IRQHandler
                0x080048c4                CAN2_RX0_IRQHandler
                0x080048c4                DMA2_Stream3_IRQHandler
                0x080048c4                SAI2_IRQHandler
                0x080048c4                CAN1_RX1_IRQHandler
                0x080048c4                DMA2_Stream0_IRQHandler
                0x080048c4                TIM4_IRQHandler
                0x080048c4                QUADSPI_IRQHandler
                0x080048c4                I2C1_EV_IRQHandler
                0x080048c4                DMA1_Stream1_IRQHandler
                0x080048c4                TIM3_IRQHandler
                0x080048c4                RCC_IRQHandler
                0x080048c4                TIM8_BRK_TIM12_IRQHandler
                0x080048c4                Default_Handler
                0x080048c4                CEC_IRQHandler
                0x080048c4                EXTI15_10_IRQHandler
                0x080048c4                ADC_IRQHandler
                0x080048c4                DMA1_Stream7_IRQHandler
                0x080048c4                TIM7_IRQHandler
                0x080048c4                CAN2_TX_IRQHandler
                0x080048c4                TIM5_IRQHandler
                0x080048c4                DMA2_Stream7_IRQHandler
                0x080048c4                I2C3_EV_IRQHandler
                0x080048c4                EXTI9_5_IRQHandler
                0x080048c4                RTC_WKUP_IRQHandler
                0x080048c4                SPDIF_RX_IRQHandler
                0x080048c4                SPI2_IRQHandler
                0x080048c4                OTG_HS_EP1_IN_IRQHandler
                0x080048c4                DMA1_Stream0_IRQHandler
                0x080048c4                CAN1_TX_IRQHandler
                0x080048c4                FMPI2C1_ER_IRQHandler
                0x080048c4                EXTI4_IRQHandler
                0x080048c4                OTG_HS_EP1_OUT_IRQHandler
                0x080048c4                WWDG_IRQHandler
                0x080048c4                TIM2_IRQHandler
                0x080048c4                OTG_FS_WKUP_IRQHandler
                0x080048c4                TIM1_TRG_COM_TIM11_IRQHandler
                0x080048c4                OTG_HS_IRQHandler
                0x080048c4                EXTI1_IRQHandler
                0x080048c4                USART2_IRQHandler
                0x080048c4                I2C2_ER_IRQHandler
                0x080048c4                CAN1_SCE_IRQHandler
                0x080048c4                FLASH_IRQHandler
                0x080048c4                DMA2_Stream4_IRQHandler
                0x080048c4                USART1_IRQHandler
                0x080048c4                OTG_FS_IRQHandler
                0x080048c4                SPI3_IRQHandler
                0x080048c4                I2C1_ER_IRQHandler
                0x080048c4                FMC_IRQHandler
                0x080048c4                SAI1_IRQHandler
                0x080048c4                DMA1_Stream3_IRQHandler
 .text.LL_GPIO_SetPinMode
                0x080048c6       0x7a ./Drivers/STM32F4xx_HAL_Driver/Src/stm32f4xx_ll_gpio.o
 .text.LL_GPIO_SetPinOutputType
                0x08004940       0x30 ./Drivers/STM32F4xx_HAL_Driver/Src/stm32f4xx_ll_gpio.o
 .text.LL_GPIO_SetPinSpeed
                0x08004970       0x7a ./Drivers/STM32F4xx_HAL_Driver/Src/stm32f4xx_ll_gpio.o
 .text.LL_GPIO_SetPinPull
                0x080049ea       0x7a ./Drivers/STM32F4xx_HAL_Driver/Src/stm32f4xx_ll_gpio.o
 .text.LL_GPIO_SetAFPin_0_7
                0x08004a64       0x7a ./Drivers/STM32F4xx_HAL_Driver/Src/stm32f4xx_ll_gpio.o
 .text.LL_GPIO_SetAFPin_8_15
                0x08004ade       0x7e ./Drivers/STM32F4xx_HAL_Driver/Src/stm32f4xx_ll_gpio.o
 .text.LL_GPIO_Init
                0x08004b5c      0x102 ./Drivers/STM32F4xx_HAL_Driver/Src/stm32f4xx_ll_gpio.o
                0x08004b5c                LL_GPIO_Init
 *fill*         0x08004c5e        0x2 
 .text.LL_RCC_GetSysClkSource
                0x08004c60       0x1c ./Drivers/STM32F4xx_HAL_Driver/Src/stm32f4xx_ll_rcc.o
 .text.LL_RCC_GetAHBPrescaler
                0x08004c7c       0x1c ./Drivers/STM32F4xx_HAL_Driver/Src/stm32f4xx_ll_rcc.o
 .text.LL_RCC_GetAPB1Prescaler
                0x08004c98       0x1c ./Drivers/STM32F4xx_HAL_Driver/Src/stm32f4xx_ll_rcc.o
 .text.LL_RCC_GetAPB2Prescaler
                0x08004cb4       0x1c ./Drivers/STM32F4xx_HAL_Driver/Src/stm32f4xx_ll_rcc.o
 .text.LL_RCC_PLL_GetMainSource
                0x08004cd0       0x1c ./Drivers/STM32F4xx_HAL_Driver/Src/stm32f4xx_ll_rcc.o
 .text.LL_RCC_PLL_GetN
                0x08004cec       0x1c ./Drivers/STM32F4xx_HAL_Driver/Src/stm32f4xx_ll_rcc.o
 .text.LL_RCC_PLL_GetP
                0x08004d08       0x1c ./Drivers/STM32F4xx_HAL_Driver/Src/stm32f4xx_ll_rcc.o
 .text.LL_RCC_PLL_GetR
                0x08004d24       0x1c ./Drivers/STM32F4xx_HAL_Driver/Src/stm32f4xx_ll_rcc.o
 .text.LL_RCC_PLL_GetDivider
                0x08004d40       0x1c ./Drivers/STM32F4xx_HAL_Driver/Src/stm32f4xx_ll_rcc.o
 .text.LL_RCC_GetSystemClocksFreq
                0x08004d5c       0x4a ./Drivers/STM32F4xx_HAL_Driver/Src/stm32f4xx_ll_rcc.o
                0x08004d5c                LL_RCC_GetSystemClocksFreq
 *fill*         0x08004da6        0x2 
 .text.RCC_GetSystemClockFreq
                0x08004da8       0x88 ./Drivers/STM32F4xx_HAL_Driver/Src/stm32f4xx_ll_rcc.o
                0x08004da8                RCC_GetSystemClockFreq
 .text.RCC_GetHCLKClockFreq
                0x08004e30       0x2c ./Drivers/STM32F4xx_HAL_Driver/Src/stm32f4xx_ll_rcc.o
                0x08004e30                RCC_GetHCLKClockFreq
 .text.RCC_GetPCLK1ClockFreq
                0x08004e5c       0x28 ./Drivers/STM32F4xx_HAL_Driver/Src/stm32f4xx_ll_rcc.o
                0x08004e5c                RCC_GetPCLK1ClockFreq
 .text.RCC_GetPCLK2ClockFreq
                0x08004e84       0x28 ./Drivers/STM32F4xx_HAL_Driver/Src/stm32f4xx_ll_rcc.o
                0x08004e84                RCC_GetPCLK2ClockFreq
 .text.RCC_PLL_GetFreqDomain_SYS
                0x08004eac       0xa4 ./Drivers/STM32F4xx_HAL_Driver/Src/stm32f4xx_ll_rcc.o
                0x08004eac                RCC_PLL_GetFreqDomain_SYS
 .text.LL_TIM_SetPrescaler
                0x08004f50       0x1c ./Drivers/STM32F4xx_HAL_Driver/Src/stm32f4xx_ll_tim.o
 .text.LL_TIM_SetAutoReload
                0x08004f6c       0x1c ./Drivers/STM32F4xx_HAL_Driver/Src/stm32f4xx_ll_tim.o
 .text.LL_TIM_SetRepetitionCounter
                0x08004f88       0x1c ./Drivers/STM32F4xx_HAL_Driver/Src/stm32f4xx_ll_tim.o
 .text.LL_TIM_GenerateEvent_UPDATE
                0x08004fa4       0x20 ./Drivers/STM32F4xx_HAL_Driver/Src/stm32f4xx_ll_tim.o
 .text.LL_TIM_Init
                0x08004fc4      0x134 ./Drivers/STM32F4xx_HAL_Driver/Src/stm32f4xx_ll_tim.o
                0x08004fc4                LL_TIM_Init
 .text.LL_USART_IsEnabled
                0x080050f8       0x28 ./Drivers/STM32F4xx_HAL_Driver/Src/stm32f4xx_ll_usart.o
 .text.LL_USART_SetStopBitsLength
                0x08005120       0x26 ./Drivers/STM32F4xx_HAL_Driver/Src/stm32f4xx_ll_usart.o
 .text.LL_USART_SetHWFlowCtrl
                0x08005146       0x26 ./Drivers/STM32F4xx_HAL_Driver/Src/stm32f4xx_ll_usart.o
 .text.LL_USART_SetBaudRate
                0x0800516c      0x45c ./Drivers/STM32F4xx_HAL_Driver/Src/stm32f4xx_ll_usart.o
 .text.LL_USART_Init
                0x080055c8      0x100 ./Drivers/STM32F4xx_HAL_Driver/Src/stm32f4xx_ll_usart.o
                0x080055c8                LL_USART_Init
 .text.LL_InitTick
                0x080056c8       0x34 ./Drivers/STM32F4xx_HAL_Driver/Src/stm32f4xx_ll_utils.o
 .text.LL_Init1msTick
                0x080056fc       0x1a ./Drivers/STM32F4xx_HAL_Driver/Src/stm32f4xx_ll_utils.o
                0x080056fc                LL_Init1msTick
 *fill*         0x08005716        0x2 
 .text.LL_mDelay
                0x08005718       0x4c ./Drivers/STM32F4xx_HAL_Driver/Src/stm32f4xx_ll_utils.o
                0x08005718                LL_mDelay
 .text.LL_SetSystemCoreClock
                0x08005764       0x20 ./Drivers/STM32F4xx_HAL_Driver/Src/stm32f4xx_ll_utils.o
                0x08005764                LL_SetSystemCoreClock
 .text.atof     0x08005784        0x6 C:/ST/STM32CubeIDE_1.10.1/STM32CubeIDE/plugins/com.st.stm32cube.ide.mcu.externaltools.gnu-tools-for-stm32.13.3.rel1.win32_1.0.0.202411081344/tools/bin/../lib/gcc/arm-none-eabi/13.3.1/../../../../arm-none-eabi/lib/thumb/v7e-m+fp/hard\libc_nano.a(libc_a-atof.o)
                0x08005784                atof
 .text.sulp     0x0800578a       0x3c C:/ST/STM32CubeIDE_1.10.1/STM32CubeIDE/plugins/com.st.stm32cube.ide.mcu.externaltools.gnu-tools-for-stm32.13.3.rel1.win32_1.0.0.202411081344/tools/bin/../lib/gcc/arm-none-eabi/13.3.1/../../../../arm-none-eabi/lib/thumb/v7e-m+fp/hard\libc_nano.a(libc_a-strtod.o)
 *fill*         0x080057c6        0x2 
 .text._strtod_l
                0x080057c8      0xbc8 C:/ST/STM32CubeIDE_1.10.1/STM32CubeIDE/plugins/com.st.stm32cube.ide.mcu.externaltools.gnu-tools-for-stm32.13.3.rel1.win32_1.0.0.202411081344/tools/bin/../lib/gcc/arm-none-eabi/13.3.1/../../../../arm-none-eabi/lib/thumb/v7e-m+fp/hard\libc_nano.a(libc_a-strtod.o)
                0x080057c8                _strtod_l
 .text.strtod   0x08006390       0x18 C:/ST/STM32CubeIDE_1.10.1/STM32CubeIDE/plugins/com.st.stm32cube.ide.mcu.externaltools.gnu-tools-for-stm32.13.3.rel1.win32_1.0.0.202411081344/tools/bin/../lib/gcc/arm-none-eabi/13.3.1/../../../../arm-none-eabi/lib/thumb/v7e-m+fp/hard\libc_nano.a(libc_a-strtod.o)
                0x08006390                strtod
 .text.std      0x080063a8       0x6c C:/ST/STM32CubeIDE_1.10.1/STM32CubeIDE/plugins/com.st.stm32cube.ide.mcu.externaltools.gnu-tools-for-stm32.13.3.rel1.win32_1.0.0.202411081344/tools/bin/../lib/gcc/arm-none-eabi/13.3.1/../../../../arm-none-eabi/lib/thumb/v7e-m+fp/hard\libc_nano.a(libc_a-findfp.o)
 .text.stdio_exit_handler
                0x08006414       0x18 C:/ST/STM32CubeIDE_1.10.1/STM32CubeIDE/plugins/com.st.stm32cube.ide.mcu.externaltools.gnu-tools-for-stm32.13.3.rel1.win32_1.0.0.202411081344/tools/bin/../lib/gcc/arm-none-eabi/13.3.1/../../../../arm-none-eabi/lib/thumb/v7e-m+fp/hard\libc_nano.a(libc_a-findfp.o)
 .text.cleanup_stdio
                0x0800642c       0x40 C:/ST/STM32CubeIDE_1.10.1/STM32CubeIDE/plugins/com.st.stm32cube.ide.mcu.externaltools.gnu-tools-for-stm32.13.3.rel1.win32_1.0.0.202411081344/tools/bin/../lib/gcc/arm-none-eabi/13.3.1/../../../../arm-none-eabi/lib/thumb/v7e-m+fp/hard\libc_nano.a(libc_a-findfp.o)
 .text.global_stdio_init.part.0
                0x0800646c       0x3c C:/ST/STM32CubeIDE_1.10.1/STM32CubeIDE/plugins/com.st.stm32cube.ide.mcu.externaltools.gnu-tools-for-stm32.13.3.rel1.win32_1.0.0.202411081344/tools/bin/../lib/gcc/arm-none-eabi/13.3.1/../../../../arm-none-eabi/lib/thumb/v7e-m+fp/hard\libc_nano.a(libc_a-findfp.o)
 .text.__sfp_lock_acquire
                0x080064a8        0xc C:/ST/STM32CubeIDE_1.10.1/STM32CubeIDE/plugins/com.st.stm32cube.ide.mcu.externaltools.gnu-tools-for-stm32.13.3.rel1.win32_1.0.0.202411081344/tools/bin/../lib/gcc/arm-none-eabi/13.3.1/../../../../arm-none-eabi/lib/thumb/v7e-m+fp/hard\libc_nano.a(libc_a-findfp.o)
                0x080064a8                __sfp_lock_acquire
 .text.__sfp_lock_release
                0x080064b4        0xc C:/ST/STM32CubeIDE_1.10.1/STM32CubeIDE/plugins/com.st.stm32cube.ide.mcu.externaltools.gnu-tools-for-stm32.13.3.rel1.win32_1.0.0.202411081344/tools/bin/../lib/gcc/arm-none-eabi/13.3.1/../../../../arm-none-eabi/lib/thumb/v7e-m+fp/hard\libc_nano.a(libc_a-findfp.o)
                0x080064b4                __sfp_lock_release
 .text.__sinit  0x080064c0       0x30 C:/ST/STM32CubeIDE_1.10.1/STM32CubeIDE/plugins/com.st.stm32cube.ide.mcu.externaltools.gnu-tools-for-stm32.13.3.rel1.win32_1.0.0.202411081344/tools/bin/../lib/gcc/arm-none-eabi/13.3.1/../../../../arm-none-eabi/lib/thumb/v7e-m+fp/hard\libc_nano.a(libc_a-findfp.o)
                0x080064c0                __sinit
 .text._fwalk_sglue
                0x080064f0       0x3c C:/ST/STM32CubeIDE_1.10.1/STM32CubeIDE/plugins/com.st.stm32cube.ide.mcu.externaltools.gnu-tools-for-stm32.13.3.rel1.win32_1.0.0.202411081344/tools/bin/../lib/gcc/arm-none-eabi/13.3.1/../../../../arm-none-eabi/lib/thumb/v7e-m+fp/hard\libc_nano.a(libc_a-fwalk.o)
                0x080064f0                _fwalk_sglue
 .text.printf   0x0800652c       0x24 C:/ST/STM32CubeIDE_1.10.1/STM32CubeIDE/plugins/com.st.stm32cube.ide.mcu.externaltools.gnu-tools-for-stm32.13.3.rel1.win32_1.0.0.202411081344/tools/bin/../lib/gcc/arm-none-eabi/13.3.1/../../../../arm-none-eabi/lib/thumb/v7e-m+fp/hard\libc_nano.a(libc_a-printf.o)
                0x0800652c                iprintf
                0x0800652c                printf
 .text._puts_r  0x08006550       0xaa C:/ST/STM32CubeIDE_1.10.1/STM32CubeIDE/plugins/com.st.stm32cube.ide.mcu.externaltools.gnu-tools-for-stm32.13.3.rel1.win32_1.0.0.202411081344/tools/bin/../lib/gcc/arm-none-eabi/13.3.1/../../../../arm-none-eabi/lib/thumb/v7e-m+fp/hard\libc_nano.a(libc_a-puts.o)
                0x08006550                _puts_r
 *fill*         0x080065fa        0x2 
 .text.puts     0x080065fc       0x10 C:/ST/STM32CubeIDE_1.10.1/STM32CubeIDE/plugins/com.st.stm32cube.ide.mcu.externaltools.gnu-tools-for-stm32.13.3.rel1.win32_1.0.0.202411081344/tools/bin/../lib/gcc/arm-none-eabi/13.3.1/../../../../arm-none-eabi/lib/thumb/v7e-m+fp/hard\libc_nano.a(libc_a-puts.o)
                0x080065fc                puts
 .text.sprintf  0x0800660c       0x44 C:/ST/STM32CubeIDE_1.10.1/STM32CubeIDE/plugins/com.st.stm32cube.ide.mcu.externaltools.gnu-tools-for-stm32.13.3.rel1.win32_1.0.0.202411081344/tools/bin/../lib/gcc/arm-none-eabi/13.3.1/../../../../arm-none-eabi/lib/thumb/v7e-m+fp/hard\libc_nano.a(libc_a-sprintf.o)
                0x0800660c                siprintf
                0x0800660c                sprintf
 .text.__sread  0x08006650       0x22 C:/ST/STM32CubeIDE_1.10.1/STM32CubeIDE/plugins/com.st.stm32cube.ide.mcu.externaltools.gnu-tools-for-stm32.13.3.rel1.win32_1.0.0.202411081344/tools/bin/../lib/gcc/arm-none-eabi/13.3.1/../../../../arm-none-eabi/lib/thumb/v7e-m+fp/hard\libc_nano.a(libc_a-stdio.o)
                0x08006650                __sread
 .text.__swrite
                0x08006672       0x38 C:/ST/STM32CubeIDE_1.10.1/STM32CubeIDE/plugins/com.st.stm32cube.ide.mcu.externaltools.gnu-tools-for-stm32.13.3.rel1.win32_1.0.0.202411081344/tools/bin/../lib/gcc/arm-none-eabi/13.3.1/../../../../arm-none-eabi/lib/thumb/v7e-m+fp/hard\libc_nano.a(libc_a-stdio.o)
                0x08006672                __swrite
 .text.__sseek  0x080066aa       0x24 C:/ST/STM32CubeIDE_1.10.1/STM32CubeIDE/plugins/com.st.stm32cube.ide.mcu.externaltools.gnu-tools-for-stm32.13.3.rel1.win32_1.0.0.202411081344/tools/bin/../lib/gcc/arm-none-eabi/13.3.1/../../../../arm-none-eabi/lib/thumb/v7e-m+fp/hard\libc_nano.a(libc_a-stdio.o)
                0x080066aa                __sseek
 .text.__sclose
                0x080066ce        0x8 C:/ST/STM32CubeIDE_1.10.1/STM32CubeIDE/plugins/com.st.stm32cube.ide.mcu.externaltools.gnu-tools-for-stm32.13.3.rel1.win32_1.0.0.202411081344/tools/bin/../lib/gcc/arm-none-eabi/13.3.1/../../../../arm-none-eabi/lib/thumb/v7e-m+fp/hard\libc_nano.a(libc_a-stdio.o)
                0x080066ce                __sclose
 .text.__swbuf_r
                0x080066d6       0x7c C:/ST/STM32CubeIDE_1.10.1/STM32CubeIDE/plugins/com.st.stm32cube.ide.mcu.externaltools.gnu-tools-for-stm32.13.3.rel1.win32_1.0.0.202411081344/tools/bin/../lib/gcc/arm-none-eabi/13.3.1/../../../../arm-none-eabi/lib/thumb/v7e-m+fp/hard\libc_nano.a(libc_a-wbuf.o)
                0x080066d6                __swbuf_r
 *fill*         0x08006752        0x2 
 .text.__swsetup_r
                0x08006754       0xac C:/ST/STM32CubeIDE_1.10.1/STM32CubeIDE/plugins/com.st.stm32cube.ide.mcu.externaltools.gnu-tools-for-stm32.13.3.rel1.win32_1.0.0.202411081344/tools/bin/../lib/gcc/arm-none-eabi/13.3.1/../../../../arm-none-eabi/lib/thumb/v7e-m+fp/hard\libc_nano.a(libc_a-wsetup.o)
                0x08006754                __swsetup_r
 .text.memset   0x08006800       0x10 C:/ST/STM32CubeIDE_1.10.1/STM32CubeIDE/plugins/com.st.stm32cube.ide.mcu.externaltools.gnu-tools-for-stm32.13.3.rel1.win32_1.0.0.202411081344/tools/bin/../lib/gcc/arm-none-eabi/13.3.1/../../../../arm-none-eabi/lib/thumb/v7e-m+fp/hard\libc_nano.a(libc_a-memset.o)
                0x08006800                memset
 .text.strchr   0x08006810       0x1a C:/ST/STM32CubeIDE_1.10.1/STM32CubeIDE/plugins/com.st.stm32cube.ide.mcu.externaltools.gnu-tools-for-stm32.13.3.rel1.win32_1.0.0.202411081344/tools/bin/../lib/gcc/arm-none-eabi/13.3.1/../../../../arm-none-eabi/lib/thumb/v7e-m+fp/hard\libc_nano.a(libc_a-strchr.o)
                0x08006810                strchr
 .text.strncmp  0x0800682a       0x24 C:/ST/STM32CubeIDE_1.10.1/STM32CubeIDE/plugins/com.st.stm32cube.ide.mcu.externaltools.gnu-tools-for-stm32.13.3.rel1.win32_1.0.0.202411081344/tools/bin/../lib/gcc/arm-none-eabi/13.3.1/../../../../arm-none-eabi/lib/thumb/v7e-m+fp/hard\libc_nano.a(libc_a-strncmp.o)
                0x0800682a                strncmp
 *fill*         0x0800684e        0x2 
 .text.strtok   0x08006850       0x68 C:/ST/STM32CubeIDE_1.10.1/STM32CubeIDE/plugins/com.st.stm32cube.ide.mcu.externaltools.gnu-tools-for-stm32.13.3.rel1.win32_1.0.0.202411081344/tools/bin/../lib/gcc/arm-none-eabi/13.3.1/../../../../arm-none-eabi/lib/thumb/v7e-m+fp/hard\libc_nano.a(libc_a-strtok.o)
                0x08006850                strtok
 .text.__strtok_r
                0x080068b8       0x50 C:/ST/STM32CubeIDE_1.10.1/STM32CubeIDE/plugins/com.st.stm32cube.ide.mcu.externaltools.gnu-tools-for-stm32.13.3.rel1.win32_1.0.0.202411081344/tools/bin/../lib/gcc/arm-none-eabi/13.3.1/../../../../arm-none-eabi/lib/thumb/v7e-m+fp/hard\libc_nano.a(libc_a-strtok_r.o)
                0x080068b8                __strtok_r
 .text._close_r
                0x08006908       0x20 C:/ST/STM32CubeIDE_1.10.1/STM32CubeIDE/plugins/com.st.stm32cube.ide.mcu.externaltools.gnu-tools-for-stm32.13.3.rel1.win32_1.0.0.202411081344/tools/bin/../lib/gcc/arm-none-eabi/13.3.1/../../../../arm-none-eabi/lib/thumb/v7e-m+fp/hard\libc_nano.a(libc_a-closer.o)
                0x08006908                _close_r
 .text._lseek_r
                0x08006928       0x24 C:/ST/STM32CubeIDE_1.10.1/STM32CubeIDE/plugins/com.st.stm32cube.ide.mcu.externaltools.gnu-tools-for-stm32.13.3.rel1.win32_1.0.0.202411081344/tools/bin/../lib/gcc/arm-none-eabi/13.3.1/../../../../arm-none-eabi/lib/thumb/v7e-m+fp/hard\libc_nano.a(libc_a-lseekr.o)
                0x08006928                _lseek_r
 .text._read_r  0x0800694c       0x24 C:/ST/STM32CubeIDE_1.10.1/STM32CubeIDE/plugins/com.st.stm32cube.ide.mcu.externaltools.gnu-tools-for-stm32.13.3.rel1.win32_1.0.0.202411081344/tools/bin/../lib/gcc/arm-none-eabi/13.3.1/../../../../arm-none-eabi/lib/thumb/v7e-m+fp/hard\libc_nano.a(libc_a-readr.o)
                0x0800694c                _read_r
 .text._write_r
                0x08006970       0x24 C:/ST/STM32CubeIDE_1.10.1/STM32CubeIDE/plugins/com.st.stm32cube.ide.mcu.externaltools.gnu-tools-for-stm32.13.3.rel1.win32_1.0.0.202411081344/tools/bin/../lib/gcc/arm-none-eabi/13.3.1/../../../../arm-none-eabi/lib/thumb/v7e-m+fp/hard\libc_nano.a(libc_a-writer.o)
                0x08006970                _write_r
 .text.__errno  0x08006994        0xc C:/ST/STM32CubeIDE_1.10.1/STM32CubeIDE/plugins/com.st.stm32cube.ide.mcu.externaltools.gnu-tools-for-stm32.13.3.rel1.win32_1.0.0.202411081344/tools/bin/../lib/gcc/arm-none-eabi/13.3.1/../../../../arm-none-eabi/lib/thumb/v7e-m+fp/hard\libc_nano.a(libc_a-errno.o)
                0x08006994                __errno
 .text.__libc_init_array
                0x080069a0       0x48 C:/ST/STM32CubeIDE_1.10.1/STM32CubeIDE/plugins/com.st.stm32cube.ide.mcu.externaltools.gnu-tools-for-stm32.13.3.rel1.win32_1.0.0.202411081344/tools/bin/../lib/gcc/arm-none-eabi/13.3.1/../../../../arm-none-eabi/lib/thumb/v7e-m+fp/hard\libc_nano.a(libc_a-init.o)
                0x080069a0                __libc_init_array
 .text.__retarget_lock_init_recursive
                0x080069e8        0x2 C:/ST/STM32CubeIDE_1.10.1/STM32CubeIDE/plugins/com.st.stm32cube.ide.mcu.externaltools.gnu-tools-for-stm32.13.3.rel1.win32_1.0.0.202411081344/tools/bin/../lib/gcc/arm-none-eabi/13.3.1/../../../../arm-none-eabi/lib/thumb/v7e-m+fp/hard\libc_nano.a(libc_a-lock.o)
                0x080069e8                __retarget_lock_init_recursive
 .text.__retarget_lock_acquire_recursive
                0x080069ea        0x2 C:/ST/STM32CubeIDE_1.10.1/STM32CubeIDE/plugins/com.st.stm32cube.ide.mcu.externaltools.gnu-tools-for-stm32.13.3.rel1.win32_1.0.0.202411081344/tools/bin/../lib/gcc/arm-none-eabi/13.3.1/../../../../arm-none-eabi/lib/thumb/v7e-m+fp/hard\libc_nano.a(libc_a-lock.o)
                0x080069ea                __retarget_lock_acquire_recursive
 .text.__retarget_lock_release_recursive
                0x080069ec        0x2 C:/ST/STM32CubeIDE_1.10.1/STM32CubeIDE/plugins/com.st.stm32cube.ide.mcu.externaltools.gnu-tools-for-stm32.13.3.rel1.win32_1.0.0.202411081344/tools/bin/../lib/gcc/arm-none-eabi/13.3.1/../../../../arm-none-eabi/lib/thumb/v7e-m+fp/hard\libc_nano.a(libc_a-lock.o)
                0x080069ec                __retarget_lock_release_recursive
 .text.strcpy   0x080069ee       0x10 C:/ST/STM32CubeIDE_1.10.1/STM32CubeIDE/plugins/com.st.stm32cube.ide.mcu.externaltools.gnu-tools-for-stm32.13.3.rel1.win32_1.0.0.202411081344/tools/bin/../lib/gcc/arm-none-eabi/13.3.1/../../../../arm-none-eabi/lib/thumb/v7e-m+fp/hard\libc_nano.a(libc_a-strcpy.o)
                0x080069ee                strcpy
 .text.memcpy   0x080069fe       0x1c C:/ST/STM32CubeIDE_1.10.1/STM32CubeIDE/plugins/com.st.stm32cube.ide.mcu.externaltools.gnu-tools-for-stm32.13.3.rel1.win32_1.0.0.202411081344/tools/bin/../lib/gcc/arm-none-eabi/13.3.1/../../../../arm-none-eabi/lib/thumb/v7e-m+fp/hard\libc_nano.a(libc_a-memcpy-stub.o)
                0x080069fe                memcpy
 *fill*         0x08006a1a        0x6 
 .text.nan      0x08006a20       0x10 C:/ST/STM32CubeIDE_1.10.1/STM32CubeIDE/plugins/com.st.stm32cube.ide.mcu.externaltools.gnu-tools-for-stm32.13.3.rel1.win32_1.0.0.202411081344/tools/bin/../lib/gcc/arm-none-eabi/13.3.1/../../../../arm-none-eabi/lib/thumb/v7e-m+fp/hard\libc_nano.a(libm_a-s_nan.o)
                0x08006a20                nan
 .text.__assert_func
                0x08006a30       0x3c C:/ST/STM32CubeIDE_1.10.1/STM32CubeIDE/plugins/com.st.stm32cube.ide.mcu.externaltools.gnu-tools-for-stm32.13.3.rel1.win32_1.0.0.202411081344/tools/bin/../lib/gcc/arm-none-eabi/13.3.1/../../../../arm-none-eabi/lib/thumb/v7e-m+fp/hard\libc_nano.a(libc_a-assert.o)
                0x08006a30                __assert_func
 .text._free_r  0x08006a6c       0x94 C:/ST/STM32CubeIDE_1.10.1/STM32CubeIDE/plugins/com.st.stm32cube.ide.mcu.externaltools.gnu-tools-for-stm32.13.3.rel1.win32_1.0.0.202411081344/tools/bin/../lib/gcc/arm-none-eabi/13.3.1/../../../../arm-none-eabi/lib/thumb/v7e-m+fp/hard\libc_nano.a(libc_a-freer.o)
                0x08006a6c                _free_r
 .text.rshift   0x08006b00       0xa4 C:/ST/STM32CubeIDE_1.10.1/STM32CubeIDE/plugins/com.st.stm32cube.ide.mcu.externaltools.gnu-tools-for-stm32.13.3.rel1.win32_1.0.0.202411081344/tools/bin/../lib/gcc/arm-none-eabi/13.3.1/../../../../arm-none-eabi/lib/thumb/v7e-m+fp/hard\libc_nano.a(libc_a-gdtoa-gethex.o)
 .text.__hexdig_fun
                0x08006ba4       0x2a C:/ST/STM32CubeIDE_1.10.1/STM32CubeIDE/plugins/com.st.stm32cube.ide.mcu.externaltools.gnu-tools-for-stm32.13.3.rel1.win32_1.0.0.202411081344/tools/bin/../lib/gcc/arm-none-eabi/13.3.1/../../../../arm-none-eabi/lib/thumb/v7e-m+fp/hard\libc_nano.a(libc_a-gdtoa-gethex.o)
                0x08006ba4                __hexdig_fun
 *fill*         0x08006bce        0x2 
 .text.__gethex
                0x08006bd0      0x420 C:/ST/STM32CubeIDE_1.10.1/STM32CubeIDE/plugins/com.st.stm32cube.ide.mcu.externaltools.gnu-tools-for-stm32.13.3.rel1.win32_1.0.0.202411081344/tools/bin/../lib/gcc/arm-none-eabi/13.3.1/../../../../arm-none-eabi/lib/thumb/v7e-m+fp/hard\libc_nano.a(libc_a-gdtoa-gethex.o)
                0x08006bd0                __gethex
 .text.L_shift  0x08006ff0       0x24 C:/ST/STM32CubeIDE_1.10.1/STM32CubeIDE/plugins/com.st.stm32cube.ide.mcu.externaltools.gnu-tools-for-stm32.13.3.rel1.win32_1.0.0.202411081344/tools/bin/../lib/gcc/arm-none-eabi/13.3.1/../../../../arm-none-eabi/lib/thumb/v7e-m+fp/hard\libc_nano.a(libc_a-gdtoa-hexnan.o)
 .text.__match  0x08007014       0x28 C:/ST/STM32CubeIDE_1.10.1/STM32CubeIDE/plugins/com.st.stm32cube.ide.mcu.externaltools.gnu-tools-for-stm32.13.3.rel1.win32_1.0.0.202411081344/tools/bin/../lib/gcc/arm-none-eabi/13.3.1/../../../../arm-none-eabi/lib/thumb/v7e-m+fp/hard\libc_nano.a(libc_a-gdtoa-hexnan.o)
                0x08007014                __match
 .text.__hexnan
                0x0800703c      0x136 C:/ST/STM32CubeIDE_1.10.1/STM32CubeIDE/plugins/com.st.stm32cube.ide.mcu.externaltools.gnu-tools-for-stm32.13.3.rel1.win32_1.0.0.202411081344/tools/bin/../lib/gcc/arm-none-eabi/13.3.1/../../../../arm-none-eabi/lib/thumb/v7e-m+fp/hard\libc_nano.a(libc_a-gdtoa-hexnan.o)
                0x0800703c                __hexnan
 *fill*         0x08007172        0x2 
 .text.malloc   0x08007174       0x10 C:/ST/STM32CubeIDE_1.10.1/STM32CubeIDE/plugins/com.st.stm32cube.ide.mcu.externaltools.gnu-tools-for-stm32.13.3.rel1.win32_1.0.0.202411081344/tools/bin/../lib/gcc/arm-none-eabi/13.3.1/../../../../arm-none-eabi/lib/thumb/v7e-m+fp/hard\libc_nano.a(libc_a-malloc.o)
                0x08007174                malloc
 .text.sbrk_aligned
                0x08007184       0x44 C:/ST/STM32CubeIDE_1.10.1/STM32CubeIDE/plugins/com.st.stm32cube.ide.mcu.externaltools.gnu-tools-for-stm32.13.3.rel1.win32_1.0.0.202411081344/tools/bin/../lib/gcc/arm-none-eabi/13.3.1/../../../../arm-none-eabi/lib/thumb/v7e-m+fp/hard\libc_nano.a(libc_a-mallocr.o)
 .text._malloc_r
                0x080071c8      0x100 C:/ST/STM32CubeIDE_1.10.1/STM32CubeIDE/plugins/com.st.stm32cube.ide.mcu.externaltools.gnu-tools-for-stm32.13.3.rel1.win32_1.0.0.202411081344/tools/bin/../lib/gcc/arm-none-eabi/13.3.1/../../../../arm-none-eabi/lib/thumb/v7e-m+fp/hard\libc_nano.a(libc_a-mallocr.o)
                0x080071c8                _malloc_r
 .text.__ascii_mbtowc
                0x080072c8       0x24 C:/ST/STM32CubeIDE_1.10.1/STM32CubeIDE/plugins/com.st.stm32cube.ide.mcu.externaltools.gnu-tools-for-stm32.13.3.rel1.win32_1.0.0.202411081344/tools/bin/../lib/gcc/arm-none-eabi/13.3.1/../../../../arm-none-eabi/lib/thumb/v7e-m+fp/hard\libc_nano.a(libc_a-mbtowc_r.o)
                0x080072c8                __ascii_mbtowc
 .text.__malloc_lock
                0x080072ec        0xc C:/ST/STM32CubeIDE_1.10.1/STM32CubeIDE/plugins/com.st.stm32cube.ide.mcu.externaltools.gnu-tools-for-stm32.13.3.rel1.win32_1.0.0.202411081344/tools/bin/../lib/gcc/arm-none-eabi/13.3.1/../../../../arm-none-eabi/lib/thumb/v7e-m+fp/hard\libc_nano.a(libc_a-mlock.o)
                0x080072ec                __malloc_lock
 .text.__malloc_unlock
                0x080072f8        0xc C:/ST/STM32CubeIDE_1.10.1/STM32CubeIDE/plugins/com.st.stm32cube.ide.mcu.externaltools.gnu-tools-for-stm32.13.3.rel1.win32_1.0.0.202411081344/tools/bin/../lib/gcc/arm-none-eabi/13.3.1/../../../../arm-none-eabi/lib/thumb/v7e-m+fp/hard\libc_nano.a(libc_a-mlock.o)
                0x080072f8                __malloc_unlock
 .text._Balloc  0x08007304       0x80 C:/ST/STM32CubeIDE_1.10.1/STM32CubeIDE/plugins/com.st.stm32cube.ide.mcu.externaltools.gnu-tools-for-stm32.13.3.rel1.win32_1.0.0.202411081344/tools/bin/../lib/gcc/arm-none-eabi/13.3.1/../../../../arm-none-eabi/lib/thumb/v7e-m+fp/hard\libc_nano.a(libc_a-mprec.o)
                0x08007304                _Balloc
 .text._Bfree   0x08007384       0x44 C:/ST/STM32CubeIDE_1.10.1/STM32CubeIDE/plugins/com.st.stm32cube.ide.mcu.externaltools.gnu-tools-for-stm32.13.3.rel1.win32_1.0.0.202411081344/tools/bin/../lib/gcc/arm-none-eabi/13.3.1/../../../../arm-none-eabi/lib/thumb/v7e-m+fp/hard\libc_nano.a(libc_a-mprec.o)
                0x08007384                _Bfree
 .text.__multadd
                0x080073c8       0x8c C:/ST/STM32CubeIDE_1.10.1/STM32CubeIDE/plugins/com.st.stm32cube.ide.mcu.externaltools.gnu-tools-for-stm32.13.3.rel1.win32_1.0.0.202411081344/tools/bin/../lib/gcc/arm-none-eabi/13.3.1/../../../../arm-none-eabi/lib/thumb/v7e-m+fp/hard\libc_nano.a(libc_a-mprec.o)
                0x080073c8                __multadd
 .text.__s2b    0x08007454       0x94 C:/ST/STM32CubeIDE_1.10.1/STM32CubeIDE/plugins/com.st.stm32cube.ide.mcu.externaltools.gnu-tools-for-stm32.13.3.rel1.win32_1.0.0.202411081344/tools/bin/../lib/gcc/arm-none-eabi/13.3.1/../../../../arm-none-eabi/lib/thumb/v7e-m+fp/hard\libc_nano.a(libc_a-mprec.o)
                0x08007454                __s2b
 .text.__hi0bits
                0x080074e8       0x3e C:/ST/STM32CubeIDE_1.10.1/STM32CubeIDE/plugins/com.st.stm32cube.ide.mcu.externaltools.gnu-tools-for-stm32.13.3.rel1.win32_1.0.0.202411081344/tools/bin/../lib/gcc/arm-none-eabi/13.3.1/../../../../arm-none-eabi/lib/thumb/v7e-m+fp/hard\libc_nano.a(libc_a-mprec.o)
                0x080074e8                __hi0bits
 .text.__lo0bits
                0x08007526       0x5a C:/ST/STM32CubeIDE_1.10.1/STM32CubeIDE/plugins/com.st.stm32cube.ide.mcu.externaltools.gnu-tools-for-stm32.13.3.rel1.win32_1.0.0.202411081344/tools/bin/../lib/gcc/arm-none-eabi/13.3.1/../../../../arm-none-eabi/lib/thumb/v7e-m+fp/hard\libc_nano.a(libc_a-mprec.o)
                0x08007526                __lo0bits
 .text.__i2b    0x08007580       0x2c C:/ST/STM32CubeIDE_1.10.1/STM32CubeIDE/plugins/com.st.stm32cube.ide.mcu.externaltools.gnu-tools-for-stm32.13.3.rel1.win32_1.0.0.202411081344/tools/bin/../lib/gcc/arm-none-eabi/13.3.1/../../../../arm-none-eabi/lib/thumb/v7e-m+fp/hard\libc_nano.a(libc_a-mprec.o)
                0x08007580                __i2b
 .text.__multiply
                0x080075ac      0x144 C:/ST/STM32CubeIDE_1.10.1/STM32CubeIDE/plugins/com.st.stm32cube.ide.mcu.externaltools.gnu-tools-for-stm32.13.3.rel1.win32_1.0.0.202411081344/tools/bin/../lib/gcc/arm-none-eabi/13.3.1/../../../../arm-none-eabi/lib/thumb/v7e-m+fp/hard\libc_nano.a(libc_a-mprec.o)
                0x080075ac                __multiply
 .text.__pow5mult
                0x080076f0       0xb4 C:/ST/STM32CubeIDE_1.10.1/STM32CubeIDE/plugins/com.st.stm32cube.ide.mcu.externaltools.gnu-tools-for-stm32.13.3.rel1.win32_1.0.0.202411081344/tools/bin/../lib/gcc/arm-none-eabi/13.3.1/../../../../arm-none-eabi/lib/thumb/v7e-m+fp/hard\libc_nano.a(libc_a-mprec.o)
                0x080076f0                __pow5mult
 .text.__lshift
                0x080077a4       0xd8 C:/ST/STM32CubeIDE_1.10.1/STM32CubeIDE/plugins/com.st.stm32cube.ide.mcu.externaltools.gnu-tools-for-stm32.13.3.rel1.win32_1.0.0.202411081344/tools/bin/../lib/gcc/arm-none-eabi/13.3.1/../../../../arm-none-eabi/lib/thumb/v7e-m+fp/hard\libc_nano.a(libc_a-mprec.o)
                0x080077a4                __lshift
 .text.__mcmp   0x0800787c       0x36 C:/ST/STM32CubeIDE_1.10.1/STM32CubeIDE/plugins/com.st.stm32cube.ide.mcu.externaltools.gnu-tools-for-stm32.13.3.rel1.win32_1.0.0.202411081344/tools/bin/../lib/gcc/arm-none-eabi/13.3.1/../../../../arm-none-eabi/lib/thumb/v7e-m+fp/hard\libc_nano.a(libc_a-mprec.o)
                0x0800787c                __mcmp
 *fill*         0x080078b2        0x2 
 .text.__mdiff  0x080078b4      0x128 C:/ST/STM32CubeIDE_1.10.1/STM32CubeIDE/plugins/com.st.stm32cube.ide.mcu.externaltools.gnu-tools-for-stm32.13.3.rel1.win32_1.0.0.202411081344/tools/bin/../lib/gcc/arm-none-eabi/13.3.1/../../../../arm-none-eabi/lib/thumb/v7e-m+fp/hard\libc_nano.a(libc_a-mprec.o)
                0x080078b4                __mdiff
 .text.__ulp    0x080079dc       0x4c C:/ST/STM32CubeIDE_1.10.1/STM32CubeIDE/plugins/com.st.stm32cube.ide.mcu.externaltools.gnu-tools-for-stm32.13.3.rel1.win32_1.0.0.202411081344/tools/bin/../lib/gcc/arm-none-eabi/13.3.1/../../../../arm-none-eabi/lib/thumb/v7e-m+fp/hard\libc_nano.a(libc_a-mprec.o)
                0x080079dc                __ulp
 .text.__b2d    0x08007a28       0x94 C:/ST/STM32CubeIDE_1.10.1/STM32CubeIDE/plugins/com.st.stm32cube.ide.mcu.externaltools.gnu-tools-for-stm32.13.3.rel1.win32_1.0.0.202411081344/tools/bin/../lib/gcc/arm-none-eabi/13.3.1/../../../../arm-none-eabi/lib/thumb/v7e-m+fp/hard\libc_nano.a(libc_a-mprec.o)
                0x08007a28                __b2d
 .text.__d2b    0x08007abc       0xb0 C:/ST/STM32CubeIDE_1.10.1/STM32CubeIDE/plugins/com.st.stm32cube.ide.mcu.externaltools.gnu-tools-for-stm32.13.3.rel1.win32_1.0.0.202411081344/tools/bin/../lib/gcc/arm-none-eabi/13.3.1/../../../../arm-none-eabi/lib/thumb/v7e-m+fp/hard\libc_nano.a(libc_a-mprec.o)
                0x08007abc                __d2b
 .text.__ratio  0x08007b6c       0x64 C:/ST/STM32CubeIDE_1.10.1/STM32CubeIDE/plugins/com.st.stm32cube.ide.mcu.externaltools.gnu-tools-for-stm32.13.3.rel1.win32_1.0.0.202411081344/tools/bin/../lib/gcc/arm-none-eabi/13.3.1/../../../../arm-none-eabi/lib/thumb/v7e-m+fp/hard\libc_nano.a(libc_a-mprec.o)
                0x08007b6c                __ratio
 .text.__copybits
                0x08007bd0       0x46 C:/ST/STM32CubeIDE_1.10.1/STM32CubeIDE/plugins/com.st.stm32cube.ide.mcu.externaltools.gnu-tools-for-stm32.13.3.rel1.win32_1.0.0.202411081344/tools/bin/../lib/gcc/arm-none-eabi/13.3.1/../../../../arm-none-eabi/lib/thumb/v7e-m+fp/hard\libc_nano.a(libc_a-mprec.o)
                0x08007bd0                __copybits
 .text.__any_on
                0x08007c16       0x42 C:/ST/STM32CubeIDE_1.10.1/STM32CubeIDE/plugins/com.st.stm32cube.ide.mcu.externaltools.gnu-tools-for-stm32.13.3.rel1.win32_1.0.0.202411081344/tools/bin/../lib/gcc/arm-none-eabi/13.3.1/../../../../arm-none-eabi/lib/thumb/v7e-m+fp/hard\libc_nano.a(libc_a-mprec.o)
                0x08007c16                __any_on
 .text.__ascii_wctomb
                0x08007c58       0x1a C:/ST/STM32CubeIDE_1.10.1/STM32CubeIDE/plugins/com.st.stm32cube.ide.mcu.externaltools.gnu-tools-for-stm32.13.3.rel1.win32_1.0.0.202411081344/tools/bin/../lib/gcc/arm-none-eabi/13.3.1/../../../../arm-none-eabi/lib/thumb/v7e-m+fp/hard\libc_nano.a(libc_a-wctomb_r.o)
                0x08007c58                __ascii_wctomb
 .text.__ssputs_r
                0x08007c72       0xb6 C:/ST/STM32CubeIDE_1.10.1/STM32CubeIDE/plugins/com.st.stm32cube.ide.mcu.externaltools.gnu-tools-for-stm32.13.3.rel1.win32_1.0.0.202411081344/tools/bin/../lib/gcc/arm-none-eabi/13.3.1/../../../../arm-none-eabi/lib/thumb/v7e-m+fp/hard\libc_nano.a(libc_a-nano-svfprintf.o)
                0x08007c72                __ssputs_r
 .text._svfprintf_r
                0x08007d28      0x1f8 C:/ST/STM32CubeIDE_1.10.1/STM32CubeIDE/plugins/com.st.stm32cube.ide.mcu.externaltools.gnu-tools-for-stm32.13.3.rel1.win32_1.0.0.202411081344/tools/bin/../lib/gcc/arm-none-eabi/13.3.1/../../../../arm-none-eabi/lib/thumb/v7e-m+fp/hard\libc_nano.a(libc_a-nano-svfprintf.o)
                0x08007d28                _svfiprintf_r
                0x08007d28                _svfprintf_r
 .text.__sfputc_r
                0x08007f20       0x2e C:/ST/STM32CubeIDE_1.10.1/STM32CubeIDE/plugins/com.st.stm32cube.ide.mcu.externaltools.gnu-tools-for-stm32.13.3.rel1.win32_1.0.0.202411081344/tools/bin/../lib/gcc/arm-none-eabi/13.3.1/../../../../arm-none-eabi/lib/thumb/v7e-m+fp/hard\libc_nano.a(libc_a-nano-vfprintf.o)
 .text.__sfputs_r
                0x08007f4e       0x24 C:/ST/STM32CubeIDE_1.10.1/STM32CubeIDE/plugins/com.st.stm32cube.ide.mcu.externaltools.gnu-tools-for-stm32.13.3.rel1.win32_1.0.0.202411081344/tools/bin/../lib/gcc/arm-none-eabi/13.3.1/../../../../arm-none-eabi/lib/thumb/v7e-m+fp/hard\libc_nano.a(libc_a-nano-vfprintf.o)
                0x08007f4e                __sfputs_r
 *fill*         0x08007f72        0x2 
 .text._vfprintf_r
                0x08007f74      0x230 C:/ST/STM32CubeIDE_1.10.1/STM32CubeIDE/plugins/com.st.stm32cube.ide.mcu.externaltools.gnu-tools-for-stm32.13.3.rel1.win32_1.0.0.202411081344/tools/bin/../lib/gcc/arm-none-eabi/13.3.1/../../../../arm-none-eabi/lib/thumb/v7e-m+fp/hard\libc_nano.a(libc_a-nano-vfprintf.o)
                0x08007f74                _vfprintf_r
                0x08007f74                _vfiprintf_r
 .text._printf_common
                0x080081a4       0xda C:/ST/STM32CubeIDE_1.10.1/STM32CubeIDE/plugins/com.st.stm32cube.ide.mcu.externaltools.gnu-tools-for-stm32.13.3.rel1.win32_1.0.0.202411081344/tools/bin/../lib/gcc/arm-none-eabi/13.3.1/../../../../arm-none-eabi/lib/thumb/v7e-m+fp/hard\libc_nano.a(libc_a-nano-vfprintf_i.o)
                0x080081a4                _printf_common
 *fill*         0x0800827e        0x2 
 .text._printf_i
                0x08008280      0x23c C:/ST/STM32CubeIDE_1.10.1/STM32CubeIDE/plugins/com.st.stm32cube.ide.mcu.externaltools.gnu-tools-for-stm32.13.3.rel1.win32_1.0.0.202411081344/tools/bin/../lib/gcc/arm-none-eabi/13.3.1/../../../../arm-none-eabi/lib/thumb/v7e-m+fp/hard\libc_nano.a(libc_a-nano-vfprintf_i.o)
                0x08008280                _printf_i
 .text.__sflush_r
                0x080084bc      0x108 C:/ST/STM32CubeIDE_1.10.1/STM32CubeIDE/plugins/com.st.stm32cube.ide.mcu.externaltools.gnu-tools-for-stm32.13.3.rel1.win32_1.0.0.202411081344/tools/bin/../lib/gcc/arm-none-eabi/13.3.1/../../../../arm-none-eabi/lib/thumb/v7e-m+fp/hard\libc_nano.a(libc_a-fflush.o)
                0x080084bc                __sflush_r
 .text._fflush_r
                0x080085c4       0x50 C:/ST/STM32CubeIDE_1.10.1/STM32CubeIDE/plugins/com.st.stm32cube.ide.mcu.externaltools.gnu-tools-for-stm32.13.3.rel1.win32_1.0.0.202411081344/tools/bin/../lib/gcc/arm-none-eabi/13.3.1/../../../../arm-none-eabi/lib/thumb/v7e-m+fp/hard\libc_nano.a(libc_a-fflush.o)
                0x080085c4                _fflush_r
 .text.fprintf  0x08008614       0x24 C:/ST/STM32CubeIDE_1.10.1/STM32CubeIDE/plugins/com.st.stm32cube.ide.mcu.externaltools.gnu-tools-for-stm32.13.3.rel1.win32_1.0.0.202411081344/tools/bin/../lib/gcc/arm-none-eabi/13.3.1/../../../../arm-none-eabi/lib/thumb/v7e-m+fp/hard\libc_nano.a(libc_a-fprintf.o)
                0x08008614                fiprintf
                0x08008614                fprintf
 .text.__swhatbuf_r
                0x08008638       0x4c C:/ST/STM32CubeIDE_1.10.1/STM32CubeIDE/plugins/com.st.stm32cube.ide.mcu.externaltools.gnu-tools-for-stm32.13.3.rel1.win32_1.0.0.202411081344/tools/bin/../lib/gcc/arm-none-eabi/13.3.1/../../../../arm-none-eabi/lib/thumb/v7e-m+fp/hard\libc_nano.a(libc_a-makebuf.o)
                0x08008638                __swhatbuf_r
 .text.__smakebuf_r
                0x08008684       0x78 C:/ST/STM32CubeIDE_1.10.1/STM32CubeIDE/plugins/com.st.stm32cube.ide.mcu.externaltools.gnu-tools-for-stm32.13.3.rel1.win32_1.0.0.202411081344/tools/bin/../lib/gcc/arm-none-eabi/13.3.1/../../../../arm-none-eabi/lib/thumb/v7e-m+fp/hard\libc_nano.a(libc_a-makebuf.o)
                0x08008684                __smakebuf_r
 .text.memmove  0x080086fc       0x34 C:/ST/STM32CubeIDE_1.10.1/STM32CubeIDE/plugins/com.st.stm32cube.ide.mcu.externaltools.gnu-tools-for-stm32.13.3.rel1.win32_1.0.0.202411081344/tools/bin/../lib/gcc/arm-none-eabi/13.3.1/../../../../arm-none-eabi/lib/thumb/v7e-m+fp/hard\libc_nano.a(libc_a-memmove.o)
                0x080086fc                memmove
 .text._fstat_r
                0x08008730       0x24 C:/ST/STM32CubeIDE_1.10.1/STM32CubeIDE/plugins/com.st.stm32cube.ide.mcu.externaltools.gnu-tools-for-stm32.13.3.rel1.win32_1.0.0.202411081344/tools/bin/../lib/gcc/arm-none-eabi/13.3.1/../../../../arm-none-eabi/lib/thumb/v7e-m+fp/hard\libc_nano.a(libc_a-fstatr.o)
                0x08008730                _fstat_r
 .text._isatty_r
                0x08008754       0x20 C:/ST/STM32CubeIDE_1.10.1/STM32CubeIDE/plugins/com.st.stm32cube.ide.mcu.externaltools.gnu-tools-for-stm32.13.3.rel1.win32_1.0.0.202411081344/tools/bin/../lib/gcc/arm-none-eabi/13.3.1/../../../../arm-none-eabi/lib/thumb/v7e-m+fp/hard\libc_nano.a(libc_a-isattyr.o)
                0x08008754                _isatty_r
 .text._sbrk_r  0x08008774       0x20 C:/ST/STM32CubeIDE_1.10.1/STM32CubeIDE/plugins/com.st.stm32cube.ide.mcu.externaltools.gnu-tools-for-stm32.13.3.rel1.win32_1.0.0.202411081344/tools/bin/../lib/gcc/arm-none-eabi/13.3.1/../../../../arm-none-eabi/lib/thumb/v7e-m+fp/hard\libc_nano.a(libc_a-sbrkr.o)
                0x08008774                _sbrk_r
 .text.abort    0x08008794        0xe C:/ST/STM32CubeIDE_1.10.1/STM32CubeIDE/plugins/com.st.stm32cube.ide.mcu.externaltools.gnu-tools-for-stm32.13.3.rel1.win32_1.0.0.202411081344/tools/bin/../lib/gcc/arm-none-eabi/13.3.1/../../../../arm-none-eabi/lib/thumb/v7e-m+fp/hard\libc_nano.a(libc_a-abort.o)
                0x08008794                abort
 .text._calloc_r
                0x080087a2       0x28 C:/ST/STM32CubeIDE_1.10.1/STM32CubeIDE/plugins/com.st.stm32cube.ide.mcu.externaltools.gnu-tools-for-stm32.13.3.rel1.win32_1.0.0.202411081344/tools/bin/../lib/gcc/arm-none-eabi/13.3.1/../../../../arm-none-eabi/lib/thumb/v7e-m+fp/hard\libc_nano.a(libc_a-callocr.o)
                0x080087a2                _calloc_r
 .text._realloc_r
                0x080087ca       0x5c C:/ST/STM32CubeIDE_1.10.1/STM32CubeIDE/plugins/com.st.stm32cube.ide.mcu.externaltools.gnu-tools-for-stm32.13.3.rel1.win32_1.0.0.202411081344/tools/bin/../lib/gcc/arm-none-eabi/13.3.1/../../../../arm-none-eabi/lib/thumb/v7e-m+fp/hard\libc_nano.a(libc_a-reallocr.o)
                0x080087ca                _realloc_r
 .text._raise_r
                0x08008826       0x50 C:/ST/STM32CubeIDE_1.10.1/STM32CubeIDE/plugins/com.st.stm32cube.ide.mcu.externaltools.gnu-tools-for-stm32.13.3.rel1.win32_1.0.0.202411081344/tools/bin/../lib/gcc/arm-none-eabi/13.3.1/../../../../arm-none-eabi/lib/thumb/v7e-m+fp/hard\libc_nano.a(libc_a-signal.o)
                0x08008826                _raise_r
 *fill*         0x08008876        0x2 
 .text.raise    0x08008878       0x10 C:/ST/STM32CubeIDE_1.10.1/STM32CubeIDE/plugins/com.st.stm32cube.ide.mcu.externaltools.gnu-tools-for-stm32.13.3.rel1.win32_1.0.0.202411081344/tools/bin/../lib/gcc/arm-none-eabi/13.3.1/../../../../arm-none-eabi/lib/thumb/v7e-m+fp/hard\libc_nano.a(libc_a-signal.o)
                0x08008878                raise
 .text._kill_r  0x08008888       0x24 C:/ST/STM32CubeIDE_1.10.1/STM32CubeIDE/plugins/com.st.stm32cube.ide.mcu.externaltools.gnu-tools-for-stm32.13.3.rel1.win32_1.0.0.202411081344/tools/bin/../lib/gcc/arm-none-eabi/13.3.1/../../../../arm-none-eabi/lib/thumb/v7e-m+fp/hard\libc_nano.a(libc_a-signalr.o)
                0x08008888                _kill_r
 .text._getpid_r
                0x080088ac        0x4 C:/ST/STM32CubeIDE_1.10.1/STM32CubeIDE/plugins/com.st.stm32cube.ide.mcu.externaltools.gnu-tools-for-stm32.13.3.rel1.win32_1.0.0.202411081344/tools/bin/../lib/gcc/arm-none-eabi/13.3.1/../../../../arm-none-eabi/lib/thumb/v7e-m+fp/hard\libc_nano.a(libc_a-signalr.o)
                0x080088ac                _getpid_r
 .text._malloc_usable_size_r
                0x080088b0       0x10 C:/ST/STM32CubeIDE_1.10.1/STM32CubeIDE/plugins/com.st.stm32cube.ide.mcu.externaltools.gnu-tools-for-stm32.13.3.rel1.win32_1.0.0.202411081344/tools/bin/../lib/gcc/arm-none-eabi/13.3.1/../../../../arm-none-eabi/lib/thumb/v7e-m+fp/hard\libc_nano.a(libc_a-msizer.o)
                0x080088b0                _malloc_usable_size_r
 *(.glue_7)
 .glue_7        0x080088c0        0x0 linker stubs
 *(.glue_7t)
 .glue_7t       0x080088c0        0x0 linker stubs
 *(.eh_frame)
 .eh_frame      0x080088c0        0x0 C:/ST/STM32CubeIDE_1.10.1/STM32CubeIDE/plugins/com.st.stm32cube.ide.mcu.externaltools.gnu-tools-for-stm32.13.3.rel1.win32_1.0.0.202411081344/tools/bin/../lib/gcc/arm-none-eabi/13.3.1/thumb/v7e-m+fp/hard/crtbegin.o
 *(.init)
 .init          0x080088c0        0x4 C:/ST/STM32CubeIDE_1.10.1/STM32CubeIDE/plugins/com.st.stm32cube.ide.mcu.externaltools.gnu-tools-for-stm32.13.3.rel1.win32_1.0.0.202411081344/tools/bin/../lib/gcc/arm-none-eabi/13.3.1/thumb/v7e-m+fp/hard/crti.o
                0x080088c0                _init
 .init          0x080088c4        0x8 C:/ST/STM32CubeIDE_1.10.1/STM32CubeIDE/plugins/com.st.stm32cube.ide.mcu.externaltools.gnu-tools-for-stm32.13.3.rel1.win32_1.0.0.202411081344/tools/bin/../lib/gcc/arm-none-eabi/13.3.1/thumb/v7e-m+fp/hard/crtn.o
 *(.fini)
 .fini          0x080088cc        0x4 C:/ST/STM32CubeIDE_1.10.1/STM32CubeIDE/plugins/com.st.stm32cube.ide.mcu.externaltools.gnu-tools-for-stm32.13.3.rel1.win32_1.0.0.202411081344/tools/bin/../lib/gcc/arm-none-eabi/13.3.1/thumb/v7e-m+fp/hard/crti.o
                0x080088cc                _fini
 .fini          0x080088d0        0x8 C:/ST/STM32CubeIDE_1.10.1/STM32CubeIDE/plugins/com.st.stm32cube.ide.mcu.externaltools.gnu-tools-for-stm32.13.3.rel1.win32_1.0.0.202411081344/tools/bin/../lib/gcc/arm-none-eabi/13.3.1/thumb/v7e-m+fp/hard/crtn.o
                0x080088d8                        . = ALIGN (0x4)
                0x080088d8                        _etext = .

.vfp11_veneer   0x080088d8        0x0
 .vfp11_veneer  0x080088d8        0x0 linker stubs

.v4_bx          0x080088d8        0x0
 .v4_bx         0x080088d8        0x0 linker stubs

.iplt           0x080088d8        0x0
 .iplt          0x080088d8        0x0 C:/ST/STM32CubeIDE_1.10.1/STM32CubeIDE/plugins/com.st.stm32cube.ide.mcu.externaltools.gnu-tools-for-stm32.13.3.rel1.win32_1.0.0.202411081344/tools/bin/../lib/gcc/arm-none-eabi/13.3.1/thumb/v7e-m+fp/hard/crtbegin.o

.rodata         0x080088d8      0x5f4
                0x080088d8                        . = ALIGN (0x4)
 *(.rodata)
 .rodata        0x080088d8       0x88 ./Core/Src/Mx106v2.o
 .rodata        0x08008960       0x5c ./Core/Src/ROS2STM.o
 .rodata        0x080089bc       0x1a ./Core/Src/main.o
 *fill*         0x080089d6        0x2 
 .rodata        0x080089d8       0x25 ./Core/Src/ps4_parser.o
 *fill*         0x080089fd        0x3 
 .rodata        0x08008a00       0x86 ./Core/Src/stm32f4xx_it.o
 *(.rodata*)
 *fill*         0x08008a86        0x2 
 .rodata.STREAM_OFFSET_TAB
                0x08008a88        0x8 ./Core/Src/Mx106v2.o
 .rodata.STREAM_OFFSET_TAB
                0x08008a90        0x8 ./Core/Src/stm32f4xx_it.o
 .rodata.AHBPrescTable
                0x08008a98       0x10 ./Core/Src/system_stm32f4xx.o
                0x08008a98                AHBPrescTable
 .rodata.APBPrescTable
                0x08008aa8        0x8 ./Core/Src/system_stm32f4xx.o
                0x08008aa8                APBPrescTable
 .rodata.STREAM_OFFSET_TAB
                0x08008ab0        0x8 ./Core/Src/usart.o
 .rodata._strtod_l.str1.1
                0x08008ab8      0x1c0 C:/ST/STM32CubeIDE_1.10.1/STM32CubeIDE/plugins/com.st.stm32cube.ide.mcu.externaltools.gnu-tools-for-stm32.13.3.rel1.win32_1.0.0.202411081344/tools/bin/../lib/gcc/arm-none-eabi/13.3.1/../../../../arm-none-eabi/lib/thumb/v7e-m+fp/hard\libc_nano.a(libc_a-strtod.o)
                                  0xf (size before relaxing)
 .rodata.fpinan.0
                0x08008c78       0x14 C:/ST/STM32CubeIDE_1.10.1/STM32CubeIDE/plugins/com.st.stm32cube.ide.mcu.externaltools.gnu-tools-for-stm32.13.3.rel1.win32_1.0.0.202411081344/tools/bin/../lib/gcc/arm-none-eabi/13.3.1/../../../../arm-none-eabi/lib/thumb/v7e-m+fp/hard\libc_nano.a(libc_a-strtod.o)
 .rodata.fpi.1  0x08008c8c       0x14 C:/ST/STM32CubeIDE_1.10.1/STM32CubeIDE/plugins/com.st.stm32cube.ide.mcu.externaltools.gnu-tools-for-stm32.13.3.rel1.win32_1.0.0.202411081344/tools/bin/../lib/gcc/arm-none-eabi/13.3.1/../../../../arm-none-eabi/lib/thumb/v7e-m+fp/hard\libc_nano.a(libc_a-strtod.o)
 .rodata.tinytens
                0x08008ca0       0x28 C:/ST/STM32CubeIDE_1.10.1/STM32CubeIDE/plugins/com.st.stm32cube.ide.mcu.externaltools.gnu-tools-for-stm32.13.3.rel1.win32_1.0.0.202411081344/tools/bin/../lib/gcc/arm-none-eabi/13.3.1/../../../../arm-none-eabi/lib/thumb/v7e-m+fp/hard\libc_nano.a(libc_a-strtod.o)
 .rodata.strtok.str1.1
                0x08008cc8       0x71 C:/ST/STM32CubeIDE_1.10.1/STM32CubeIDE/plugins/com.st.stm32cube.ide.mcu.externaltools.gnu-tools-for-stm32.13.3.rel1.win32_1.0.0.202411081344/tools/bin/../lib/gcc/arm-none-eabi/13.3.1/../../../../arm-none-eabi/lib/thumb/v7e-m+fp/hard\libc_nano.a(libc_a-strtok.o)
 .rodata._setlocale_r.str1.1
                0x08008cc8        0x9 C:/ST/STM32CubeIDE_1.10.1/STM32CubeIDE/plugins/com.st.stm32cube.ide.mcu.externaltools.gnu-tools-for-stm32.13.3.rel1.win32_1.0.0.202411081344/tools/bin/../lib/gcc/arm-none-eabi/13.3.1/../../../../arm-none-eabi/lib/thumb/v7e-m+fp/hard\libc_nano.a(libc_a-locale.o)
 .rodata.str1.1
                0x08008cc8        0x2 C:/ST/STM32CubeIDE_1.10.1/STM32CubeIDE/plugins/com.st.stm32cube.ide.mcu.externaltools.gnu-tools-for-stm32.13.3.rel1.win32_1.0.0.202411081344/tools/bin/../lib/gcc/arm-none-eabi/13.3.1/../../../../arm-none-eabi/lib/thumb/v7e-m+fp/hard\libc_nano.a(libc_a-locale.o)
 .rodata.__assert_func.str1.1
                0x08008cc8       0x3d C:/ST/STM32CubeIDE_1.10.1/STM32CubeIDE/plugins/com.st.stm32cube.ide.mcu.externaltools.gnu-tools-for-stm32.13.3.rel1.win32_1.0.0.202411081344/tools/bin/../lib/gcc/arm-none-eabi/13.3.1/../../../../arm-none-eabi/lib/thumb/v7e-m+fp/hard\libc_nano.a(libc_a-assert.o)
 .rodata.__gethex.str1.1
                0x08008cc8       0x73 C:/ST/STM32CubeIDE_1.10.1/STM32CubeIDE/plugins/com.st.stm32cube.ide.mcu.externaltools.gnu-tools-for-stm32.13.3.rel1.win32_1.0.0.202411081344/tools/bin/../lib/gcc/arm-none-eabi/13.3.1/../../../../arm-none-eabi/lib/thumb/v7e-m+fp/hard\libc_nano.a(libc_a-gdtoa-gethex.o)
 .rodata._Balloc.str1.1
                0x08008cc8       0x70 C:/ST/STM32CubeIDE_1.10.1/STM32CubeIDE/plugins/com.st.stm32cube.ide.mcu.externaltools.gnu-tools-for-stm32.13.3.rel1.win32_1.0.0.202411081344/tools/bin/../lib/gcc/arm-none-eabi/13.3.1/../../../../arm-none-eabi/lib/thumb/v7e-m+fp/hard\libc_nano.a(libc_a-mprec.o)
 .rodata.__multadd.str1.1
                0x08008cc8       0x11 C:/ST/STM32CubeIDE_1.10.1/STM32CubeIDE/plugins/com.st.stm32cube.ide.mcu.externaltools.gnu-tools-for-stm32.13.3.rel1.win32_1.0.0.202411081344/tools/bin/../lib/gcc/arm-none-eabi/13.3.1/../../../../arm-none-eabi/lib/thumb/v7e-m+fp/hard\libc_nano.a(libc_a-mprec.o)
 .rodata.p05.0  0x08008cc8        0xc C:/ST/STM32CubeIDE_1.10.1/STM32CubeIDE/plugins/com.st.stm32cube.ide.mcu.externaltools.gnu-tools-for-stm32.13.3.rel1.win32_1.0.0.202411081344/tools/bin/../lib/gcc/arm-none-eabi/13.3.1/../../../../arm-none-eabi/lib/thumb/v7e-m+fp/hard\libc_nano.a(libc_a-mprec.o)
 *fill*         0x08008cd4        0x4 
 .rodata.__mprec_bigtens
                0x08008cd8       0x28 C:/ST/STM32CubeIDE_1.10.1/STM32CubeIDE/plugins/com.st.stm32cube.ide.mcu.externaltools.gnu-tools-for-stm32.13.3.rel1.win32_1.0.0.202411081344/tools/bin/../lib/gcc/arm-none-eabi/13.3.1/../../../../arm-none-eabi/lib/thumb/v7e-m+fp/hard\libc_nano.a(libc_a-mprec.o)
                0x08008cd8                __mprec_bigtens
 .rodata.__mprec_tens
                0x08008d00       0xc8 C:/ST/STM32CubeIDE_1.10.1/STM32CubeIDE/plugins/com.st.stm32cube.ide.mcu.externaltools.gnu-tools-for-stm32.13.3.rel1.win32_1.0.0.202411081344/tools/bin/../lib/gcc/arm-none-eabi/13.3.1/../../../../arm-none-eabi/lib/thumb/v7e-m+fp/hard\libc_nano.a(libc_a-mprec.o)
                0x08008d00                __mprec_tens
 .rodata._ctype_
                0x08008dc8      0x101 C:/ST/STM32CubeIDE_1.10.1/STM32CubeIDE/plugins/com.st.stm32cube.ide.mcu.externaltools.gnu-tools-for-stm32.13.3.rel1.win32_1.0.0.202411081344/tools/bin/../lib/gcc/arm-none-eabi/13.3.1/../../../../arm-none-eabi/lib/thumb/v7e-m+fp/hard\libc_nano.a(libc_a-ctype_.o)
                0x08008dc8                _ctype_
 .rodata._svfprintf_r.str1.1
                0x08008ec9       0x11 C:/ST/STM32CubeIDE_1.10.1/STM32CubeIDE/plugins/com.st.stm32cube.ide.mcu.externaltools.gnu-tools-for-stm32.13.3.rel1.win32_1.0.0.202411081344/tools/bin/../lib/gcc/arm-none-eabi/13.3.1/../../../../arm-none-eabi/lib/thumb/v7e-m+fp/hard\libc_nano.a(libc_a-nano-svfprintf.o)
 .rodata._vfprintf_r.str1.1
                0x08008ec9       0x11 C:/ST/STM32CubeIDE_1.10.1/STM32CubeIDE/plugins/com.st.stm32cube.ide.mcu.externaltools.gnu-tools-for-stm32.13.3.rel1.win32_1.0.0.202411081344/tools/bin/../lib/gcc/arm-none-eabi/13.3.1/../../../../arm-none-eabi/lib/thumb/v7e-m+fp/hard\libc_nano.a(libc_a-nano-vfprintf.o)
 .rodata._printf_i.str1.1
                0x08008ec9       0x22 C:/ST/STM32CubeIDE_1.10.1/STM32CubeIDE/plugins/com.st.stm32cube.ide.mcu.externaltools.gnu-tools-for-stm32.13.3.rel1.win32_1.0.0.202411081344/tools/bin/../lib/gcc/arm-none-eabi/13.3.1/../../../../arm-none-eabi/lib/thumb/v7e-m+fp/hard\libc_nano.a(libc_a-nano-vfprintf_i.o)
                0x08008eec                        . = ALIGN (0x4)
 *fill*         0x08008ec9        0x3 

.ARM.extab      0x08008ecc        0x0
                0x08008ecc                        . = ALIGN (0x4)
 *(.ARM.extab* .gnu.linkonce.armextab.*)
                0x08008ecc                        . = ALIGN (0x4)

.ARM            0x08008ecc        0x8
                0x08008ecc                        . = ALIGN (0x4)
                0x08008ecc                        __exidx_start = .
 *(.ARM.exidx*)
 .ARM.exidx     0x08008ecc        0x8 C:/ST/STM32CubeIDE_1.10.1/STM32CubeIDE/plugins/com.st.stm32cube.ide.mcu.externaltools.gnu-tools-for-stm32.13.3.rel1.win32_1.0.0.202411081344/tools/bin/../lib/gcc/arm-none-eabi/13.3.1/../../../../arm-none-eabi/lib/thumb/v7e-m+fp/hard\libc_nano.a(libc_a-memchr.o)
 .ARM.exidx     0x08008ed4        0x0 C:/ST/STM32CubeIDE_1.10.1/STM32CubeIDE/plugins/com.st.stm32cube.ide.mcu.externaltools.gnu-tools-for-stm32.13.3.rel1.win32_1.0.0.202411081344/tools/bin/../lib/gcc/arm-none-eabi/13.3.1/thumb/v7e-m+fp/hard\libgcc.a(_udivmoddi4.o)
                                  0x8 (size before relaxing)
                0x08008ed4                        __exidx_end = .
                0x08008ed4                        . = ALIGN (0x4)

.preinit_array  0x08008ed4        0x0
                0x08008ed4                        . = ALIGN (0x4)
                0x08008ed4                        PROVIDE (__preinit_array_start = .)
 *(.preinit_array*)
                0x08008ed4                        PROVIDE (__preinit_array_end = .)
                0x08008ed4                        . = ALIGN (0x4)

.init_array     0x08008ed4        0x4
                0x08008ed4                        . = ALIGN (0x4)
                0x08008ed4                        PROVIDE (__init_array_start = .)
 *(SORT_BY_NAME(.init_array.*))
 *(.init_array*)
 .init_array    0x08008ed4        0x4 C:/ST/STM32CubeIDE_1.10.1/STM32CubeIDE/plugins/com.st.stm32cube.ide.mcu.externaltools.gnu-tools-for-stm32.13.3.rel1.win32_1.0.0.202411081344/tools/bin/../lib/gcc/arm-none-eabi/13.3.1/thumb/v7e-m+fp/hard/crtbegin.o
                0x08008ed8                        PROVIDE (__init_array_end = .)
                0x08008ed8                        . = ALIGN (0x4)

.fini_array     0x08008ed8        0x4
                0x08008ed8                        . = ALIGN (0x4)
                [!provide]                        PROVIDE (__fini_array_start = .)
 *(SORT_BY_NAME(.fini_array.*))
 *(.fini_array*)
 .fini_array    0x08008ed8        0x4 C:/ST/STM32CubeIDE_1.10.1/STM32CubeIDE/plugins/com.st.stm32cube.ide.mcu.externaltools.gnu-tools-for-stm32.13.3.rel1.win32_1.0.0.202411081344/tools/bin/../lib/gcc/arm-none-eabi/13.3.1/thumb/v7e-m+fp/hard/crtbegin.o
                [!provide]                        PROVIDE (__fini_array_end = .)
                0x08008edc                        . = ALIGN (0x4)
                0x08008edc                        _sidata = LOADADDR (.data)

.rel.dyn        0x08008edc        0x0
 .rel.iplt      0x08008edc        0x0 C:/ST/STM32CubeIDE_1.10.1/STM32CubeIDE/plugins/com.st.stm32cube.ide.mcu.externaltools.gnu-tools-for-stm32.13.3.rel1.win32_1.0.0.202411081344/tools/bin/../lib/gcc/arm-none-eabi/13.3.1/thumb/v7e-m+fp/hard/crtbegin.o

.data           0x20000000      0x4a4 load address 0x08008edc
                0x20000000                        . = ALIGN (0x4)
                0x20000000                        _sdata = .
 *(.data)
 *(.data*)
 .data.dynamixel_Ready
                0x20000000        0x1 ./Core/Src/Mx106v2.o
                0x20000000                dynamixel_Ready
 .data.Packet_Return
                0x20000001        0x1 ./Core/Src/Mx106v2.o
                0x20000001                Packet_Return
 .data.Status_Return_Level
                0x20000002        0x1 ./Core/Src/Mx106v2.o
                0x20000002                Status_Return_Level
 *fill*         0x20000003        0x1 
 .data.Instruction_Packet_Array
                0x20000004       0xc8 ./Core/Src/Mx106v2.o
                0x20000004                Instruction_Packet_Array
 .data.crc_table
                0x200000cc      0x200 ./Core/Src/Mx106v2_CRC.o
                0x200000cc                crc_table
 .data.tx_data  0x200002cc        0x9 ./Core/Src/stm32f4xx_it.o
                0x200002cc                tx_data
 *fill*         0x200002d5        0x3 
 .data.SystemCoreClock
                0x200002d8        0x4 ./Core/Src/system_stm32f4xx.o
                0x200002d8                SystemCoreClock
 .data.__sglue  0x200002dc        0xc C:/ST/STM32CubeIDE_1.10.1/STM32CubeIDE/plugins/com.st.stm32cube.ide.mcu.externaltools.gnu-tools-for-stm32.13.3.rel1.win32_1.0.0.202411081344/tools/bin/../lib/gcc/arm-none-eabi/13.3.1/../../../../arm-none-eabi/lib/thumb/v7e-m+fp/hard\libc_nano.a(libc_a-findfp.o)
                0x200002dc                __sglue
 .data.__global_locale
                0x200002e8      0x16c C:/ST/STM32CubeIDE_1.10.1/STM32CubeIDE/plugins/com.st.stm32cube.ide.mcu.externaltools.gnu-tools-for-stm32.13.3.rel1.win32_1.0.0.202411081344/tools/bin/../lib/gcc/arm-none-eabi/13.3.1/../../../../arm-none-eabi/lib/thumb/v7e-m+fp/hard\libc_nano.a(libc_a-locale.o)
                0x200002e8                __global_locale
 .data._impure_ptr
                0x20000454        0x4 C:/ST/STM32CubeIDE_1.10.1/STM32CubeIDE/plugins/com.st.stm32cube.ide.mcu.externaltools.gnu-tools-for-stm32.13.3.rel1.win32_1.0.0.202411081344/tools/bin/../lib/gcc/arm-none-eabi/13.3.1/../../../../arm-none-eabi/lib/thumb/v7e-m+fp/hard\libc_nano.a(libc_a-impure.o)
                0x20000454                _impure_ptr
 .data._impure_data
                0x20000458       0x4c C:/ST/STM32CubeIDE_1.10.1/STM32CubeIDE/plugins/com.st.stm32cube.ide.mcu.externaltools.gnu-tools-for-stm32.13.3.rel1.win32_1.0.0.202411081344/tools/bin/../lib/gcc/arm-none-eabi/13.3.1/../../../../arm-none-eabi/lib/thumb/v7e-m+fp/hard\libc_nano.a(libc_a-impure.o)
                0x20000458                _impure_data
 *(.RamFunc)
 *(.RamFunc*)
                0x200004a4                        . = ALIGN (0x4)
                0x200004a4                        _edata = .

.igot.plt       0x200004a4        0x0 load address 0x08009380
 .igot.plt      0x200004a4        0x0 C:/ST/STM32CubeIDE_1.10.1/STM32CubeIDE/plugins/com.st.stm32cube.ide.mcu.externaltools.gnu-tools-for-stm32.13.3.rel1.win32_1.0.0.202411081344/tools/bin/../lib/gcc/arm-none-eabi/13.3.1/thumb/v7e-m+fp/hard/crtbegin.o
                0x200004a4                        . = ALIGN (0x4)

.bss            0x200004a4      0x5d8 load address 0x08009380
                0x200004a4                        _sbss = .
                0x200004a4                        __bss_start__ = _sbss
 *(.bss)
 .bss           0x200004a4       0x1c C:/ST/STM32CubeIDE_1.10.1/STM32CubeIDE/plugins/com.st.stm32cube.ide.mcu.externaltools.gnu-tools-for-stm32.13.3.rel1.win32_1.0.0.202411081344/tools/bin/../lib/gcc/arm-none-eabi/13.3.1/thumb/v7e-m+fp/hard/crtbegin.o
 *(.bss*)
 .bss.dynamixel_position
                0x200004c0       0x4c ./Core/Src/Mx106v2.o
                0x200004c0                dynamixel_position
 .bss.Is_dynamixel_GetData
                0x2000050c        0x1 ./Core/Src/Mx106v2.o
                0x2000050c                Is_dynamixel_GetData
 *fill*         0x2000050d        0x3 
 .bss.Status_packet_length
                0x20000510        0x4 ./Core/Src/Mx106v2.o
                0x20000510                Status_packet_length
 .bss.Status_Packet_Array
                0x20000514       0x19 ./Core/Src/Mx106v2.o
                0x20000514                Status_Packet_Array
 *fill*         0x2000052d        0x1 
 .bss.crc       0x2000052e        0x2 ./Core/Src/Mx106v2.o
                0x2000052e                crc
 .bss.start_trans_mx
                0x20000530        0x1 ./Core/Src/main.o
                0x20000530                start_trans_mx
 .bss.rx_data   0x20000531        0x1 ./Core/Src/stm32f4xx_it.o
                0x20000531                rx_data
 .bss.rx_index  0x20000532        0x2 ./Core/Src/stm32f4xx_it.o
                0x20000532                rx_index
 .bss.rx_buffer
                0x20000534      0x3e8 ./Core/Src/stm32f4xx_it.o
                0x20000534                rx_buffer
 .bss.data_ready
                0x2000091c        0x1 ./Core/Src/stm32f4xx_it.o
                0x2000091c                data_ready
 *fill*         0x2000091d        0x3 
 .bss.uart5_rx_buffer