../Drivers/CMSIS/Include/core_cm4.h:1684:22:__NVIC_EnableIRQ	16	static,ignoring_inline_asm
../Drivers/CMSIS/Include/core_cm4.h:1814:22:__NVIC_SetPriority	16	static
../Drivers/STM32F4xx_HAL_Driver/Inc/stm32f4xx_ll_dma.h:494:22:LL_DMA_EnableStream	16	static
../Drivers/STM32F4xx_HAL_Driver/Inc/stm32f4xx_ll_dma.h:514:22:LL_DMA_DisableStream	16	static
../Drivers/STM32F4xx_HAL_Driver/Inc/stm32f4xx_ll_dma.h:595:22:LL_DMA_SetDataTransferDirection	24	static
../Drivers/STM32F4xx_HAL_Driver/Inc/stm32f4xx_ll_dma.h:643:22:LL_DMA_SetMode	24	static
../Drivers/STM32F4xx_HAL_Driver/Inc/stm32f4xx_ll_dma.h:690:22:LL_DMA_SetPeriphIncMode	24	static
../Drivers/STM32F4xx_HAL_Driver/Inc/stm32f4xx_ll_dma.h:735:22:LL_DMA_SetMemoryIncMode	24	static
../Drivers/STM32F4xx_HAL_Driver/Inc/stm32f4xx_ll_dma.h:781:22:LL_DMA_SetPeriphSize	24	static
../Drivers/STM32F4xx_HAL_Driver/Inc/stm32f4xx_ll_dma.h:828:22:LL_DMA_SetMemorySize	24	static
../Drivers/STM32F4xx_HAL_Driver/Inc/stm32f4xx_ll_dma.h:921:22:LL_DMA_SetStreamPriorityLevel	24	static
../Drivers/STM32F4xx_HAL_Driver/Inc/stm32f4xx_ll_dma.h:968:22:LL_DMA_SetDataLength	24	static
../Drivers/STM32F4xx_HAL_Driver/Inc/stm32f4xx_ll_dma.h:1019:22:LL_DMA_SetChannelSelection	24	static
../Drivers/STM32F4xx_HAL_Driver/Inc/stm32f4xx_ll_dma.h:1436:22:LL_DMA_SetMemoryAddress	24	static
../Drivers/STM32F4xx_HAL_Driver/Inc/stm32f4xx_ll_dma.h:1459:22:LL_DMA_SetPeriphAddress	24	static
../Drivers/STM32F4xx_HAL_Driver/Inc/stm32f4xx_ll_dma.h:2188:22:LL_DMA_ClearFlag_TC1	16	static
../Drivers/STM32F4xx_HAL_Driver/Inc/stm32f4xx_ll_dma.h:2199:22:LL_DMA_ClearFlag_TC2	16	static
../Drivers/STM32F4xx_HAL_Driver/Inc/stm32f4xx_ll_dma.h:2221:22:LL_DMA_ClearFlag_TC4	16	static
../Drivers/STM32F4xx_HAL_Driver/Inc/stm32f4xx_ll_dma.h:2243:22:LL_DMA_ClearFlag_TC6	16	static
../Drivers/STM32F4xx_HAL_Driver/Inc/stm32f4xx_ll_dma.h:2586:22:LL_DMA_EnableIT_TC	16	static
../Drivers/STM32F4xx_HAL_Driver/Inc/stm32f4xx_ll_usart.h:1792:26:LL_USART_IsActiveFlag_RXNE	16	static
../Drivers/STM32F4xx_HAL_Driver/Inc/stm32f4xx_ll_usart.h:1803:26:LL_USART_IsActiveFlag_TC	16	static
../Drivers/STM32F4xx_HAL_Driver/Inc/stm32f4xx_ll_usart.h:1968:22:LL_USART_ClearFlag_TC	16	static
../Drivers/STM32F4xx_HAL_Driver/Inc/stm32f4xx_ll_usart.h:2046:22:LL_USART_EnableIT_TC	40	static,ignoring_inline_asm
../Drivers/STM32F4xx_HAL_Driver/Inc/stm32f4xx_ll_usart.h:2316:22:LL_USART_EnableDMAReq_RX	40	static,ignoring_inline_asm
../Drivers/STM32F4xx_HAL_Driver/Inc/stm32f4xx_ll_usart.h:2349:22:LL_USART_EnableDMAReq_TX	40	static,ignoring_inline_asm
../Drivers/STM32F4xx_HAL_Driver/Inc/stm32f4xx_ll_usart.h:2383:26:LL_USART_DMA_GetRegAddr	16	static
../Drivers/STM32F4xx_HAL_Driver/Inc/stm32f4xx_ll_usart.h:2403:25:LL_USART_ReceiveData8	16	static
../Drivers/STM32F4xx_HAL_Driver/Inc/stm32f4xx_ll_usart.h:2426:22:LL_USART_TransmitData8	16	static
../Drivers/STM32F4xx_HAL_Driver/Inc/stm32f4xx_ll_gpio.h:881:22:LL_GPIO_SetOutputPin	16	static
../Core/Src/Mx106v2.c:43:6:UART4_DMA_Config	8	static
../Core/Src/Mx106v2.c:69:6:MX_DMA_RX_UART4_Init	8	static
../Core/Src/Mx106v2.c:89:6:USART6_DMA_Config	8	static
../Core/Src/Mx106v2.c:115:6:MX_DMA_RX_USART6_Init	8	static
../Core/Src/Mx106v2.c:139:6:debugInstructionframe	16	static
../Core/Src/Mx106v2.c:148:6:debugStatusframe	16	static
../Core/Src/Mx106v2.c:157:6:transmitInstructionPacket4	16	static
../Core/Src/Mx106v2.c:184:6:transmitInstructionPacket6	16	static
../Core/Src/Mx106v2.c:208:6:readStatusPacket4	24	static
../Core/Src/Mx106v2.c:227:6:readStatusPacket6	24	static
../Core/Src/Mx106v2.c:237:6:readStatusPacket_pos_DMA	16	static
../Core/Src/Mx106v2.c:243:6:readStatusPacket_PING	16	static
../Core/Src/Mx106v2.c:249:9:Reboot	24	static
../Core/Src/Mx106v2.c:273:9:OperatingMode	24	static
../Core/Src/Mx106v2.c:315:6:Read_Operating_Mode	24	static
../Core/Src/Mx106v2.c:344:9:TorqueEnable	16	static
../Core/Src/Mx106v2.c:382:9:StatusReturnLevel	16	static
../Core/Src/Mx106v2.c:418:9:Velocity_PI	16	static
../Core/Src/Mx106v2.c:456:9:Position_PID	24	static
../Core/Src/Mx106v2.c:495:9:Velocity	16	static
../Core/Src/Mx106v2.c:536:9:PositionWithVelocity	24	static
../Core/Src/Mx106v2.c:581:9:Position	16	static
../Core/Src/Mx106v2.c:618:9:ReadPosition	16	static
../Core/Src/Mx106v2.c:652:9:Read_TorqueEnable	16	static
../Core/Src/Mx106v2.c:681:6:PING	24	static
../Core/Src/Mx106v2.c:710:6:SyncRead_Position	24	static
../Core/Src/Mx106v2.c:737:6:SyncWrite_DisableDynamixels	24	static
../Core/Src/Mx106v2.c:762:6:SyncWrite_EnableDynamixels	24	static
../Core/Src/Mx106v2.c:786:6:SyncWrite_StatusReturnLevel	24	static
../Core/Src/Mx106v2.c:812:6:SyncWrite_Velocity	32	static
../Core/Src/Mx106v2.c:844:6:SyncWrite_VelocityProfile	32	static
../Core/Src/Mx106v2.c:872:6:SyncWrite_Position	32	static
../Core/Src/Mx106v2.c:900:6:SyncWrite_PositionWithVelocityProfile	32	static
../Core/Src/Mx106v2.c:932:6:SyncLED_Disable	24	static
../Core/Src/Mx106v2.c:957:6:SyncLED_Enable	24	static
../Core/Src/Mx106v2.c:983:6:InitializeDynamixelSetting	16	static
../Core/Src/Mx106v2.c:990:6:SetDynamixelPID	8	static
../Core/Src/Mx106v2.c:1046:6:InitializeDynamixelPosition	24	static
../Core/Src/Mx106v2.c:1134:6:ChangeOperatingMode	32	static
